Archive member included to satisfy reference by file (symbol)

C:\Users\Usin\Desktop\Projects\Metro\Embedded System project - ARM\FreeRTOS\Debug\libfreertos.a(queue.o)
                              ./src/Lab06_01_stepper_motor_cmd.o (xQueueGenericCreate)
C:\Users\Usin\Desktop\Projects\Metro\Embedded System project - ARM\FreeRTOS\Debug\libfreertos.a(tasks.o)
                              ./src/Lab06_01_stepper_motor_cmd.o (xTaskCreate)
C:\Users\Usin\Desktop\Projects\Metro\Embedded System project - ARM\FreeRTOS\Debug\libfreertos.a(heap_3.o)
                              C:\Users\Usin\Desktop\Projects\Metro\Embedded System project - ARM\FreeRTOS\Debug\libfreertos.a(queue.o) (pvPortMalloc)
C:\Users\Usin\Desktop\Projects\Metro\Embedded System project - ARM\FreeRTOS\Debug\libfreertos.a(port.o)
                              C:\Users\Usin\Desktop\Projects\Metro\Embedded System project - ARM\FreeRTOS\Debug\libfreertos.a(tasks.o) (pxPortInitialiseStack)
C:\Users\Usin\Desktop\Projects\Metro\Embedded System project - ARM\FreeRTOS\Debug\libfreertos.a(FreeRTOSCommonHooks.o)
                              C:\Users\Usin\Desktop\Projects\Metro\Embedded System project - ARM\FreeRTOS\Debug\libfreertos.a(heap_3.o) (vApplicationMallocFailedHook)
C:\Users\Usin\Desktop\Projects\Metro\Embedded System project - ARM\FreeRTOS\Debug\libfreertos.a(list.o)
                              C:\Users\Usin\Desktop\Projects\Metro\Embedded System project - ARM\FreeRTOS\Debug\libfreertos.a(queue.o) (vListInitialise)
C:\Users\Usin\Desktop\Projects\Metro\Embedded System project - ARM\lpc_board_nxp_lpcxpresso_1549\Debug\liblpc_board_nxp_lpcxpresso_1549.a(board.o)
                              ./src/Lab06_01_stepper_motor_cmd.o (Board_UARTPutChar)
C:\Users\Usin\Desktop\Projects\Metro\Embedded System project - ARM\lpc_board_nxp_lpcxpresso_1549\Debug\liblpc_board_nxp_lpcxpresso_1549.a(board_sysinit.o)
                              ./src/sysinit.o (Board_SystemInit)
C:\Users\Usin\Desktop\Projects\Metro\Embedded System project - ARM\lpc_chip_15xx\Debug\liblpc_chip_15xx.a(chip_15xx.o)
                              C:\Users\Usin\Desktop\Projects\Metro\Embedded System project - ARM\FreeRTOS\Debug\libfreertos.a(port.o) (SystemCoreClock)
C:\Users\Usin\Desktop\Projects\Metro\Embedded System project - ARM\lpc_chip_15xx\Debug\liblpc_chip_15xx.a(clock_15xx.o)
                              C:\Users\Usin\Desktop\Projects\Metro\Embedded System project - ARM\lpc_board_nxp_lpcxpresso_1549\Debug\liblpc_board_nxp_lpcxpresso_1549.a(board.o) (Chip_Clock_GetMainClockRate)
C:\Users\Usin\Desktop\Projects\Metro\Embedded System project - ARM\lpc_chip_15xx\Debug\liblpc_chip_15xx.a(gpio_15xx.o)
                              C:\Users\Usin\Desktop\Projects\Metro\Embedded System project - ARM\lpc_board_nxp_lpcxpresso_1549\Debug\liblpc_board_nxp_lpcxpresso_1549.a(board.o) (Chip_GPIO_Init)
C:\Users\Usin\Desktop\Projects\Metro\Embedded System project - ARM\lpc_chip_15xx\Debug\liblpc_chip_15xx.a(iocon_15xx.o)
                              C:\Users\Usin\Desktop\Projects\Metro\Embedded System project - ARM\lpc_board_nxp_lpcxpresso_1549\Debug\liblpc_board_nxp_lpcxpresso_1549.a(board_sysinit.o) (Chip_IOCON_SetPinMuxing)
C:\Users\Usin\Desktop\Projects\Metro\Embedded System project - ARM\lpc_chip_15xx\Debug\liblpc_chip_15xx.a(ritimer_15xx.o)
                              ./src/Lab06_01_stepper_motor_cmd.o (Chip_RIT_SetCTRL)
C:\Users\Usin\Desktop\Projects\Metro\Embedded System project - ARM\lpc_chip_15xx\Debug\liblpc_chip_15xx.a(sct_15xx.o)
                              ./src/Lab06_01_stepper_motor_cmd.o (Chip_SCT_Init)
C:\Users\Usin\Desktop\Projects\Metro\Embedded System project - ARM\lpc_chip_15xx\Debug\liblpc_chip_15xx.a(swm_15xx.o)
                              ./src/ITM_write.o (Chip_SWM_MovablePinAssign)
C:\Users\Usin\Desktop\Projects\Metro\Embedded System project - ARM\lpc_chip_15xx\Debug\liblpc_chip_15xx.a(sysctl_15xx.o)
                              C:\Users\Usin\Desktop\Projects\Metro\Embedded System project - ARM\lpc_board_nxp_lpcxpresso_1549\Debug\liblpc_board_nxp_lpcxpresso_1549.a(board_sysinit.o) (Chip_SYSCTL_AssertPeriphReset)
C:\Users\Usin\Desktop\Projects\Metro\Embedded System project - ARM\lpc_chip_15xx\Debug\liblpc_chip_15xx.a(sysinit_15xx.o)
                              C:\Users\Usin\Desktop\Projects\Metro\Embedded System project - ARM\lpc_board_nxp_lpcxpresso_1549\Debug\liblpc_board_nxp_lpcxpresso_1549.a(board_sysinit.o) (Chip_SetupXtalClocking)
C:\Users\Usin\Desktop\Projects\Metro\Embedded System project - ARM\lpc_chip_15xx\Debug\liblpc_chip_15xx.a(uart_15xx.o)
                              C:\Users\Usin\Desktop\Projects\Metro\Embedded System project - ARM\lpc_board_nxp_lpcxpresso_1549\Debug\liblpc_board_nxp_lpcxpresso_1549.a(board.o) (Chip_UART_Init)
C:\Users\Usin\Desktop\Projects\Metro\Embedded System project - ARM\lpc_chip_15xx\Debug\liblpc_chip_15xx.a(ring_buffer.o)
[...]
Memory Configuration

Name             Origin             Length             Attributes
MFlash256        0x00000000         0x00040000         xr
Ram0_16_32       0x02000000         0x00008000         xrw
Ram2_4           0x02008000         0x00001000         xrw
*default*        0x00000000         0xffffffff

Linker script and memory map

LOAD ./src/DigitalIoPin.o
LOAD ./src/Fmutex.o
LOAD ./src/ITM_write.o
LOAD ./src/Lab06_01_stepper_motor_cmd.o
LOAD ./src/cdc_desc.o
LOAD ./src/cdc_main.o
LOAD ./src/cdc_vcom.o
LOAD ./src/cr_cpp_config.o
LOAD ./src/cr_startup_lpc15xx.o
LOAD ./src/crp.o
LOAD ./src/sysinit.o
LOAD C:\Users\Usin\Desktop\Projects\Metro\Embedded System project - ARM\FreeRTOS\Debug\libfreertos.a
LOAD C:\Users\Usin\Desktop\Projects\Metro\Embedded System project - ARM\lpc_board_nxp_lpcxpresso_1549\Debug\liblpc_board_nxp_lpcxpresso_1549.a
LOAD C:\Users\Usin\Desktop\Projects\Metro\Embedded System project - ARM\lpc_chip_15xx\Debug\liblpc_chip_15xx.a
LOAD C:\Users\Usin\Desktop\Projects\Metro\Embedded System project - ARM\FreeRTOS\Debug\libFreeRTOS.a
START GROUP
LOAD c:/nxp/mcuxpressoide_10.2.1_795/ide/tools/bin/../lib/gcc/arm-none-eabi/7.2.1/thumb/v7-m\libgcc.a
LOAD c:/nxp/mcuxpressoide_10.2.1_795/ide/tools/bin/../lib/gcc/arm-none-eabi/7.2.1/../../../../arm-none-eabi/lib/thumb/v7-m\libc.a
LOAD c:/nxp/mcuxpressoide_10.2.1_795/ide/tools/bin/../lib/gcc/arm-none-eabi/7.2.1/../../../../arm-none-eabi/lib/thumb/v7-m\libstdc++.a
LOAD c:/nxp/mcuxpressoide_10.2.1_795/ide/tools/bin/../lib/gcc/arm-none-eabi/7.2.1/../../../../arm-none-eabi/lib/thumb/v7-m\libm.a
LOAD c:/nxp/mcuxpressoide_10.2.1_795/ide/tools/bin/../lib/gcc/arm-none-eabi/7.2.1/../../../../arm-none-eabi/lib/thumb/v7-m\libcr_newlib_nohost.a
LOAD c:/nxp/mcuxpressoide_10.2.1_795/ide/tools/bin/../lib/gcc/arm-none-eabi/7.2.1/thumb/v7-m\crti.o
LOAD c:/nxp/mcuxpressoide_10.2.1_795/ide/tools/bin/../lib/gcc/arm-none-eabi/7.2.1/thumb/v7-m\crtn.o
LOAD c:/nxp/mcuxpressoide_10.2.1_795/ide/tools/bin/../lib/gcc/arm-none-eabi/7.2.1/thumb/v7-m\crtbegin.o
LOAD c:/nxp/mcuxpressoide_10.2.1_795/ide/tools/bin/../lib/gcc/arm-none-eabi/7.2.1/thumb/v7-m\crtend.o
END GROUP
                0x00000000                __base_MFlash256 = 0x0
                0x00000000                __base_Flash = 0x0
                0x00040000                __top_MFlash256 = 0x40000
                0x00040000                __top_Flash = 0x40000
                0x02000000                __base_Ram0_16_32 = 0x2000000
                0x02000000                __base_RAM = 0x2000000
                0x02008000                __top_Ram0_16_32 = 0x2008000
                0x02008000                __top_RAM = 0x2008000
                0x02008000                __base_Ram2_4 = 0x2008000
                0x02008000                __base_RAM2 = 0x2008000
                0x02009000                __top_Ram2_4 = 0x2009000
                0x02009000                __top_RAM2 = 0x2009000

.text           0x00000000     0xb80c
 FILL mask 0xff
                0x00000000                __vectors_start__ = ABSOLUTE (.)
 *(.isr_vector)
 .isr_vector    0x00000000       0xfc ./src/cr_startup_lpc15xx.o
                0x00000000                g_pfnVectors
                0x000000fc                . = ALIGN (0x4)
                0x000000fc                __section_table_start = .
                0x000000fc                __data_section_table = .
                0x000000fc        0x4 LONG 0xb814 LOADADDR (.data)
                0x00000100        0x4 LONG 0x2000000 ADDR (.data)
                0x00000104        0x4 LONG 0x9ac SIZEOF (.data)
                0x00000108        0x4 LONG 0xb814 LOADADDR (.data_RAM2)
                0x0000010c        0x4 LONG 0x2008000 ADDR (.data_RAM2)
                0x00000110        0x4 LONG 0x0 SIZEOF (.data_RAM2)
                0x00000114                __data_section_table_end = .
                0x00000114                __bss_section_table = .
                0x00000114        0x4 LONG 0x20009ac ADDR (.bss)
                0x00000118        0x4 LONG 0x1e0 SIZEOF (.bss)
                0x0000011c        0x4 LONG 0x2008000 ADDR (.bss_RAM2)
                0x00000120        0x4 LONG 0x0 SIZEOF (.bss_RAM2)
                0x00000124                __bss_section_table_end = .
                0x00000124                __section_table_end = .
 *(.after_vectors*)
 .after_vectors
                0x00000124      0x140 ./src/cr_startup_lpc15xx.o
                0x00000124                data_init(unsigned int, unsigned int, unsigned int)
                0x00000166                bss_init(unsigned int, unsigned int)
                0x0000019c                ResetISR
                0x00000228                NMI_Handler
                0x0000022e                HardFault_Handler
                0x00000234                MemManage_Handler
                0x0000023a                BusFault_Handler
                0x00000240                UsageFault_Handler
                0x0000024c                DebugMon_Handler
                0x0000025e                RTC_WAKE_IRQHandler
                0x0000025e                UART0_IRQHandler
                0x0000025e                UART1_IRQHandler
                0x0000025e                MRT_IRQHandler
                0x0000025e                SPI1_IRQHandler
                0x0000025e                PIN_INT6_IRQHandler
                0x0000025e                IntDefaultHandler
                0x0000025e                PIN_INT4_IRQHandler
                0x0000025e                CAN_IRQHandler
                0x0000025e                RTC_ALARM_IRQHandler
                0x0000025e                ADC1B_IRQHandler
                0x0000025e                ADC1_OVR_IRQHandler
                0x0000025e                USBWakeup_IRQHandler
                0x0000025e                UART2_IRQHandler
                0x0000025e                ADC1_THCMP_IRQHandler
                0x0000025e                SCT1_IRQHandler
                0x0000025e                PIN_INT2_IRQHandler
                0x0000025e                USB_FIQHandler
                0x0000025e                SCT3_IRQHandler
                0x0000025e                PIN_INT7_IRQHandler
                0x0000025e                ADC0_OVR_IRQHandler
                0x0000025e                PIN_INT1_IRQHandler
                0x0000025e                BOD_IRQHandler
                0x0000025e                ADC0B_IRQHandler
                0x0000025e                ACMP0_IRQHandler
                0x0000025e                I2C0_IRQHandler
                0x0000025e                SCT2_IRQHandler
                0x0000025e                WDT_IRQHandler
                0x0000025e                PIN_INT0_IRQHandler
                0x0000025e                QEI_IRQHandler
                0x0000025e                ACMP3_IRQHandler
                0x0000025e                GINT0_IRQHandler
                0x0000025e                DAC_IRQHandler
                0x0000025e                SPI0_IRQHandler
                0x0000025e                EEPROM_IRQHandler
                0x0000025e                ACMP2_IRQHandler
                0x0000025e                PIN_INT5_IRQHandler
                0x0000025e                ADC1A_IRQHandler
                0x0000025e                DMA_IRQHandler
                0x0000025e                PIN_INT3_IRQHandler
                0x0000025e                ACMP1_IRQHandler
                0x0000025e                SCT0_IRQHandler
                0x0000025e                ADC0A_IRQHandler
                0x0000025e                FMC_IRQHandler
                0x0000025e                GINT1_IRQHandler
                0x0000025e                ADC0_THCMP_IRQHandler
 *(.text*)
 .text.Chip_IOCON_PinMuxSet
                0x00000264       0x2c ./src/DigitalIoPin.o
 .text.Chip_GPIO_SetPinState
                0x00000290       0x36 ./src/DigitalIoPin.o
 .text.Chip_GPIO_GetPinState
                0x000002c6       0x34 ./src/DigitalIoPin.o
 .text.Chip_GPIO_SetPinDIROutput
                0x000002fa       0x3c ./src/DigitalIoPin.o
 .text.Chip_GPIO_SetPinDIRInput
                0x00000336       0x3e ./src/DigitalIoPin.o
 .text._ZN12DigitalIoPinC2EiiNS_7pinModeEb
                0x00000374       0xc0 ./src/DigitalIoPin.o
                0x00000374                DigitalIoPin::DigitalIoPin(int, int, DigitalIoPin::pinMode, bool)
                0x00000374                DigitalIoPin::DigitalIoPin(int, int, DigitalIoPin::pinMode, bool)
 .text._ZN12DigitalIoPinD2Ev
                0x00000434       0x20 ./src/DigitalIoPin.o
                0x00000434                DigitalIoPin::~DigitalIoPin()
                0x00000434                DigitalIoPin::~DigitalIoPin()
 .text._ZN12DigitalIoPinD0Ev
                0x00000454       0x1e ./src/DigitalIoPin.o
                0x00000454                DigitalIoPin::~DigitalIoPin()
 .text._ZN12DigitalIoPin4readEv
                0x00000472       0x28 ./src/DigitalIoPin.o
                0x00000472                DigitalIoPin::read()
 .text._ZN12DigitalIoPin5writeEb
                0x0000049a       0x2a ./src/DigitalIoPin.o
                0x0000049a                DigitalIoPin::write(bool)
 .text.Chip_SWM_MovablePortPinAssign
                0x000004c4       0x30 ./src/ITM_write.o
 .text.ITM_init
                0x000004f4       0x12 ./src/ITM_write.o
                0x000004f4                ITM_init
 *fill*         0x00000506        0x2 ff
 .text.NVIC_EnableIRQ
                0x00000508       0x30 ./src/Lab06_01_stepper_motor_cmd.o
 .text.NVIC_DisableIRQ
                0x00000538       0x34 ./src/Lab06_01_stepper_motor_cmd.o
 .text.NVIC_SetPriority
                0x0000056c       0x54 ./src/Lab06_01_stepper_motor_cmd.o
 .text.Chip_RIT_Enable
                0x000005c0       0x18 ./src/Lab06_01_stepper_motor_cmd.o
 .text.Chip_RIT_Disable
                0x000005d8       0x18 ./src/Lab06_01_stepper_motor_cmd.o
 .text.Chip_RIT_EnableCompClear
                0x000005f0       0x18 ./src/Lab06_01_stepper_motor_cmd.o
 .text.Chip_RIT_ClearIntStatus
                0x00000608       0x18 ./src/Lab06_01_stepper_motor_cmd.o
 .text.vConfigureTimerForRunTimeStats
                0x00000620       0x20 ./src/Lab06_01_stepper_motor_cmd.o
                0x00000620                vConfigureTimerForRunTimeStats
 .text.RIT_IRQHandler
                0x00000640      0x108 ./src/Lab06_01_stepper_motor_cmd.o
                0x00000640                RIT_IRQHandler
 .text._Z9RIT_startii
                0x00000748       0xb4 ./src/Lab06_01_stepper_motor_cmd.o
                0x00000748                RIT_start(int, int)
 .text._ZL16prvSetupHardwarev
                0x000007fc       0x30 ./src/Lab06_01_stepper_motor_cmd.o
 .text._ZL13control_motorPv
                0x0000082c      0x10c ./src/Lab06_01_stepper_motor_cmd.o
 .text._ZL8readUARTPv
                0x00000938      0x1a0 ./src/Lab06_01_stepper_motor_cmd.o
 .text.main     0x00000ad8       0x68 ./src/Lab06_01_stepper_motor_cmd.o
                0x00000ad8                main
 .text._Z41__static_initialization_and_destruction_0ii
                0x00000b40       0x38 ./src/Lab06_01_stepper_motor_cmd.o
 .text._GLOBAL__sub_I_RIT_count
                0x00000b78       0x10 ./src/Lab06_01_stepper_motor_cmd.o
 .text.USB_IRQHandler
                0x00000b88       0x58 ./src/cdc_main.o
                0x00000b88                USB_IRQHandler
 .text._ZdlPv   0x00000be0       0x16 ./src/cr_cpp_config.o
                0x00000be0                operator delete(void*)
 .text.SystemInit
                0x00000bf6        0xc ./src/sysinit.o
                0x00000bf6                SystemInit
 *fill*         0x00000c02        0x2 ff
 .text.xQueueGenericReset
                0x00000c04       0xb4 C:\Users\Usin\Desktop\Projects\Metro\Embedded System project - ARM\FreeRTOS\Debug\libfreertos.a(queue.o)
                0x00000c04                xQueueGenericReset
 .text.xQueueGenericCreate
                0x00000cb8       0x58 C:\Users\Usin\Desktop\Projects\Metro\Embedded System project - ARM\FreeRTOS\Debug\libfreertos.a(queue.o)
                0x00000cb8                xQueueGenericCreate
 .text.prvInitialiseNewQueue
                0x00000d10       0x46 C:\Users\Usin\Desktop\Projects\Metro\Embedded System project - ARM\FreeRTOS\Debug\libfreertos.a(queue.o)
 *fill*         0x00000d56        0x2 ff
 .text.xQueueGenericSend
                0x00000d58      0x154 C:\Users\Usin\Desktop\Projects\Metro\Embedded System project - ARM\FreeRTOS\Debug\libfreertos.a(queue.o)
                0x00000d58                xQueueGenericSend
 .text.xQueueGiveFromISR
                0x00000eac       0xa6 C:\Users\Usin\Desktop\Projects\Metro\Embedded System project - ARM\FreeRTOS\Debug\libfreertos.a(queue.o)
                0x00000eac                xQueueGiveFromISR
 *fill*         0x00000f52        0x2 ff
 .text.xQueueReceive
                0x00000f54      0x144 C:\Users\Usin\Desktop\Projects\Metro\Embedded System project - ARM\FreeRTOS\Debug\libfreertos.a(queue.o)
                0x00000f54                xQueueReceive
 .text.xQueueSemaphoreTake
                0x00001098      0x190 C:\Users\Usin\Desktop\Projects\Metro\Embedded System project - ARM\FreeRTOS\Debug\libfreertos.a(queue.o)
                0x00001098                xQueueSemaphoreTake
 .text.prvGetDisinheritPriorityAfterTimeout
                0x00001228       0x2e C:\Users\Usin\Desktop\Projects\Metro\Embedded System project - ARM\FreeRTOS\Debug\libfreertos.a(queue.o)
 .text.prvCopyDataToQueue
                0x00001256       0xd4 C:\Users\Usin\Desktop\Projects\Metro\Embedded System project - ARM\FreeRTOS\Debug\libfreertos.a(queue.o)
 .text.prvCopyDataFromQueue
                0x0000132a       0x4c C:\Users\Usin\Desktop\Projects\Metro\Embedded System project - ARM\FreeRTOS\Debug\libfreertos.a(queue.o)
 .text.prvUnlockQueue
                0x00001376       0xa4 C:\Users\Usin\Desktop\Projects\Metro\Embedded System project - ARM\FreeRTOS\Debug\libfreertos.a(queue.o)
 .text.prvIsQueueEmpty
                0x0000141a       0x2c C:\Users\Usin\Desktop\Projects\Metro\Embedded System project - ARM\FreeRTOS\Debug\libfreertos.a(queue.o)
 .text.prvIsQueueFull
                0x00001446       0x30 C:\Users\Usin\Desktop\Projects\Metro\Embedded System project - ARM\FreeRTOS\Debug\libfreertos.a(queue.o)
 .text.xTaskCreate
                0x00001476       0x84 C:\Users\Usin\Desktop\Projects\Metro\Embedded System project - ARM\FreeRTOS\Debug\libfreertos.a(tasks.o)
                0x00001476                xTaskCreate
 .text.prvInitialiseNewTask
                0x000014fa      0x17e C:\Users\Usin\Desktop\Projects\Metro\Embedded System project - ARM\FreeRTOS\Debug\libfreertos.a(tasks.o)
 .text.prvAddNewTaskToReadyList
                0x00001678       0xdc C:\Users\Usin\Desktop\Projects\Metro\Embedded System project - ARM\FreeRTOS\Debug\libfreertos.a(tasks.o)
 .text.vTaskStartScheduler
                0x00001754       0x84 C:\Users\Usin\Desktop\Projects\Metro\Embedded System project - ARM\FreeRTOS\Debug\libfreertos.a(tasks.o)
                0x00001754                vTaskStartScheduler
 .text.vTaskSuspendAll
                0x000017d8       0x1c C:\Users\Usin\Desktop\Projects\Metro\Embedded System project - ARM\FreeRTOS\Debug\libfreertos.a(tasks.o)
                0x000017d8                vTaskSuspendAll
 .text.xTaskResumeAll
                0x000017f4      0x11c C:\Users\Usin\Desktop\Projects\Metro\Embedded System project - ARM\FreeRTOS\Debug\libfreertos.a(tasks.o)
                0x000017f4                xTaskResumeAll
 .text.xTaskIncrementTick
                0x00001910      0x158 C:\Users\Usin\Desktop\Projects\Metro\Embedded System project - ARM\FreeRTOS\Debug\libfreertos.a(tasks.o)
                0x00001910                xTaskIncrementTick
 .text.vTaskSwitchContext
                0x00001a68      0x120 C:\Users\Usin\Desktop\Projects\Metro\Embedded System project - ARM\FreeRTOS\Debug\libfreertos.a(tasks.o)
                0x00001a68                vTaskSwitchContext
 .text.vTaskPlaceOnEventList
                0x00001b88       0x2c C:\Users\Usin\Desktop\Projects\Metro\Embedded System project - ARM\FreeRTOS\Debug\libfreertos.a(tasks.o)
                0x00001b88                vTaskPlaceOnEventList
 .text.xTaskRemoveFromEventList
                0x00001bb4       0xa8 C:\Users\Usin\Desktop\Projects\Metro\Embedded System project - ARM\FreeRTOS\Debug\libfreertos.a(tasks.o)
                0x00001bb4                xTaskRemoveFromEventList
 .text.vTaskInternalSetTimeOutState
                0x00001c5c       0x2c C:\Users\Usin\Desktop\Projects\Metro\Embedded System project - ARM\FreeRTOS\Debug\libfreertos.a(tasks.o)
                0x00001c5c                vTaskInternalSetTimeOutState
 .text.xTaskCheckForTimeOut
                0x00001c88       0x8c C:\Users\Usin\Desktop\Projects\Metro\Embedded System project - ARM\FreeRTOS\Debug\libfreertos.a(tasks.o)
                0x00001c88                xTaskCheckForTimeOut
 .text.vTaskMissedYield
                0x00001d14       0x18 C:\Users\Usin\Desktop\Projects\Metro\Embedded System project - ARM\FreeRTOS\Debug\libfreertos.a(tasks.o)
                0x00001d14                vTaskMissedYield
 .text.prvIdleTask
                0x00001d2c        0xe C:\Users\Usin\Desktop\Projects\Metro\Embedded System project - ARM\FreeRTOS\Debug\libfreertos.a(tasks.o)
 *fill*         0x00001d3a        0x2 ff
 .text.prvInitialiseTaskLists
                0x00001d3c       0x80 C:\Users\Usin\Desktop\Projects\Metro\Embedded System project - ARM\FreeRTOS\Debug\libfreertos.a(tasks.o)
 .text.prvCheckTasksWaitingTermination
                0x00001dbc       0x58 C:\Users\Usin\Desktop\Projects\Metro\Embedded System project - ARM\FreeRTOS\Debug\libfreertos.a(tasks.o)
 .text.prvDeleteTCB
                0x00001e14       0x2a C:\Users\Usin\Desktop\Projects\Metro\Embedded System project - ARM\FreeRTOS\Debug\libfreertos.a(tasks.o)
 *fill*         0x00001e3e        0x2 ff
 .text.prvResetNextTaskUnblockTime
                0x00001e40       0x48 C:\Users\Usin\Desktop\Projects\Metro\Embedded System project - ARM\FreeRTOS\Debug\libfreertos.a(tasks.o)
 .text.xTaskPriorityInherit
                0x00001e88      0x10c C:\Users\Usin\Desktop\Projects\Metro\Embedded System project - ARM\FreeRTOS\Debug\libfreertos.a(tasks.o)
                0x00001e88                xTaskPriorityInherit
 .text.xTaskPriorityDisinherit
                0x00001f94       0xc8 C:\Users\Usin\Desktop\Projects\Metro\Embedded System project - ARM\FreeRTOS\Debug\libfreertos.a(tasks.o)
                0x00001f94                xTaskPriorityDisinherit
 .text.vTaskPriorityDisinheritAfterTimeout
                0x0000205c       0xfc C:\Users\Usin\Desktop\Projects\Metro\Embedded System project - ARM\FreeRTOS\Debug\libfreertos.a(tasks.o)
                0x0000205c                vTaskPriorityDisinheritAfterTimeout
 .text.pvTaskIncrementMutexHeldCount
                0x00002158       0x28 C:\Users\Usin\Desktop\Projects\Metro\Embedded System project - ARM\FreeRTOS\Debug\libfreertos.a(tasks.o)
                0x00002158                pvTaskIncrementMutexHeldCount
 .text.prvAddCurrentTaskToDelayedList
                0x00002180       0xcc C:\Users\Usin\Desktop\Projects\Metro\Embedded System project - ARM\FreeRTOS\Debug\libfreertos.a(tasks.o)
 .text.pvPortMalloc
                0x0000224c       0x2c C:\Users\Usin\Desktop\Projects\Metro\Embedded System project - ARM\FreeRTOS\Debug\libfreertos.a(heap_3.o)
                0x0000224c                pvPortMalloc
 .text.vPortFree
                0x00002278       0x24 C:\Users\Usin\Desktop\Projects\Metro\Embedded System project - ARM\FreeRTOS\Debug\libfreertos.a(heap_3.o)
                0x00002278                vPortFree
 .text.pxPortInitialiseStack
                0x0000229c       0x58 C:\Users\Usin\Desktop\Projects\Metro\Embedded System project - ARM\FreeRTOS\Debug\libfreertos.a(port.o)
                0x0000229c                pxPortInitialiseStack
 .text.prvTaskExitError
                0x000022f4       0x2e C:\Users\Usin\Desktop\Projects\Metro\Embedded System project - ARM\FreeRTOS\Debug\libfreertos.a(port.o)
 *fill*         0x00002322        0xe ff
 .text.SVC_Handler
                0x00002330       0x28 C:\Users\Usin\Desktop\Projects\Metro\Embedded System project - ARM\FreeRTOS\Debug\libfreertos.a(port.o)
                0x00002330                SVC_Handler
 .text.prvPortStartFirstTask
                0x00002358       0x20 C:\Users\Usin\Desktop\Projects\Metro\Embedded System project - ARM\FreeRTOS\Debug\libfreertos.a(port.o)
 .text.xPortStartScheduler
                0x00002378       0x40 C:\Users\Usin\Desktop\Projects\Metro\Embedded System project - ARM\FreeRTOS\Debug\libfreertos.a(port.o)
                0x00002378                xPortStartScheduler
 .text.vPortEnterCritical
                0x000023b8       0x30 C:\Users\Usin\Desktop\Projects\Metro\Embedded System project - ARM\FreeRTOS\Debug\libfreertos.a(port.o)
                0x000023b8                vPortEnterCritical
 .text.vPortExitCritical
                0x000023e8       0x30 C:\Users\Usin\Desktop\Projects\Metro\Embedded System project - ARM\FreeRTOS\Debug\libfreertos.a(port.o)
                0x000023e8                vPortExitCritical
 *fill*         0x00002418        0x8 ff
 .text.PendSV_Handler
                0x00002420       0x48 C:\Users\Usin\Desktop\Projects\Metro\Embedded System project - ARM\FreeRTOS\Debug\libfreertos.a(port.o)
                0x00002420                PendSV_Handler
 .text.SysTick_Handler
                0x00002468       0x40 C:\Users\Usin\Desktop\Projects\Metro\Embedded System project - ARM\FreeRTOS\Debug\libfreertos.a(port.o)
                0x00002468                SysTick_Handler
 .text.vPortSetupTimerInterrupt
                0x000024a8       0x44 C:\Users\Usin\Desktop\Projects\Metro\Embedded System project - ARM\FreeRTOS\Debug\libfreertos.a(port.o)
                0x000024a8                vPortSetupTimerInterrupt
 .text.vApplicationMallocFailedHook
                0x000024ec       0x1c C:\Users\Usin\Desktop\Projects\Metro\Embedded System project - ARM\FreeRTOS\Debug\libfreertos.a(FreeRTOSCommonHooks.o)
                0x000024ec                vApplicationMallocFailedHook
 .text.vApplicationStackOverflowHook
                0x00002508       0x20 C:\Users\Usin\Desktop\Projects\Metro\Embedded System project - ARM\FreeRTOS\Debug\libfreertos.a(FreeRTOSCommonHooks.o)
                0x00002508                vApplicationStackOverflowHook
 .text.vListInitialise
                0x00002528       0x3e C:\Users\Usin\Desktop\Projects\Metro\Embedded System project - ARM\FreeRTOS\Debug\libfreertos.a(list.o)
                0x00002528                vListInitialise
 .text.vListInitialiseItem
                0x00002566       0x18 C:\Users\Usin\Desktop\Projects\Metro\Embedded System project - ARM\FreeRTOS\Debug\libfreertos.a(list.o)
                0x00002566                vListInitialiseItem
 .text.vListInsertEnd
                0x0000257e       0x46 C:\Users\Usin\Desktop\Projects\Metro\Embedded System project - ARM\FreeRTOS\Debug\libfreertos.a(list.o)
                0x0000257e                vListInsertEnd
 .text.vListInsert
                0x000025c4       0x70 C:\Users\Usin\Desktop\Projects\Metro\Embedded System project - ARM\FreeRTOS\Debug\libfreertos.a(list.o)
                0x000025c4                vListInsert
 .text.uxListRemove
                0x00002634       0x52 C:\Users\Usin\Desktop\Projects\Metro\Embedded System project - ARM\FreeRTOS\Debug\libfreertos.a(list.o)
                0x00002634                uxListRemove
 .text.Chip_IOCON_PinMuxSet
                0x00002686       0x2c C:\Users\Usin\Desktop\Projects\Metro\Embedded System project - ARM\lpc_board_nxp_lpcxpresso_1549\Debug\liblpc_board_nxp_lpcxpresso_1549.a(board.o)
 .text.Chip_SWM_MovablePortPinAssign
                0x000026b2       0x30 C:\Users\Usin\Desktop\Projects\Metro\Embedded System project - ARM\lpc_board_nxp_lpcxpresso_1549\Debug\liblpc_board_nxp_lpcxpresso_1549.a(board.o)
 .text.Chip_GPIO_SetPinState
                0x000026e2       0x36 C:\Users\Usin\Desktop\Projects\Metro\Embedded System project - ARM\lpc_board_nxp_lpcxpresso_1549\Debug\liblpc_board_nxp_lpcxpresso_1549.a(board.o)
 .text.Chip_GPIO_SetPinDIROutput
                0x00002718       0x3c C:\Users\Usin\Desktop\Projects\Metro\Embedded System project - ARM\lpc_board_nxp_lpcxpresso_1549\Debug\liblpc_board_nxp_lpcxpresso_1549.a(board.o)
 .text.Chip_UART_Enable
                0x00002754       0x1e C:\Users\Usin\Desktop\Projects\Metro\Embedded System project - ARM\lpc_board_nxp_lpcxpresso_1549\Debug\liblpc_board_nxp_lpcxpresso_1549.a(board.o)
 .text.Chip_UART_TXEnable
                0x00002772       0x1e C:\Users\Usin\Desktop\Projects\Metro\Embedded System project - ARM\lpc_board_nxp_lpcxpresso_1549\Debug\liblpc_board_nxp_lpcxpresso_1549.a(board.o)
 .text.Chip_UART_ConfigData
                0x00002790       0x28 C:\Users\Usin\Desktop\Projects\Metro\Embedded System project - ARM\lpc_board_nxp_lpcxpresso_1549\Debug\liblpc_board_nxp_lpcxpresso_1549.a(board.o)
 .text.Board_UARTPutChar
                0x000027b8       0x24 C:\Users\Usin\Desktop\Projects\Metro\Embedded System project - ARM\lpc_board_nxp_lpcxpresso_1549\Debug\liblpc_board_nxp_lpcxpresso_1549.a(board.o)
                0x000027b8                Board_UARTPutChar
 .text.Board_UARTGetChar
                0x000027dc       0x2c C:\Users\Usin\Desktop\Projects\Metro\Embedded System project - ARM\lpc_board_nxp_lpcxpresso_1549\Debug\liblpc_board_nxp_lpcxpresso_1549.a(board.o)
                0x000027dc                Board_UARTGetChar
 .text.Board_UARTPutSTR
                0x00002808       0x28 C:\Users\Usin\Desktop\Projects\Metro\Embedded System project - ARM\lpc_board_nxp_lpcxpresso_1549\Debug\liblpc_board_nxp_lpcxpresso_1549.a(board.o)
                0x00002808                Board_UARTPutSTR
 .text.Board_Debug_Init
                0x00002830       0x70 C:\Users\Usin\Desktop\Projects\Metro\Embedded System project - ARM\lpc_board_nxp_lpcxpresso_1549\Debug\liblpc_board_nxp_lpcxpresso_1549.a(board.o)
                0x00002830                Board_Debug_Init
 .text.Board_LED_Init
                0x000028a0       0x5c C:\Users\Usin\Desktop\Projects\Metro\Embedded System project - ARM\lpc_board_nxp_lpcxpresso_1549\Debug\liblpc_board_nxp_lpcxpresso_1549.a(board.o)
 .text.Board_LED_Set
                0x000028fc       0x54 C:\Users\Usin\Desktop\Projects\Metro\Embedded System project - ARM\lpc_board_nxp_lpcxpresso_1549\Debug\liblpc_board_nxp_lpcxpresso_1549.a(board.o)
                0x000028fc                Board_LED_Set
 .text.Board_Init
                0x00002950       0x18 C:\Users\Usin\Desktop\Projects\Metro\Embedded System project - ARM\lpc_board_nxp_lpcxpresso_1549\Debug\liblpc_board_nxp_lpcxpresso_1549.a(board.o)
                0x00002950                Board_Init
 .text.Chip_SYSCTL_PeriphReset
                0x00002968       0x22 C:\Users\Usin\Desktop\Projects\Metro\Embedded System project - ARM\lpc_board_nxp_lpcxpresso_1549\Debug\liblpc_board_nxp_lpcxpresso_1549.a(board_sysinit.o)
 *fill*         0x0000298a        0x2 ff
 .text.Chip_Clock_SetUSBPLLSource
                0x0000298c       0x20 C:\Users\Usin\Desktop\Projects\Metro\Embedded System project - ARM\lpc_board_nxp_lpcxpresso_1549\Debug\liblpc_board_nxp_lpcxpresso_1549.a(board_sysinit.o)
 .text.Chip_Clock_SetupUSBPLL
                0x000029ac       0x34 C:\Users\Usin\Desktop\Projects\Metro\Embedded System project - ARM\lpc_board_nxp_lpcxpresso_1549\Debug\liblpc_board_nxp_lpcxpresso_1549.a(board_sysinit.o)
 .text.Chip_Clock_IsUSBPLLLocked
                0x000029e0       0x24 C:\Users\Usin\Desktop\Projects\Metro\Embedded System project - ARM\lpc_board_nxp_lpcxpresso_1549\Debug\liblpc_board_nxp_lpcxpresso_1549.a(board_sysinit.o)
 .text.Chip_Clock_SetSysTickClockDiv
                0x00002a04       0x20 C:\Users\Usin\Desktop\Projects\Metro\Embedded System project - ARM\lpc_board_nxp_lpcxpresso_1549\Debug\liblpc_board_nxp_lpcxpresso_1549.a(board_sysinit.o)
 .text.Chip_SWM_MovablePortPinAssign
                0x00002a24       0x30 C:\Users\Usin\Desktop\Projects\Metro\Embedded System project - ARM\lpc_board_nxp_lpcxpresso_1549\Debug\liblpc_board_nxp_lpcxpresso_1549.a(board_sysinit.o)
 .text.Board_SetupMuxing
                0x00002a54       0x80 C:\Users\Usin\Desktop\Projects\Metro\Embedded System project - ARM\lpc_board_nxp_lpcxpresso_1549\Debug\liblpc_board_nxp_lpcxpresso_1549.a(board_sysinit.o)
                0x00002a54                Board_SetupMuxing
 .text.Board_SetupClocking
                0x00002ad4       0x3a C:\Users\Usin\Desktop\Projects\Metro\Embedded System project - ARM\lpc_board_nxp_lpcxpresso_1549\Debug\liblpc_board_nxp_lpcxpresso_1549.a(board_sysinit.o)
                0x00002ad4                Board_SetupClocking
 *fill*         0x00002b0e        0x2 ff
 .text.Board_SystemInit
                0x00002b10       0x1c C:\Users\Usin\Desktop\Projects\Metro\Embedded System project - ARM\lpc_board_nxp_lpcxpresso_1549\Debug\liblpc_board_nxp_lpcxpresso_1549.a(board_sysinit.o)
                0x00002b10                Board_SystemInit
 .text.SystemCoreClockUpdate
                0x00002b2c       0x18 C:\Users\Usin\Desktop\Projects\Metro\Embedded System project - ARM\lpc_chip_15xx\Debug\liblpc_chip_15xx.a(chip_15xx.o)
                0x00002b2c                SystemCoreClockUpdate
 .text.Chip_Clock_SetMain_A_ClockSource
                0x00002b44       0x20 C:\Users\Usin\Desktop\Projects\Metro\Embedded System project - ARM\lpc_chip_15xx\Debug\liblpc_chip_15xx.a(clock_15xx.o)
 .text.Chip_Clock_GetMain_A_ClockSource
                0x00002b64       0x18 C:\Users\Usin\Desktop\Projects\Metro\Embedded System project - ARM\lpc_chip_15xx\Debug\liblpc_chip_15xx.a(clock_15xx.o)
 .text.Chip_Clock_SetMain_B_ClockSource
                0x00002b7c       0x20 C:\Users\Usin\Desktop\Projects\Metro\Embedded System project - ARM\lpc_chip_15xx\Debug\liblpc_chip_15xx.a(clock_15xx.o)
 .text.Chip_Clock_GetMain_B_ClockSource
                0x00002b9c       0x18 C:\Users\Usin\Desktop\Projects\Metro\Embedded System project - ARM\lpc_chip_15xx\Debug\liblpc_chip_15xx.a(clock_15xx.o)
 .text.Chip_Clock_SetUARTFRGDivider
                0x00002bb4       0x20 C:\Users\Usin\Desktop\Projects\Metro\Embedded System project - ARM\lpc_chip_15xx\Debug\liblpc_chip_15xx.a(clock_15xx.o)
 .text.Chip_Clock_GetUARTFRGDivider
                0x00002bd4       0x18 C:\Users\Usin\Desktop\Projects\Metro\Embedded System project - ARM\lpc_chip_15xx\Debug\liblpc_chip_15xx.a(clock_15xx.o)
 .text.Chip_Clock_GetMainOscRate
                0x00002bec       0x14 C:\Users\Usin\Desktop\Projects\Metro\Embedded System project - ARM\lpc_chip_15xx\Debug\liblpc_chip_15xx.a(clock_15xx.o)
 .text.Chip_Clock_GetIntOscRate
                0x00002c00       0x14 C:\Users\Usin\Desktop\Projects\Metro\Embedded System project - ARM\lpc_chip_15xx\Debug\liblpc_chip_15xx.a(clock_15xx.o)
 .text.Chip_Clock_GetRTCOscRate
                0x00002c14       0x14 C:\Users\Usin\Desktop\Projects\Metro\Embedded System project - ARM\lpc_chip_15xx\Debug\liblpc_chip_15xx.a(clock_15xx.o)
 .text.Chip_Clock_GetWDTOSCRate
                0x00002c28       0x14 C:\Users\Usin\Desktop\Projects\Metro\Embedded System project - ARM\lpc_chip_15xx\Debug\liblpc_chip_15xx.a(clock_15xx.o)
 .text.Chip_Clock_GetPLLFreq
                0x00002c3c       0x26 C:\Users\Usin\Desktop\Projects\Metro\Embedded System project - ARM\lpc_chip_15xx\Debug\liblpc_chip_15xx.a(clock_15xx.o)
 .text.Chip_Clock_GetPLLInClockRate
                0x00002c62       0x38 C:\Users\Usin\Desktop\Projects\Metro\Embedded System project - ARM\lpc_chip_15xx\Debug\liblpc_chip_15xx.a(clock_15xx.o)
 *fill*         0x00002c9a        0x2 ff
 .text.Chip_Clock_GetSystemPLLInClockRate
                0x00002c9c       0x1c C:\Users\Usin\Desktop\Projects\Metro\Embedded System project - ARM\lpc_chip_15xx\Debug\liblpc_chip_15xx.a(clock_15xx.o)
                0x00002c9c                Chip_Clock_GetSystemPLLInClockRate
 .text.Chip_Clock_GetSystemPLLOutClockRate
                0x00002cb8       0x24 C:\Users\Usin\Desktop\Projects\Metro\Embedded System project - ARM\lpc_chip_15xx\Debug\liblpc_chip_15xx.a(clock_15xx.o)
                0x00002cb8                Chip_Clock_GetSystemPLLOutClockRate
 .text.Chip_Clock_GetMain_A_ClockRate
                0x00002cdc       0x44 C:\Users\Usin\Desktop\Projects\Metro\Embedded System project - ARM\lpc_chip_15xx\Debug\liblpc_chip_15xx.a(clock_15xx.o)
                0x00002cdc                Chip_Clock_GetMain_A_ClockRate
 .text.Chip_Clock_GetMain_B_ClockRate
                0x00002d20       0x58 C:\Users\Usin\Desktop\Projects\Metro\Embedded System project - ARM\lpc_chip_15xx\Debug\liblpc_chip_15xx.a(clock_15xx.o)
                0x00002d20                Chip_Clock_GetMain_B_ClockRate
 .text.Chip_Clock_SetMainClockSource
                0x00002d78       0x3c C:\Users\Usin\Desktop\Projects\Metro\Embedded System project - ARM\lpc_chip_15xx\Debug\liblpc_chip_15xx.a(clock_15xx.o)
                0x00002d78                Chip_Clock_SetMainClockSource
 .text.Chip_Clock_GetMainClockRate
                0x00002db4       0x28 C:\Users\Usin\Desktop\Projects\Metro\Embedded System project - ARM\lpc_chip_15xx\Debug\liblpc_chip_15xx.a(clock_15xx.o)
                0x00002db4                Chip_Clock_GetMainClockRate
 .text.Chip_Clock_EnablePeriphClock
                0x00002ddc       0x58 C:\Users\Usin\Desktop\Projects\Metro\Embedded System project - ARM\lpc_chip_15xx\Debug\liblpc_chip_15xx.a(clock_15xx.o)
                0x00002ddc                Chip_Clock_EnablePeriphClock
 .text.Chip_Clock_GetUARTBaseClockRate
                0x00002e34       0x8c C:\Users\Usin\Desktop\Projects\Metro\Embedded System project - ARM\lpc_chip_15xx\Debug\liblpc_chip_15xx.a(clock_15xx.o)
                0x00002e34                Chip_Clock_GetUARTBaseClockRate
 .text.Chip_Clock_SetUARTBaseClockRate
                0x00002ec0       0xa4 C:\Users\Usin\Desktop\Projects\Metro\Embedded System project - ARM\lpc_chip_15xx\Debug\liblpc_chip_15xx.a(clock_15xx.o)
                0x00002ec0                Chip_Clock_SetUARTBaseClockRate
 .text.Chip_Clock_GetSystemClockRate
                0x00002f64       0x1c C:\Users\Usin\Desktop\Projects\Metro\Embedded System project - ARM\lpc_chip_15xx\Debug\liblpc_chip_15xx.a(clock_15xx.o)
                0x00002f64                Chip_Clock_GetSystemClockRate
 .text.Chip_SYSCTL_PeriphReset
                0x00002f80       0x22 C:\Users\Usin\Desktop\Projects\Metro\Embedded System project - ARM\lpc_chip_15xx\Debug\liblpc_chip_15xx.a(gpio_15xx.o)
 .text.Chip_GPIO_Init
                0x00002fa2       0x2e C:\Users\Usin\Desktop\Projects\Metro\Embedded System project - ARM\lpc_chip_15xx\Debug\liblpc_chip_15xx.a(gpio_15xx.o)
                0x00002fa2                Chip_GPIO_Init
 .text.Chip_IOCON_PinMuxSet
                0x00002fd0       0x2c C:\Users\Usin\Desktop\Projects\Metro\Embedded System project - ARM\lpc_chip_15xx\Debug\liblpc_chip_15xx.a(iocon_15xx.o)
 .text.Chip_IOCON_SetPinMuxing
                0x00002ffc       0x4e C:\Users\Usin\Desktop\Projects\Metro\Embedded System project - ARM\lpc_chip_15xx\Debug\liblpc_chip_15xx.a(iocon_15xx.o)
                0x00002ffc                Chip_IOCON_SetPinMuxing
 .text.Chip_SYSCTL_PeriphReset
                0x0000304a       0x22 C:\Users\Usin\Desktop\Projects\Metro\Embedded System project - ARM\lpc_chip_15xx\Debug\liblpc_chip_15xx.a(ritimer_15xx.o)
 .text.Chip_RIT_Init
                0x0000306c       0x22 C:\Users\Usin\Desktop\Projects\Metro\Embedded System project - ARM\lpc_chip_15xx\Debug\liblpc_chip_15xx.a(ritimer_15xx.o)
                0x0000306c                Chip_RIT_Init
 .text.Chip_RIT_SetCTRL
                0x0000308e       0x28 C:\Users\Usin\Desktop\Projects\Metro\Embedded System project - ARM\lpc_chip_15xx\Debug\liblpc_chip_15xx.a(ritimer_15xx.o)
                0x0000308e                Chip_RIT_SetCTRL
 .text.Chip_RIT_ClearCTRL
                0x000030b6       0x2a C:\Users\Usin\Desktop\Projects\Metro\Embedded System project - ARM\lpc_chip_15xx\Debug\liblpc_chip_15xx.a(ritimer_15xx.o)
                0x000030b6                Chip_RIT_ClearCTRL
 .text.Chip_RIT_SetCompareValue
                0x000030e0       0x32 C:\Users\Usin\Desktop\Projects\Metro\Embedded System project - ARM\lpc_chip_15xx\Debug\liblpc_chip_15xx.a(ritimer_15xx.o)
                0x000030e0                Chip_RIT_SetCompareValue
 .text.Chip_RIT_SetCounter
                0x00003112       0x32 C:\Users\Usin\Desktop\Projects\Metro\Embedded System project - ARM\lpc_chip_15xx\Debug\liblpc_chip_15xx.a(ritimer_15xx.o)
                0x00003112                Chip_RIT_SetCounter
 .text.Chip_SYSCTL_PeriphReset
                0x00003144       0x22 C:\Users\Usin\Desktop\Projects\Metro\Embedded System project - ARM\lpc_chip_15xx\Debug\liblpc_chip_15xx.a(sct_15xx.o)
 .text.Chip_SCT_Init
                0x00003166       0x3c C:\Users\Usin\Desktop\Projects\Metro\Embedded System project - ARM\lpc_chip_15xx\Debug\liblpc_chip_15xx.a(sct_15xx.o)
                0x00003166                Chip_SCT_Init
 *fill*         0x000031a2        0x2 ff
 .text.Chip_SWM_MovablePinAssign
                0x000031a4       0x5c C:\Users\Usin\Desktop\Projects\Metro\Embedded System project - ARM\lpc_chip_15xx\Debug\liblpc_chip_15xx.a(swm_15xx.o)
                0x000031a4                Chip_SWM_MovablePinAssign
 .text.Chip_SYSCTL_AssertPeriphReset
                0x00003200       0x4c C:\Users\Usin\Desktop\Projects\Metro\Embedded System project - ARM\lpc_chip_15xx\Debug\liblpc_chip_15xx.a(sysctl_15xx.o)
                0x00003200                Chip_SYSCTL_AssertPeriphReset
 .text.Chip_SYSCTL_DeassertPeriphReset
                0x0000324c       0x50 C:\Users\Usin\Desktop\Projects\Metro\Embedded System project - ARM\lpc_chip_15xx\Debug\liblpc_chip_15xx.a(sysctl_15xx.o)
                0x0000324c                Chip_SYSCTL_DeassertPeriphReset
 .text.Chip_SYSCTL_PowerDown
                0x0000329c       0x40 C:\Users\Usin\Desktop\Projects\Metro\Embedded System project - ARM\lpc_chip_15xx\Debug\liblpc_chip_15xx.a(sysctl_15xx.o)
                0x0000329c                Chip_SYSCTL_PowerDown
 .text.Chip_SYSCTL_PowerUp
                0x000032dc       0x40 C:\Users\Usin\Desktop\Projects\Metro\Embedded System project - ARM\lpc_chip_15xx\Debug\liblpc_chip_15xx.a(sysctl_15xx.o)
                0x000032dc                Chip_SYSCTL_PowerUp
 .text.Chip_FMC_SetFLASHAccess
                0x0000331c       0x38 C:\Users\Usin\Desktop\Projects\Metro\Embedded System project - ARM\lpc_chip_15xx\Debug\liblpc_chip_15xx.a(sysinit_15xx.o)
 .text.Chip_Clock_SetSystemPLLSource
                0x00003354       0x20 C:\Users\Usin\Desktop\Projects\Metro\Embedded System project - ARM\lpc_chip_15xx\Debug\liblpc_chip_15xx.a(sysinit_15xx.o)
 .text.Chip_Clock_SetupSystemPLL
                0x00003374       0x34 C:\Users\Usin\Desktop\Projects\Metro\Embedded System project - ARM\lpc_chip_15xx\Debug\liblpc_chip_15xx.a(sysinit_15xx.o)
 .text.Chip_Clock_IsSystemPLLLocked
                0x000033a8       0x24 C:\Users\Usin\Desktop\Projects\Metro\Embedded System project - ARM\lpc_chip_15xx\Debug\liblpc_chip_15xx.a(sysinit_15xx.o)
 .text.Chip_Clock_SetSysClockDiv
                0x000033cc       0x20 C:\Users\Usin\Desktop\Projects\Metro\Embedded System project - ARM\lpc_chip_15xx\Debug\liblpc_chip_15xx.a(sysinit_15xx.o)
 .text.Chip_SetupXtalClocking
                0x000033ec       0x6c C:\Users\Usin\Desktop\Projects\Metro\Embedded System project - ARM\lpc_chip_15xx\Debug\liblpc_chip_15xx.a(sysinit_15xx.o)
                0x000033ec                Chip_SetupXtalClocking
 .text.Chip_SYSCTL_PeriphReset
                0x00003458       0x22 C:\Users\Usin\Desktop\Projects\Metro\Embedded System project - ARM\lpc_chip_15xx\Debug\liblpc_chip_15xx.a(uart_15xx.o)
 .text.Chip_UART_SendByte
                0x0000347a       0x1c C:\Users\Usin\Desktop\Projects\Metro\Embedded System project - ARM\lpc_chip_15xx\Debug\liblpc_chip_15xx.a(uart_15xx.o)
 .text.Chip_UART_ReadByte
                0x00003496       0x1a C:\Users\Usin\Desktop\Projects\Metro\Embedded System project - ARM\lpc_chip_15xx\Debug\liblpc_chip_15xx.a(uart_15xx.o)
 .text.Chip_UART_GetStatus
                0x000034b0       0x16 C:\Users\Usin\Desktop\Projects\Metro\Embedded System project - ARM\lpc_chip_15xx\Debug\liblpc_chip_15xx.a(uart_15xx.o)
 *fill*         0x000034c6        0x2 ff
 .text.getUARTClockID
                0x000034c8       0x34 C:\Users\Usin\Desktop\Projects\Metro\Embedded System project - ARM\lpc_chip_15xx\Debug\liblpc_chip_15xx.a(uart_15xx.o)
 .text.Chip_UART_Init
                0x000034fc       0x4c C:\Users\Usin\Desktop\Projects\Metro\Embedded System project - ARM\lpc_chip_15xx\Debug\liblpc_chip_15xx.a(uart_15xx.o)
                0x000034fc                Chip_UART_Init
 .text.Chip_UART_Send
                0x00003548       0x50 C:\Users\Usin\Desktop\Projects\Metro\Embedded System project - ARM\lpc_chip_15xx\Debug\liblpc_chip_15xx.a(uart_15xx.o)
                0x00003548                Chip_UART_Send
 .text.Chip_UART_SendBlocking
                0x00003598       0x4a C:\Users\Usin\Desktop\Projects\Metro\Embedded System project - ARM\lpc_chip_15xx\Debug\liblpc_chip_15xx.a(uart_15xx.o)
                0x00003598                Chip_UART_SendBlocking
 .text.Chip_UART_Read
                0x000035e2       0x52 C:\Users\Usin\Desktop\Projects\Metro\Embedded System project - ARM\lpc_chip_15xx\Debug\liblpc_chip_15xx.a(uart_15xx.o)
                0x000035e2                Chip_UART_Read
 .text.Chip_UART_SetBaud
                0x00003634       0x2a C:\Users\Usin\Desktop\Projects\Metro\Embedded System project - ARM\lpc_chip_15xx\Debug\liblpc_chip_15xx.a(uart_15xx.o)
                0x00003634                Chip_UART_SetBaud
 *fill*         0x0000365e        0x2 ff
 .text          0x00003660      0x378 c:/nxp/mcuxpressoide_10.2.1_795/ide/tools/bin/../lib/gcc/arm-none-eabi/7.2.1/thumb/v7-m\libgcc.a(_arm_addsubdf3.o)
                0x00003660                __aeabi_drsub
                0x00003668                __aeabi_dsub
                0x00003668                __subdf3
                0x0000366c                __aeabi_dadd
                0x0000366c                __adddf3
                0x000038e4                __floatunsidf
                0x000038e4                __aeabi_ui2d
                0x00003904                __floatsidf
                0x00003904                __aeabi_i2d
                0x00003928                __aeabi_f2d
                0x00003928                __extendsfdf2
                0x0000396c                __floatundidf
                0x0000396c                __aeabi_ul2d
                0x0000397c                __floatdidf
                0x0000397c                __aeabi_l2d
 .text          0x000039d8      0x424 c:/nxp/mcuxpressoide_10.2.1_795/ide/tools/bin/../lib/gcc/arm-none-eabi/7.2.1/thumb/v7-m\libgcc.a(_arm_muldivdf3.o)
                0x000039d8                __aeabi_dmul
                0x000039d8                __muldf3
                0x00003c2c                __divdf3
                0x00003c2c                __aeabi_ddiv
 .text          0x00003dfc       0x30 c:/nxp/mcuxpressoide_10.2.1_795/ide/tools/bin/../lib/gcc/arm-none-eabi/7.2.1/thumb/v7-m\libgcc.a(_aeabi_uldivmod.o)
                0x00003dfc                __aeabi_uldivmod
 .text          0x00003e2c      0x2d0 c:/nxp/mcuxpressoide_10.2.1_795/ide/tools/bin/../lib/gcc/arm-none-eabi/7.2.1/thumb/v7-m\libgcc.a(_udivmoddi4.o)
                0x00003e2c                __udivmoddi4
 .text          0x000040fc        0x4 c:/nxp/mcuxpressoide_10.2.1_795/ide/tools/bin/../lib/gcc/arm-none-eabi/7.2.1/thumb/v7-m\libgcc.a(_dvmd_tls.o)
                0x000040fc                __aeabi_idiv0
                0x000040fc                __aeabi_ldiv0
 .text.__libc_init_array
                0x00004100       0x48 c:/nxp/mcuxpressoide_10.2.1_795/ide/tools/bin/../lib/gcc/arm-none-eabi/7.2.1/../../../../arm-none-eabi/lib/thumb/v7-m\libc.a(lib_a-init.o)
                0x00004100                __libc_init_array
 .text.malloc   0x00004148       0x10 c:/nxp/mcuxpressoide_10.2.1_795/ide/tools/bin/../lib/gcc/arm-none-eabi/7.2.1/../../../../arm-none-eabi/lib/thumb/v7-m\libc.a(lib_a-malloc.o)
                0x00004148                malloc
 .text.free     0x00004158       0x10 c:/nxp/mcuxpressoide_10.2.1_795/ide/tools/bin/../lib/gcc/arm-none-eabi/7.2.1/../../../../arm-none-eabi/lib/thumb/v7-m\libc.a(lib_a-malloc.o)
                0x00004158                free
 .text._malloc_r
                0x00004168      0x524 c:/nxp/mcuxpressoide_10.2.1_795/ide/tools/bin/../lib/gcc/arm-none-eabi/7.2.1/../../../../arm-none-eabi/lib/thumb/v7-m\libc.a(lib_a-mallocr.o)
                0x00004168                _malloc_r
 .text          0x0000468c       0xec c:/nxp/mcuxpressoide_10.2.1_795/ide/tools/bin/../lib/gcc/arm-none-eabi/7.2.1/../../../../arm-none-eabi/lib/thumb/v7-m\libc.a(lib_a-memcpy.o)
                0x0000468c                memcpy
 .text.memset   0x00004778       0x94 c:/nxp/mcuxpressoide_10.2.1_795/ide/tools/bin/../lib/gcc/arm-none-eabi/7.2.1/../../../../arm-none-eabi/lib/thumb/v7-m\libc.a(lib_a-memset.o)
                0x00004778                memset
 .text.__malloc_lock
                0x0000480c        0xc c:/nxp/mcuxpressoide_10.2.1_795/ide/tools/bin/../lib/gcc/arm-none-eabi/7.2.1/../../../../arm-none-eabi/lib/thumb/v7-m\libc.a(lib_a-mlock.o)
                0x0000480c                __malloc_lock
 .text.__malloc_unlock
                0x00004818        0xc c:/nxp/mcuxpressoide_10.2.1_795/ide/tools/bin/../lib/gcc/arm-none-eabi/7.2.1/../../../../arm-none-eabi/lib/thumb/v7-m\libc.a(lib_a-mlock.o)
                0x00004818                __malloc_unlock
 .text.cleanup_glue
                0x00004824       0x28 c:/nxp/mcuxpressoide_10.2.1_795/ide/tools/bin/../lib/gcc/arm-none-eabi/7.2.1/../../../../arm-none-eabi/lib/thumb/v7-m\libc.a(lib_a-reent.o)
                0x00004824                cleanup_glue
 .text._reclaim_reent
                0x0000484c       0x88 c:/nxp/mcuxpressoide_10.2.1_795/ide/tools/bin/../lib/gcc/arm-none-eabi/7.2.1/../../../../arm-none-eabi/lib/thumb/v7-m\libc.a(lib_a-reent.o)
                0x0000484c                _reclaim_reent
 .text._sbrk_r  0x000048d4       0x24 c:/nxp/mcuxpressoide_10.2.1_795/ide/tools/bin/../lib/gcc/arm-none-eabi/7.2.1/../../../../arm-none-eabi/lib/thumb/v7-m\libc.a(lib_a-sbrkr.o)
                0x000048d4                _sbrk_r
 .text.snprintf
                0x000048f8       0x8c c:/nxp/mcuxpressoide_10.2.1_795/ide/tools/bin/../lib/gcc/arm-none-eabi/7.2.1/../../../../arm-none-eabi/lib/thumb/v7-m\libc.a(lib_a-snprintf.o)
                0x000048f8                snprintf
 .text.sprintf  0x00004984       0x44 c:/nxp/mcuxpressoide_10.2.1_795/ide/tools/bin/../lib/gcc/arm-none-eabi/7.2.1/../../../../arm-none-eabi/lib/thumb/v7-m\libc.a(lib_a-sprintf.o)
                0x00004984                sprintf
 .text.sscanf   0x000049c8       0x58 c:/nxp/mcuxpressoide_10.2.1_795/ide/tools/bin/../lib/gcc/arm-none-eabi/7.2.1/../../../../arm-none-eabi/lib/thumb/v7-m\libc.a(lib_a-sscanf.o)
                0x000049c8                sscanf
 .text.__seofread
                0x00004a20        0x4 c:/nxp/mcuxpressoide_10.2.1_795/ide/tools/bin/../lib/gcc/arm-none-eabi/7.2.1/../../../../arm-none-eabi/lib/thumb/v7-m\libc.a(lib_a-stdio.o)
                0x00004a20                __seofread
 .text.strlen   0x00004a24       0x5c c:/nxp/mcuxpressoide_10.2.1_795/ide/tools/bin/../lib/gcc/arm-none-eabi/7.2.1/../../../../arm-none-eabi/lib/thumb/v7-m\libc.a(lib_a-strlen-stub.o)
                0x00004a24                strlen
 .text._svfprintf_r
                0x00004a80     0x14ec c:/nxp/mcuxpressoide_10.2.1_795/ide/tools/bin/../lib/gcc/arm-none-eabi/7.2.1/../../../../arm-none-eabi/lib/thumb/v7-m\libc.a(lib_a-svfprintf.o)
                0x00004a80                _svfprintf_r
 .text.__ssvfscanf_r
                0x00005f6c      0xdc4 c:/nxp/mcuxpressoide_10.2.1_795/ide/tools/bin/../lib/gcc/arm-none-eabi/7.2.1/../../../../arm-none-eabi/lib/thumb/v7-m\libc.a(lib_a-svfscanf.o)
                0x00005f6c                __ssvfscanf_r
 .text.quorem   0x00006d30      0x124 c:/nxp/mcuxpressoide_10.2.1_795/ide/tools/bin/../lib/gcc/arm-none-eabi/7.2.1/../../../../arm-none-eabi/lib/thumb/v7-m\libc.a(lib_a-dtoa.o)
 *fill*         0x00006e54        0x4 ff
 .text._dtoa_r  0x00006e58      0xe30 c:/nxp/mcuxpressoide_10.2.1_795/ide/tools/bin/../lib/gcc/arm-none-eabi/7.2.1/../../../../arm-none-eabi/lib/thumb/v7-m\libc.a(lib_a-dtoa.o)
                0x00006e58                _dtoa_r
 .text._malloc_trim_r
                0x00007c88       0xa0 c:/nxp/mcuxpressoide_10.2.1_795/ide/tools/bin/../lib/gcc/arm-none-eabi/7.2.1/../../../../arm-none-eabi/lib/thumb/v7-m\libc.a(lib_a-freer.o)
                0x00007c88                _malloc_trim_r
 .text._free_r  0x00007d28      0x1e8 c:/nxp/mcuxpressoide_10.2.1_795/ide/tools/bin/../lib/gcc/arm-none-eabi/7.2.1/../../../../arm-none-eabi/lib/thumb/v7-m\libc.a(lib_a-freer.o)
                0x00007d28                _free_r
 .text.iswspace
                0x00007f10       0x1c c:/nxp/mcuxpressoide_10.2.1_795/ide/tools/bin/../lib/gcc/arm-none-eabi/7.2.1/../../../../arm-none-eabi/lib/thumb/v7-m\libc.a(lib_a-iswspace.o)
                0x00007f10                iswspace
 .text.__locale_mb_cur_max
                0x00007f2c       0x1c c:/nxp/mcuxpressoide_10.2.1_795/ide/tools/bin/../lib/gcc/arm-none-eabi/7.2.1/../../../../arm-none-eabi/lib/thumb/v7-m\libc.a(lib_a-locale.o)
                0x00007f2c                __locale_mb_cur_max
 .text.__locale_ctype_ptr_l
                0x00007f48        0x8 c:/nxp/mcuxpressoide_10.2.1_795/ide/tools/bin/../lib/gcc/arm-none-eabi/7.2.1/../../../../arm-none-eabi/lib/thumb/v7-m\libc.a(lib_a-locale.o)
                0x00007f48                __locale_ctype_ptr_l
 .text.__locale_ctype_ptr
                0x00007f50       0x1c c:/nxp/mcuxpressoide_10.2.1_795/ide/tools/bin/../lib/gcc/arm-none-eabi/7.2.1/../../../../arm-none-eabi/lib/thumb/v7-m\libc.a(lib_a-locale.o)
                0x00007f50                __locale_ctype_ptr
 .text.__localeconv_l
                0x00007f6c        0x4 c:/nxp/mcuxpressoide_10.2.1_795/ide/tools/bin/../lib/gcc/arm-none-eabi/7.2.1/../../../../arm-none-eabi/lib/thumb/v7-m\libc.a(lib_a-localeconv.o)
                0x00007f6c                __localeconv_l
 .text._localeconv_r
                0x00007f70       0x1c c:/nxp/mcuxpressoide_10.2.1_795/ide/tools/bin/../lib/gcc/arm-none-eabi/7.2.1/../../../../arm-none-eabi/lib/thumb/v7-m\libc.a(lib_a-localeconv.o)
                0x00007f70                _localeconv_r
 .text.__retarget_lock_acquire_recursive
                0x00007f8c        0x4 c:/nxp/mcuxpressoide_10.2.1_795/ide/tools/bin/../lib/gcc/arm-none-eabi/7.2.1/../../../../arm-none-eabi/lib/thumb/v7-m\libc.a(lib_a-lock.o)
                0x00007f8c                __retarget_lock_acquire_recursive
 .text.__retarget_lock_release_recursive
                0x00007f90        0x4 c:/nxp/mcuxpressoide_10.2.1_795/ide/tools/bin/../lib/gcc/arm-none-eabi/7.2.1/../../../../arm-none-eabi/lib/thumb/v7-m\libc.a(lib_a-lock.o)
                0x00007f90                __retarget_lock_release_recursive
 .text._mbrtowc_r
                0x00007f94       0x5c c:/nxp/mcuxpressoide_10.2.1_795/ide/tools/bin/../lib/gcc/arm-none-eabi/7.2.1/../../../../arm-none-eabi/lib/thumb/v7-m\libc.a(lib_a-mbrtowc.o)
                0x00007f94                _mbrtowc_r
 .text.__ascii_mbtowc
                0x00007ff0       0x2c c:/nxp/mcuxpressoide_10.2.1_795/ide/tools/bin/../lib/gcc/arm-none-eabi/7.2.1/../../../../arm-none-eabi/lib/thumb/v7-m\libc.a(lib_a-mbtowc_r.o)
                0x00007ff0                __ascii_mbtowc
 .text.memchr   0x0000801c       0x8c c:/nxp/mcuxpressoide_10.2.1_795/ide/tools/bin/../lib/gcc/arm-none-eabi/7.2.1/../../../../arm-none-eabi/lib/thumb/v7-m\libc.a(lib_a-memchr-stub.o)
                0x0000801c                memchr
 .text._Balloc  0x000080a8       0x4c c:/nxp/mcuxpressoide_10.2.1_795/ide/tools/bin/../lib/gcc/arm-none-eabi/7.2.1/../../../../arm-none-eabi/lib/thumb/v7-m\libc.a(lib_a-mprec.o)
                0x000080a8                _Balloc
 .text._Bfree   0x000080f4       0x14 c:/nxp/mcuxpressoide_10.2.1_795/ide/tools/bin/../lib/gcc/arm-none-eabi/7.2.1/../../../../arm-none-eabi/lib/thumb/v7-m\libc.a(lib_a-mprec.o)
                0x000080f4                _Bfree
 .text.__multadd
                0x00008108       0x84 c:/nxp/mcuxpressoide_10.2.1_795/ide/tools/bin/../lib/gcc/arm-none-eabi/7.2.1/../../../../arm-none-eabi/lib/thumb/v7-m\libc.a(lib_a-mprec.o)
                0x00008108                __multadd
 .text.__s2b    0x0000818c       0x98 c:/nxp/mcuxpressoide_10.2.1_795/ide/tools/bin/../lib/gcc/arm-none-eabi/7.2.1/../../../../arm-none-eabi/lib/thumb/v7-m\libc.a(lib_a-mprec.o)
                0x0000818c                __s2b
 .text.__hi0bits
                0x00008224       0x40 c:/nxp/mcuxpressoide_10.2.1_795/ide/tools/bin/../lib/gcc/arm-none-eabi/7.2.1/../../../../arm-none-eabi/lib/thumb/v7-m\libc.a(lib_a-mprec.o)
                0x00008224                __hi0bits
 .text.__lo0bits
                0x00008264       0x60 c:/nxp/mcuxpressoide_10.2.1_795/ide/tools/bin/../lib/gcc/arm-none-eabi/7.2.1/../../../../arm-none-eabi/lib/thumb/v7-m\libc.a(lib_a-mprec.o)
                0x00008264                __lo0bits
 .text.__i2b    0x000082c4       0x14 c:/nxp/mcuxpressoide_10.2.1_795/ide/tools/bin/../lib/gcc/arm-none-eabi/7.2.1/../../../../arm-none-eabi/lib/thumb/v7-m\libc.a(lib_a-mprec.o)
                0x000082c4                __i2b
 .text.__multiply
                0x000082d8      0x14c c:/nxp/mcuxpressoide_10.2.1_795/ide/tools/bin/../lib/gcc/arm-none-eabi/7.2.1/../../../../arm-none-eabi/lib/thumb/v7-m\libc.a(lib_a-mprec.o)
                0x000082d8                __multiply
 .text.__pow5mult
                0x00008424       0xa0 c:/nxp/mcuxpressoide_10.2.1_795/ide/tools/bin/../lib/gcc/arm-none-eabi/7.2.1/../../../../arm-none-eabi/lib/thumb/v7-m\libc.a(lib_a-mprec.o)
                0x00008424                __pow5mult
 .text.__lshift
                0x000084c4       0xb4 c:/nxp/mcuxpressoide_10.2.1_795/ide/tools/bin/../lib/gcc/arm-none-eabi/7.2.1/../../../../arm-none-eabi/lib/thumb/v7-m\libc.a(lib_a-mprec.o)
                0x000084c4                __lshift
 .text.__mcmp   0x00008578       0x38 c:/nxp/mcuxpressoide_10.2.1_795/ide/tools/bin/../lib/gcc/arm-none-eabi/7.2.1/../../../../arm-none-eabi/lib/thumb/v7-m\libc.a(lib_a-mprec.o)
                0x00008578                __mcmp
 .text.__mdiff  0x000085b0      0x100 c:/nxp/mcuxpressoide_10.2.1_795/ide/tools/bin/../lib/gcc/arm-none-eabi/7.2.1/../../../../arm-none-eabi/lib/thumb/v7-m\libc.a(lib_a-mprec.o)
                0x000085b0                __mdiff
 .text.__ulp    0x000086b0       0x44 c:/nxp/mcuxpressoide_10.2.1_795/ide/tools/bin/../lib/gcc/arm-none-eabi/7.2.1/../../../../arm-none-eabi/lib/thumb/v7-m\libc.a(lib_a-mprec.o)
                0x000086b0                __ulp
 .text.__b2d    0x000086f4       0xc0 c:/nxp/mcuxpressoide_10.2.1_795/ide/tools/bin/../lib/gcc/arm-none-eabi/7.2.1/../../../../arm-none-eabi/lib/thumb/v7-m\libc.a(lib_a-mprec.o)
                0x000086f4                __b2d
 .text.__d2b    0x000087b4       0xb0 c:/nxp/mcuxpressoide_10.2.1_795/ide/tools/bin/../lib/gcc/arm-none-eabi/7.2.1/../../../../arm-none-eabi/lib/thumb/v7-m\libc.a(lib_a-mprec.o)
                0x000087b4                __d2b
 .text.__ratio  0x00008864       0x58 c:/nxp/mcuxpressoide_10.2.1_795/ide/tools/bin/../lib/gcc/arm-none-eabi/7.2.1/../../../../arm-none-eabi/lib/thumb/v7-m\libc.a(lib_a-mprec.o)
                0x00008864                __ratio
 .text.__copybits
                0x000088bc       0x48 c:/nxp/mcuxpressoide_10.2.1_795/ide/tools/bin/../lib/gcc/arm-none-eabi/7.2.1/../../../../arm-none-eabi/lib/thumb/v7-m\libc.a(lib_a-mprec.o)
                0x000088bc                __copybits
 .text.__any_on
                0x00008904       0x54 c:/nxp/mcuxpressoide_10.2.1_795/ide/tools/bin/../lib/gcc/arm-none-eabi/7.2.1/../../../../arm-none-eabi/lib/thumb/v7-m\libc.a(lib_a-mprec.o)
                0x00008904                __any_on
 .text.__sccl   0x00008958       0x70 c:/nxp/mcuxpressoide_10.2.1_795/ide/tools/bin/../lib/gcc/arm-none-eabi/7.2.1/../../../../arm-none-eabi/lib/thumb/v7-m\libc.a(lib_a-sccl.o)
                0x00008958                __sccl
 .text.nanf     0x000089c8        0x8 c:/nxp/mcuxpressoide_10.2.1_795/ide/tools/bin/../lib/gcc/arm-none-eabi/7.2.1/../../../../arm-none-eabi/lib/thumb/v7-m\libc.a(lib_a-sf_nan.o)
                0x000089c8                nanf
 .text.unlikely.sulp
                0x000089d0       0x42 c:/nxp/mcuxpressoide_10.2.1_795/ide/tools/bin/../lib/gcc/arm-none-eabi/7.2.1/../../../../arm-none-eabi/lib/thumb/v7-m\libc.a(lib_a-strtod.o)
 *fill*         0x00008a12        0x6 ff
 .text._strtod_l
                0x00008a18      0xf24 c:/nxp/mcuxpressoide_10.2.1_795/ide/tools/bin/../lib/gcc/arm-none-eabi/7.2.1/../../../../arm-none-eabi/lib/thumb/v7-m\libc.a(lib_a-strtod.o)
                0x00008a18                _strtod_l
 .text._strtod_r
                0x0000993c       0x20 c:/nxp/mcuxpressoide_10.2.1_795/ide/tools/bin/../lib/gcc/arm-none-eabi/7.2.1/../../../../arm-none-eabi/lib/thumb/v7-m\libc.a(lib_a-strtod.o)
                0x0000993c                _strtod_r
 .text._strtol_l.isra.0
                0x0000995c      0x124 c:/nxp/mcuxpressoide_10.2.1_795/ide/tools/bin/../lib/gcc/arm-none-eabi/7.2.1/../../../../arm-none-eabi/lib/thumb/v7-m\libc.a(lib_a-strtol.o)
 .text._strtol_r
                0x00009a80       0x24 c:/nxp/mcuxpressoide_10.2.1_795/ide/tools/bin/../lib/gcc/arm-none-eabi/7.2.1/../../../../arm-none-eabi/lib/thumb/v7-m\libc.a(lib_a-strtol.o)
                0x00009a80                _strtol_r
 .text._strtoll_l.isra.0
                0x00009aa4      0x19c c:/nxp/mcuxpressoide_10.2.1_795/ide/tools/bin/../lib/gcc/arm-none-eabi/7.2.1/../../../../arm-none-eabi/lib/thumb/v7-m\libc.a(lib_a-strtoll.o)
 .text._strtoll_r
                0x00009c40       0x24 c:/nxp/mcuxpressoide_10.2.1_795/ide/tools/bin/../lib/gcc/arm-none-eabi/7.2.1/../../../../arm-none-eabi/lib/thumb/v7-m\libc.a(lib_a-strtoll.o)
                0x00009c40                _strtoll_r
 .text._strtoul_l.isra.0
                0x00009c64      0x14c c:/nxp/mcuxpressoide_10.2.1_795/ide/tools/bin/../lib/gcc/arm-none-eabi/7.2.1/../../../../arm-none-eabi/lib/thumb/v7-m\libc.a(lib_a-strtoul.o)
 .text._strtoul_r
                0x00009db0       0x24 c:/nxp/mcuxpressoide_10.2.1_795/ide/tools/bin/../lib/gcc/arm-none-eabi/7.2.1/../../../../arm-none-eabi/lib/thumb/v7-m\libc.a(lib_a-strtoul.o)
                0x00009db0                _strtoul_r
 .text._strtoull_l.isra.0
                0x00009dd4      0x1cc c:/nxp/mcuxpressoide_10.2.1_795/ide/tools/bin/../lib/gcc/arm-none-eabi/7.2.1/../../../../arm-none-eabi/lib/thumb/v7-m\libc.a(lib_a-strtoull.o)
 .text._strtoull_r
                0x00009fa0       0x24 c:/nxp/mcuxpressoide_10.2.1_795/ide/tools/bin/../lib/gcc/arm-none-eabi/7.2.1/../../../../arm-none-eabi/lib/thumb/v7-m\libc.a(lib_a-strtoull.o)
                0x00009fa0                _strtoull_r
 .text.__ssprint_r
                0x00009fc4       0xf4 c:/nxp/mcuxpressoide_10.2.1_795/ide/tools/bin/../lib/gcc/arm-none-eabi/7.2.1/../../../../arm-none-eabi/lib/thumb/v7-m\libc.a(lib_a-svfiprintf.o)
                0x00009fc4                __ssprint_r
 .text._sungetc_r
                0x0000a0b8       0x7c c:/nxp/mcuxpressoide_10.2.1_795/ide/tools/bin/../lib/gcc/arm-none-eabi/7.2.1/../../../../arm-none-eabi/lib/thumb/v7-m\libc.a(lib_a-svfiscanf.o)
                0x0000a0b8                _sungetc_r
 .text.__ssrefill_r
                0x0000a134       0x3c c:/nxp/mcuxpressoide_10.2.1_795/ide/tools/bin/../lib/gcc/arm-none-eabi/7.2.1/../../../../arm-none-eabi/lib/thumb/v7-m\libc.a(lib_a-svfiscanf.o)
                0x0000a134                __ssrefill_r
 .text._sfread_r
                0x0000a170       0x78 c:/nxp/mcuxpressoide_10.2.1_795/ide/tools/bin/../lib/gcc/arm-none-eabi/7.2.1/../../../../arm-none-eabi/lib/thumb/v7-m\libc.a(lib_a-svfiscanf.o)
                0x0000a170                _sfread_r
 .text.__submore
                0x0000a1e8       0x78 c:/nxp/mcuxpressoide_10.2.1_795/ide/tools/bin/../lib/gcc/arm-none-eabi/7.2.1/../../../../arm-none-eabi/lib/thumb/v7-m\libc.a(lib_a-ungetc.o)
                0x0000a1e8                __submore
 .text.__ascii_wctomb
                0x0000a260       0x18 c:/nxp/mcuxpressoide_10.2.1_795/ide/tools/bin/../lib/gcc/arm-none-eabi/7.2.1/../../../../arm-none-eabi/lib/thumb/v7-m\libc.a(lib_a-wctomb_r.o)
                0x0000a260                __ascii_wctomb
 .text._calloc_r
                0x0000a278       0x6c c:/nxp/mcuxpressoide_10.2.1_795/ide/tools/bin/../lib/gcc/arm-none-eabi/7.2.1/../../../../arm-none-eabi/lib/thumb/v7-m\libc.a(lib_a-callocr.o)
                0x0000a278                _calloc_r
 .text.rshift   0x0000a2e4       0xb0 c:/nxp/mcuxpressoide_10.2.1_795/ide/tools/bin/../lib/gcc/arm-none-eabi/7.2.1/../../../../arm-none-eabi/lib/thumb/v7-m\libc.a(lib_a-gdtoa-gethex.o)
 .text.__gethex
                0x0000a394      0x520 c:/nxp/mcuxpressoide_10.2.1_795/ide/tools/bin/../lib/gcc/arm-none-eabi/7.2.1/../../../../arm-none-eabi/lib/thumb/v7-m\libc.a(lib_a-gdtoa-gethex.o)
                0x0000a394                __gethex
 .text.__match  0x0000a8b4       0x30 c:/nxp/mcuxpressoide_10.2.1_795/ide/tools/bin/../lib/gcc/arm-none-eabi/7.2.1/../../../../arm-none-eabi/lib/thumb/v7-m\libc.a(lib_a-gdtoa-hexnan.o)
                0x0000a8b4                __match
 .text.__hexnan
                0x0000a8e4      0x1a0 c:/nxp/mcuxpressoide_10.2.1_795/ide/tools/bin/../lib/gcc/arm-none-eabi/7.2.1/../../../../arm-none-eabi/lib/thumb/v7-m\libc.a(lib_a-gdtoa-hexnan.o)
                0x0000a8e4                __hexnan
 .text.memmove  0x0000aa84       0xc4 c:/nxp/mcuxpressoide_10.2.1_795/ide/tools/bin/../lib/gcc/arm-none-eabi/7.2.1/../../../../arm-none-eabi/lib/thumb/v7-m\libc.a(lib_a-memmove.o)
                0x0000aa84                memmove
 .text._realloc_r
                0x0000ab48      0x374 c:/nxp/mcuxpressoide_10.2.1_795/ide/tools/bin/../lib/gcc/arm-none-eabi/7.2.1/../../../../arm-none-eabi/lib/thumb/v7-m\libc.a(lib_a-reallocr.o)
                0x0000ab48                _realloc_r
 .text.strncmp  0x0000aebc       0x94 c:/nxp/mcuxpressoide_10.2.1_795/ide/tools/bin/../lib/gcc/arm-none-eabi/7.2.1/../../../../arm-none-eabi/lib/thumb/v7-m\libc.a(lib_a-strncmp.o)
                0x0000aebc                strncmp
 .text._sbrk    0x0000af50       0x3c c:/nxp/mcuxpressoide_10.2.1_795/ide/tools/bin/../lib/gcc/arm-none-eabi/7.2.1/../../../../arm-none-eabi/lib/thumb/v7-m\libcr_newlib_nohost.a(_cr_sbrk.o)
                0x0000af50                _sbrk
 .text.__check_heap_overflow
                0x0000af8c       0x18 c:/nxp/mcuxpressoide_10.2.1_795/ide/tools/bin/../lib/gcc/arm-none-eabi/7.2.1/../../../../arm-none-eabi/lib/thumb/v7-m\libcr_newlib_nohost.a(_cr_check_heap.o)
                0x0000af8c                __check_heap_overflow
 .text          0x0000afa4       0x40 c:/nxp/mcuxpressoide_10.2.1_795/ide/tools/bin/../lib/gcc/arm-none-eabi/7.2.1/thumb/v7-m\crtbegin.o
 .text          0x0000afe4      0x110 c:/nxp/mcuxpressoide_10.2.1_795/ide/tools/bin/../lib/gcc/arm-none-eabi/7.2.1/thumb/v7-m\libgcc.a(_arm_cmpdf2.o)
                0x0000afe4                __gtdf2
                0x0000afe4                __gedf2
                0x0000afec                __ltdf2
                0x0000afec                __ledf2
                0x0000aff4                __nedf2
                0x0000aff4                __eqdf2
                0x0000aff4                __cmpdf2
                0x0000b070                __aeabi_cdrcmple
                0x0000b080                __aeabi_cdcmpeq
                0x0000b080                __aeabi_cdcmple
                0x0000b090                __aeabi_dcmpeq
                0x0000b0a4                __aeabi_dcmplt
                0x0000b0b8                __aeabi_dcmple
                0x0000b0cc                __aeabi_dcmpge
                0x0000b0e0                __aeabi_dcmpgt
 .text          0x0000b0f4       0x2c c:/nxp/mcuxpressoide_10.2.1_795/ide/tools/bin/../lib/gcc/arm-none-eabi/7.2.1/thumb/v7-m\libgcc.a(_arm_unorddf2.o)
                0x0000b0f4                __unorddf2
                0x0000b0f4                __aeabi_dcmpun
 .text          0x0000b120       0x50 c:/nxp/mcuxpressoide_10.2.1_795/ide/tools/bin/../lib/gcc/arm-none-eabi/7.2.1/thumb/v7-m\libgcc.a(_arm_fixdfsi.o)
                0x0000b120                __aeabi_d2iz
                0x0000b120                __fixdfsi
 .text          0x0000b170       0x40 c:/nxp/mcuxpressoide_10.2.1_795/ide/tools/bin/../lib/gcc/arm-none-eabi/7.2.1/thumb/v7-m\libgcc.a(_arm_fixunsdfsi.o)
                0x0000b170                __aeabi_d2uiz
                0x0000b170                __fixunsdfsi
 .text          0x0000b1b0       0xa0 c:/nxp/mcuxpressoide_10.2.1_795/ide/tools/bin/../lib/gcc/arm-none-eabi/7.2.1/thumb/v7-m\libgcc.a(_arm_truncdfsf2.o)
                0x0000b1b0                __truncdfsf2
                0x0000b1b0                __aeabi_d2f
 .text.__errno  0x0000b250        0xc c:/nxp/mcuxpressoide_10.2.1_795/ide/tools/bin/../lib/gcc/arm-none-eabi/7.2.1/../../../../arm-none-eabi/lib/thumb/v7-m\libc.a(lib_a-errno.o)
                0x0000b250                __errno
 *(.rodata .rodata.* .constdata .constdata.*)
 .rodata._ZTV12DigitalIoPin
                0x0000b25c       0x14 ./src/DigitalIoPin.o
                0x0000b25c                vtable for DigitalIoPin
 .rodata        0x0000b270       0x97 ./src/Lab06_01_stepper_motor_cmd.o
 *fill*         0x0000b307        0x1 ff
 .rodata        0x0000b308       0x40 C:\Users\Usin\Desktop\Projects\Metro\Embedded System project - ARM\FreeRTOS\Debug\libfreertos.a(tasks.o)
                0x0000b338                FreeRTOSDebugConfig
 .rodata.OscRateIn
                0x0000b348        0x4 C:\Users\Usin\Desktop\Projects\Metro\Embedded System project - ARM\lpc_board_nxp_lpcxpresso_1549\Debug\liblpc_board_nxp_lpcxpresso_1549.a(board.o)
                0x0000b348                OscRateIn
 .rodata.RTCOscRateIn
                0x0000b34c        0x4 C:\Users\Usin\Desktop\Projects\Metro\Embedded System project - ARM\lpc_board_nxp_lpcxpresso_1549\Debug\liblpc_board_nxp_lpcxpresso_1549.a(board.o)
                0x0000b34c                RTCOscRateIn
 .rodata.ledpins
                0x0000b350        0x3 C:\Users\Usin\Desktop\Projects\Metro\Embedded System project - ARM\lpc_board_nxp_lpcxpresso_1549\Debug\liblpc_board_nxp_lpcxpresso_1549.a(board.o)
 *fill*         0x0000b353        0x1 ff
 .rodata.ledports
                0x0000b354        0x3 C:\Users\Usin\Desktop\Projects\Metro\Embedded System project - ARM\lpc_board_nxp_lpcxpresso_1549\Debug\liblpc_board_nxp_lpcxpresso_1549.a(board.o)
 *fill*         0x0000b357        0x1 ff
 .rodata.ioconSetup
                0x0000b358       0x74 C:\Users\Usin\Desktop\Projects\Metro\Embedded System project - ARM\lpc_board_nxp_lpcxpresso_1549\Debug\liblpc_board_nxp_lpcxpresso_1549.a(board_sysinit.o)
 .rodata.swmSetup
                0x0000b3cc        0x6 C:\Users\Usin\Desktop\Projects\Metro\Embedded System project - ARM\lpc_board_nxp_lpcxpresso_1549\Debug\liblpc_board_nxp_lpcxpresso_1549.a(board_sysinit.o)
 *fill*         0x0000b3d2        0x2 ff
 .rodata._svfprintf_r.str1.4
                0x0000b3d4       0x42 c:/nxp/mcuxpressoide_10.2.1_795/ide/tools/bin/../lib/gcc/arm-none-eabi/7.2.1/../../../../arm-none-eabi/lib/thumb/v7-m\libc.a(lib_a-svfprintf.o)
 *fill*         0x0000b416        0x2 ff
 .rodata.blanks.7276
                0x0000b418       0x10 c:/nxp/mcuxpressoide_10.2.1_795/ide/tools/bin/../lib/gcc/arm-none-eabi/7.2.1/../../../../arm-none-eabi/lib/thumb/v7-m\libc.a(lib_a-svfprintf.o)
 .rodata.zeroes.7277
                0x0000b428       0x10 c:/nxp/mcuxpressoide_10.2.1_795/ide/tools/bin/../lib/gcc/arm-none-eabi/7.2.1/../../../../arm-none-eabi/lib/thumb/v7-m\libc.a(lib_a-svfprintf.o)
 .rodata.__ssvfscanf_r.str1.4
                0x0000b438        0x5 c:/nxp/mcuxpressoide_10.2.1_795/ide/tools/bin/../lib/gcc/arm-none-eabi/7.2.1/../../../../arm-none-eabi/lib/thumb/v7-m\libc.a(lib_a-svfscanf.o)
 *fill*         0x0000b43d        0x3 ff
 .rodata.basefix.7347
                0x0000b440       0x22 c:/nxp/mcuxpressoide_10.2.1_795/ide/tools/bin/../lib/gcc/arm-none-eabi/7.2.1/../../../../arm-none-eabi/lib/thumb/v7-m\libc.a(lib_a-svfscanf.o)
 *fill*         0x0000b462        0x2 ff
 .rodata._dtoa_r.str1.4
                0x0000b464       0x10 c:/nxp/mcuxpressoide_10.2.1_795/ide/tools/bin/../lib/gcc/arm-none-eabi/7.2.1/../../../../arm-none-eabi/lib/thumb/v7-m\libc.a(lib_a-dtoa.o)
                                 0x12 (size before relaxing)
 .rodata._setlocale_r.str1.4
                0x0000b474        0xa c:/nxp/mcuxpressoide_10.2.1_795/ide/tools/bin/../lib/gcc/arm-none-eabi/7.2.1/../../../../arm-none-eabi/lib/thumb/v7-m\libc.a(lib_a-locale.o)
                                  0xd (size before relaxing)
 *fill*         0x0000b47e        0x2 ff
 .rodata.str1.4
                0x0000b480        0x2 c:/nxp/mcuxpressoide_10.2.1_795/ide/tools/bin/../lib/gcc/arm-none-eabi/7.2.1/../../../../arm-none-eabi/lib/thumb/v7-m\libc.a(lib_a-locale.o)
 .rodata._mbrtowc_r.str1.4
                0x0000b482        0x1 c:/nxp/mcuxpressoide_10.2.1_795/ide/tools/bin/../lib/gcc/arm-none-eabi/7.2.1/../../../../arm-none-eabi/lib/thumb/v7-m\libc.a(lib_a-mbrtowc.o)
 *fill*         0x0000b482        0x6 ff
 .rodata.__mprec_bigtens
                0x0000b488       0x28 c:/nxp/mcuxpressoide_10.2.1_795/ide/tools/bin/../lib/gcc/arm-none-eabi/7.2.1/../../../../arm-none-eabi/lib/thumb/v7-m\libc.a(lib_a-mprec.o)
                0x0000b488                __mprec_bigtens
 .rodata.__mprec_tens
                0x0000b4b0       0xc8 c:/nxp/mcuxpressoide_10.2.1_795/ide/tools/bin/../lib/gcc/arm-none-eabi/7.2.1/../../../../arm-none-eabi/lib/thumb/v7-m\libc.a(lib_a-mprec.o)
                0x0000b4b0                __mprec_tens
 .rodata.p05.6092
                0x0000b578        0xc c:/nxp/mcuxpressoide_10.2.1_795/ide/tools/bin/../lib/gcc/arm-none-eabi/7.2.1/../../../../arm-none-eabi/lib/thumb/v7-m\libc.a(lib_a-mprec.o)
 .rodata._strtod_l.str1.4
                0x0000b584       0x10 c:/nxp/mcuxpressoide_10.2.1_795/ide/tools/bin/../lib/gcc/arm-none-eabi/7.2.1/../../../../arm-none-eabi/lib/thumb/v7-m\libc.a(lib_a-strtod.o)
                                  0xf (size before relaxing)
 .rodata.fpi.6168
                0x0000b594       0x14 c:/nxp/mcuxpressoide_10.2.1_795/ide/tools/bin/../lib/gcc/arm-none-eabi/7.2.1/../../../../arm-none-eabi/lib/thumb/v7-m\libc.a(lib_a-strtod.o)
 .rodata.fpinan.6204
                0x0000b5a8       0x14 c:/nxp/mcuxpressoide_10.2.1_795/ide/tools/bin/../lib/gcc/arm-none-eabi/7.2.1/../../../../arm-none-eabi/lib/thumb/v7-m\libc.a(lib_a-strtod.o)
 *fill*         0x0000b5bc        0x4 ff
 .rodata.tinytens
                0x0000b5c0       0x28 c:/nxp/mcuxpressoide_10.2.1_795/ide/tools/bin/../lib/gcc/arm-none-eabi/7.2.1/../../../../arm-none-eabi/lib/thumb/v7-m\libc.a(lib_a-strtod.o)
 .rodata._ctype_
                0x0000b5e8      0x101 c:/nxp/mcuxpressoide_10.2.1_795/ide/tools/bin/../lib/gcc/arm-none-eabi/7.2.1/../../../../arm-none-eabi/lib/thumb/v7-m\libc.a(lib_a-ctype_.o)
                0x0000b5e8                _ctype_
 *fill*         0x0000b6e9        0x3 ff
 .rodata.__hexdig
                0x0000b6ec      0x100 c:/nxp/mcuxpressoide_10.2.1_795/ide/tools/bin/../lib/gcc/arm-none-eabi/7.2.1/../../../../arm-none-eabi/lib/thumb/v7-m\libc.a(lib_a-gdtoa-gethex.o)
                0x0000b6ec                __hexdig
                0x0000b7ec                . = ALIGN (0x4)
                0x0000b7ec                . = ALIGN (0x4)
 *(.init)
 .init          0x0000b7ec        0x4 c:/nxp/mcuxpressoide_10.2.1_795/ide/tools/bin/../lib/gcc/arm-none-eabi/7.2.1/thumb/v7-m\crti.o
                0x0000b7ec                _init
 .init          0x0000b7f0        0x8 c:/nxp/mcuxpressoide_10.2.1_795/ide/tools/bin/../lib/gcc/arm-none-eabi/7.2.1/thumb/v7-m\crtn.o
                0x0000b7f8                . = ALIGN (0x4)
                0x0000b7f8                __preinit_array_start = .
 *(.preinit_array)
                0x0000b7f8                __preinit_array_end = .
                0x0000b7f8                . = ALIGN (0x4)
                0x0000b7f8                __init_array_start = .
 *(SORT_BY_NAME(.init_array.*))
 *(.init_array)
 .init_array    0x0000b7f8        0x4 ./src/Lab06_01_stepper_motor_cmd.o
 .init_array    0x0000b7fc        0x4 c:/nxp/mcuxpressoide_10.2.1_795/ide/tools/bin/../lib/gcc/arm-none-eabi/7.2.1/thumb/v7-m\crtbegin.o
                0x0000b800                __init_array_end = .
 *(.fini)
 .fini          0x0000b800        0x4 c:/nxp/mcuxpressoide_10.2.1_795/ide/tools/bin/../lib/gcc/arm-none-eabi/7.2.1/thumb/v7-m\crti.o
                0x0000b800                _fini
 .fini          0x0000b804        0x8 c:/nxp/mcuxpressoide_10.2.1_795/ide/tools/bin/../lib/gcc/arm-none-eabi/7.2.1/thumb/v7-m\crtn.o
                0x0000b80c                . = ALIGN (0x4)
 *crtbegin.o(.ctors)
 *(EXCLUDE_FILE(*crtend.o) .ctors)
 *(SORT_BY_NAME(.ctors.*))
 *crtend.o(.ctors)
                0x0000b80c                . = ALIGN (0x4)
 *crtbegin.o(.dtors)
 *(EXCLUDE_FILE(*crtend.o) .dtors)
 *(SORT_BY_NAME(.dtors.*))
 *crtend.o(.dtors)
                0x0000b80c                . = ALIGN (0x4)

.glue_7         0x0000b80c        0x0
 .glue_7        0x0000b80c        0x0 linker stubs

.glue_7t        0x0000b80c        0x0
 .glue_7t       0x0000b80c        0x0 linker stubs

.vfp11_veneer   0x0000b80c        0x0
 .vfp11_veneer  0x0000b80c        0x0 linker stubs

.v4_bx          0x0000b80c        0x0
 .v4_bx         0x0000b80c        0x0 linker stubs

.iplt           0x0000b80c        0x0
 .iplt          0x0000b80c        0x0 ./src/DigitalIoPin.o

.ARM.extab
 *(.ARM.extab* .gnu.linkonce.armextab.*)
                0x0000b80c                __exidx_start = .

.ARM.exidx      0x0000b80c        0x8
 *(.ARM.exidx* .gnu.linkonce.armexidx.*)
 .ARM.exidx     0x0000b80c        0x8 c:/nxp/mcuxpressoide_10.2.1_795/ide/tools/bin/../lib/gcc/arm-none-eabi/7.2.1/thumb/v7-m\libgcc.a(_udivmoddi4.o)
                0x0000b814                __exidx_end = .
                0x0000b814                _etext = .

.rel.dyn        0x0000b814        0x0
 .rel.iplt      0x0000b814        0x0 ./src/DigitalIoPin.o

.eh_frame       0x0000b814        0x0
 .eh_frame      0x0000b814        0x0 c:/nxp/mcuxpressoide_10.2.1_795/ide/tools/bin/../lib/gcc/arm-none-eabi/7.2.1/thumb/v7-m\crtbegin.o

.data_RAM2      0x02008000        0x0 load address 0x0000b814
 FILL mask 0xff
                [!provide]                PROVIDE (__start_data_RAM2, .)
 *(.ramfunc.$RAM2)
 *(.ramfunc.$Ram2_4)
 *(.data.$RAM2*)
 *(.data.$Ram2_4*)
                0x02008000                . = ALIGN (0x4)
                [!provide]                PROVIDE (__end_data_RAM2, .)

.uninit_RESERVED
                0x02000000        0x0
 *(.bss.$RESERVED*)
                0x02000000                . = ALIGN (0x4)
                0x02000000                _end_uninit_RESERVED = .

.data           0x02000000      0x9ac load address 0x0000b814
 FILL mask 0xff
                0x02000000                _data = .
 *(vtable)
 *(.ramfunc*)
 *(.data*)
 .data.uxCriticalNesting
                0x02000000        0x4 C:\Users\Usin\Desktop\Projects\Metro\Embedded System project - ARM\FreeRTOS\Debug\libfreertos.a(port.o)
 .data._impure_ptr
                0x02000004        0x4 c:/nxp/mcuxpressoide_10.2.1_795/ide/tools/bin/../lib/gcc/arm-none-eabi/7.2.1/../../../../arm-none-eabi/lib/thumb/v7-m\libc.a(lib_a-impure.o)
                0x02000004                _impure_ptr
 .data.impure_data
                0x02000008      0x428 c:/nxp/mcuxpressoide_10.2.1_795/ide/tools/bin/../lib/gcc/arm-none-eabi/7.2.1/../../../../arm-none-eabi/lib/thumb/v7-m\libc.a(lib_a-impure.o)
 .data.__malloc_av_
                0x02000430      0x408 c:/nxp/mcuxpressoide_10.2.1_795/ide/tools/bin/../lib/gcc/arm-none-eabi/7.2.1/../../../../arm-none-eabi/lib/thumb/v7-m\libc.a(lib_a-mallocr.o)
                0x02000430                __malloc_av_
 .data.__malloc_sbrk_base
                0x02000838        0x4 c:/nxp/mcuxpressoide_10.2.1_795/ide/tools/bin/../lib/gcc/arm-none-eabi/7.2.1/../../../../arm-none-eabi/lib/thumb/v7-m\libc.a(lib_a-mallocr.o)
                0x02000838                __malloc_sbrk_base
 .data.__malloc_trim_threshold
                0x0200083c        0x4 c:/nxp/mcuxpressoide_10.2.1_795/ide/tools/bin/../lib/gcc/arm-none-eabi/7.2.1/../../../../arm-none-eabi/lib/thumb/v7-m\libc.a(lib_a-mallocr.o)
                0x0200083c                __malloc_trim_threshold
 .data.__global_locale
                0x02000840      0x16c c:/nxp/mcuxpressoide_10.2.1_795/ide/tools/bin/../lib/gcc/arm-none-eabi/7.2.1/../../../../arm-none-eabi/lib/thumb/v7-m\libc.a(lib_a-locale.o)
                0x02000840                __global_locale
                0x020009ac                . = ALIGN (0x4)
                0x020009ac                _edata = .

.igot.plt       0x020009ac        0x0 load address 0x0000c1c0
 .igot.plt      0x020009ac        0x0 ./src/DigitalIoPin.o

.bss_RAM2       0x02008000        0x0
                [!provide]                PROVIDE (__start_bss_RAM2, .)
 *(.bss.$RAM2*)
 *(.bss.$Ram2_4*)
                0x02008000                . = ALIGN ((. != 0x0)?0x4:0x1)
                [!provide]                PROVIDE (__end_bss_RAM2, .)

.bss            0x020009ac      0x1e0
                0x020009ac                _bss = .
 *(.bss*)
 .bss.RIT_count
                0x020009ac        0x4 ./src/Lab06_01_stepper_motor_cmd.o
                0x020009ac                RIT_count
 .bss.sbRIT     0x020009b0        0x4 ./src/Lab06_01_stepper_motor_cmd.o
                0x020009b0                sbRIT
 .bss.countingSMP
                0x020009b4        0x4 ./src/Lab06_01_stepper_motor_cmd.o
                0x020009b4                countingSMP
 .bss.g_hUsb    0x020009b8        0x4 ./src/cdc_main.o
 .bss.g_pUsbApi
                0x020009bc        0x4 ./src/cdc_main.o
                0x020009bc                g_pUsbApi
 .bss.xCDCEventSemaphore
                0x020009c0        0x4 ./src/cdc_main.o
 .bss.pxCurrentTCB
                0x020009c4        0x4 C:\Users\Usin\Desktop\Projects\Metro\Embedded System project - ARM\FreeRTOS\Debug\libfreertos.a(tasks.o)
                0x020009c4                pxCurrentTCB
 .bss.pxReadyTasksLists
                0x020009c8       0xa0 C:\Users\Usin\Desktop\Projects\Metro\Embedded System project - ARM\FreeRTOS\Debug\libfreertos.a(tasks.o)
 .bss.xDelayedTaskList1
                0x02000a68       0x14 C:\Users\Usin\Desktop\Projects\Metro\Embedded System project - ARM\FreeRTOS\Debug\libfreertos.a(tasks.o)
 .bss.xDelayedTaskList2
                0x02000a7c       0x14 C:\Users\Usin\Desktop\Projects\Metro\Embedded System project - ARM\FreeRTOS\Debug\libfreertos.a(tasks.o)
 .bss.pxDelayedTaskList
                0x02000a90        0x4 C:\Users\Usin\Desktop\Projects\Metro\Embedded System project - ARM\FreeRTOS\Debug\libfreertos.a(tasks.o)
 .bss.pxOverflowDelayedTaskList
                0x02000a94        0x4 C:\Users\Usin\Desktop\Projects\Metro\Embedded System project - ARM\FreeRTOS\Debug\libfreertos.a(tasks.o)
 .bss.xPendingReadyList
                0x02000a98       0x14 C:\Users\Usin\Desktop\Projects\Metro\Embedded System project - ARM\FreeRTOS\Debug\libfreertos.a(tasks.o)
 .bss.xTasksWaitingTermination
                0x02000aac       0x14 C:\Users\Usin\Desktop\Projects\Metro\Embedded System project - ARM\FreeRTOS\Debug\libfreertos.a(tasks.o)
 .bss.uxDeletedTasksWaitingCleanUp
                0x02000ac0        0x4 C:\Users\Usin\Desktop\Projects\Metro\Embedded System project - ARM\FreeRTOS\Debug\libfreertos.a(tasks.o)
 .bss.xSuspendedTaskList
                0x02000ac4       0x14 C:\Users\Usin\Desktop\Projects\Metro\Embedded System project - ARM\FreeRTOS\Debug\libfreertos.a(tasks.o)
 .bss.uxCurrentNumberOfTasks
                0x02000ad8        0x4 C:\Users\Usin\Desktop\Projects\Metro\Embedded System project - ARM\FreeRTOS\Debug\libfreertos.a(tasks.o)
 .bss.xTickCount
                0x02000adc        0x4 C:\Users\Usin\Desktop\Projects\Metro\Embedded System project - ARM\FreeRTOS\Debug\libfreertos.a(tasks.o)
 .bss.uxTopReadyPriority
                0x02000ae0        0x4 C:\Users\Usin\Desktop\Projects\Metro\Embedded System project - ARM\FreeRTOS\Debug\libfreertos.a(tasks.o)
 .bss.xSchedulerRunning
                0x02000ae4        0x4 C:\Users\Usin\Desktop\Projects\Metro\Embedded System project - ARM\FreeRTOS\Debug\libfreertos.a(tasks.o)
 .bss.uxPendedTicks
                0x02000ae8        0x4 C:\Users\Usin\Desktop\Projects\Metro\Embedded System project - ARM\FreeRTOS\Debug\libfreertos.a(tasks.o)
 .bss.xYieldPending
                0x02000aec        0x4 C:\Users\Usin\Desktop\Projects\Metro\Embedded System project - ARM\FreeRTOS\Debug\libfreertos.a(tasks.o)
 .bss.xNumOfOverflows
                0x02000af0        0x4 C:\Users\Usin\Desktop\Projects\Metro\Embedded System project - ARM\FreeRTOS\Debug\libfreertos.a(tasks.o)
 .bss.uxTaskNumber
                0x02000af4        0x4 C:\Users\Usin\Desktop\Projects\Metro\Embedded System project - ARM\FreeRTOS\Debug\libfreertos.a(tasks.o)
 .bss.xNextTaskUnblockTime
                0x02000af8        0x4 C:\Users\Usin\Desktop\Projects\Metro\Embedded System project - ARM\FreeRTOS\Debug\libfreertos.a(tasks.o)
 .bss.xIdleTaskHandle
                0x02000afc        0x4 C:\Users\Usin\Desktop\Projects\Metro\Embedded System project - ARM\FreeRTOS\Debug\libfreertos.a(tasks.o)
 .bss.uxSchedulerSuspended
                0x02000b00        0x4 C:\Users\Usin\Desktop\Projects\Metro\Embedded System project - ARM\FreeRTOS\Debug\libfreertos.a(tasks.o)
 .bss.ulTaskSwitchedInTime
                0x02000b04        0x4 C:\Users\Usin\Desktop\Projects\Metro\Embedded System project - ARM\FreeRTOS\Debug\libfreertos.a(tasks.o)
 .bss.ulTotalRunTime
                0x02000b08        0x4 C:\Users\Usin\Desktop\Projects\Metro\Embedded System project - ARM\FreeRTOS\Debug\libfreertos.a(tasks.o)
 .bss.__malloc_current_mallinfo
                0x02000b0c       0x28 c:/nxp/mcuxpressoide_10.2.1_795/ide/tools/bin/../lib/gcc/arm-none-eabi/7.2.1/../../../../arm-none-eabi/lib/thumb/v7-m\libc.a(lib_a-mallocr.o)
                0x02000b0c                __malloc_current_mallinfo
 .bss.__malloc_max_sbrked_mem
                0x02000b34        0x4 c:/nxp/mcuxpressoide_10.2.1_795/ide/tools/bin/../lib/gcc/arm-none-eabi/7.2.1/../../../../arm-none-eabi/lib/thumb/v7-m\libc.a(lib_a-mallocr.o)
                0x02000b34                __malloc_max_sbrked_mem
 .bss.__malloc_max_total_mem
                0x02000b38        0x4 c:/nxp/mcuxpressoide_10.2.1_795/ide/tools/bin/../lib/gcc/arm-none-eabi/7.2.1/../../../../arm-none-eabi/lib/thumb/v7-m\libc.a(lib_a-mallocr.o)
                0x02000b38                __malloc_max_total_mem
 .bss.__malloc_top_pad
                0x02000b3c        0x4 c:/nxp/mcuxpressoide_10.2.1_795/ide/tools/bin/../lib/gcc/arm-none-eabi/7.2.1/../../../../arm-none-eabi/lib/thumb/v7-m\libc.a(lib_a-mallocr.o)
                0x02000b3c                __malloc_top_pad
 .bss.__end_of_heap
                0x02000b40        0x4 c:/nxp/mcuxpressoide_10.2.1_795/ide/tools/bin/../lib/gcc/arm-none-eabi/7.2.1/../../../../arm-none-eabi/lib/thumb/v7-m\libcr_newlib_nohost.a(_cr_sbrk.o)
                0x02000b40                __end_of_heap
 .bss           0x02000b44       0x1c c:/nxp/mcuxpressoide_10.2.1_795/ide/tools/bin/../lib/gcc/arm-none-eabi/7.2.1/thumb/v7-m\crtbegin.o
 *(COMMON)
 COMMON         0x02000b60        0x4 C:\Users\Usin\Desktop\Projects\Metro\Embedded System project - ARM\lpc_chip_15xx\Debug\liblpc_chip_15xx.a(chip_15xx.o)
                0x02000b60                SystemCoreClock
 COMMON         0x02000b64        0x4 c:/nxp/mcuxpressoide_10.2.1_795/ide/tools/bin/../lib/gcc/arm-none-eabi/7.2.1/../../../../arm-none-eabi/lib/thumb/v7-m\libc.a(lib_a-reent.o)
                0x02000b64                errno
 COMMON         0x02000b68       0x21 c:/nxp/mcuxpressoide_10.2.1_795/ide/tools/bin/../lib/gcc/arm-none-eabi/7.2.1/../../../../arm-none-eabi/lib/thumb/v7-m\libc.a(lib_a-lock.o)
                0x02000b68                __lock___atexit_recursive_mutex
                0x02000b6c                __lock___arc4random_mutex
                0x02000b70                __lock___env_recursive_mutex
                0x02000b74                __lock___sinit_recursive_mutex
                0x02000b78                __lock___malloc_recursive_mutex
                0x02000b7c                __lock___at_quick_exit_mutex
                0x02000b80                __lock___dd_hash_mutex
                0x02000b84                __lock___tz_mutex
                0x02000b88                __lock___sfp_recursive_mutex
                0x02000b8c                . = ALIGN (0x4)
 *fill*         0x02000b89        0x3 
                0x02000b8c                _ebss = .
                [!provide]                PROVIDE (end, .)

.noinit_RAM2    0x02008000        0x0
 *(.noinit.$RAM2*)
 *(.noinit.$Ram2_4*)
                0x02008000                . = ALIGN (0x4)

.noinit         0x02000b8c        0x0
                0x02000b8c                _noinit = .
 *(.noinit*)
                0x02000b8c                . = ALIGN (0x4)
                0x02000b8c                _end_noinit = .
                0x02000b8c                PROVIDE (_pvHeapStart, DEFINED (__user_heap_base)?__user_heap_base:.)
                0x02008000                PROVIDE (_vStackTop, DEFINED (__user_stack_top)?__user_stack_top:(__top_Ram0_16_32 - 0x0))
                0xfdff735a                PROVIDE (__valid_user_code_checksum, (0x0 - ((((((_vStackTop + (ResetISR + 0x1)) + (NMI_Handler + 0x1)) + (HardFault_Handler + 0x1)) + (DEFINED (MemManage_Handler)?MemManage_Handler:0x0 + 0x1)) + (DEFINED (BusFault_Handler)?BusFault_Handler:0x0 + 0x1)) + (DEFINED (UsageFault_Handler)?UsageFault_Handler:0x0 + 0x1))))
                0x00000000                _image_start = LOADADDR (.text)
                0x0000c1c0                _image_end = (LOADADDR (.data) + SIZEOF (.data))
                0x0000c1c0                _image_size = (_image_end - _image_start)
OUTPUT(Lab06_01_stepper_motor_cmd.axf elf32-littlearm)

.debug_info     0x00000000    0x1b608
 .debug_info    0x00000000      0x6c3 ./src/DigitalIoPin.o
 .debug_info    0x000006c3      0x3ae ./src/ITM_write.o
 .debug_info    0x00000a71     0x62bf ./src/Lab06_01_stepper_motor_cmd.o
 .debug_info    0x00006d30     0x3886 ./src/cdc_main.o
 .debug_info    0x0000a5b6     0x109f ./src/cr_cpp_config.o
 .debug_info    0x0000b655      0x27e ./src/cr_startup_lpc15xx.o
 .debug_info    0x0000b8d3      0x96c ./src/sysinit.o
 .debug_info    0x0000c23f     0x1a59 C:\Users\Usin\Desktop\Projects\Metro\Embedded System project - ARM\FreeRTOS\Debug\libfreertos.a(queue.o)
 .debug_info    0x0000dc98     0x2a98 C:\Users\Usin\Desktop\Projects\Metro\Embedded System project - ARM\FreeRTOS\Debug\libfreertos.a(tasks.o)
 .debug_info    0x00010730      0x9d7 C:\Users\Usin\Desktop\Projects\Metro\Embedded System project - ARM\FreeRTOS\Debug\libfreertos.a(heap_3.o)
 .debug_info    0x00011107      0xca4 C:\Users\Usin\Desktop\Projects\Metro\Embedded System project - ARM\FreeRTOS\Debug\libfreertos.a(port.o)
 .debug_info    0x00011dab      0xa85 C:\Users\Usin\Desktop\Projects\Metro\Embedded System project - ARM\FreeRTOS\Debug\libfreertos.a(FreeRTOSCommonHooks.o)
 .debug_info    0x00012830      0xb76 C:\Users\Usin\Desktop\Projects\Metro\Embedded System project - ARM\FreeRTOS\Debug\libfreertos.a(list.o)
 .debug_info    0x000133a6     0x135e C:\Users\Usin\Desktop\Projects\Metro\Embedded System project - ARM\lpc_board_nxp_lpcxpresso_1549\Debug\liblpc_board_nxp_lpcxpresso_1549.a(board.o)
 .debug_info    0x00014704     0x150a C:\Users\Usin\Desktop\Projects\Metro\Embedded System project - ARM\lpc_board_nxp_lpcxpresso_1549\Debug\liblpc_board_nxp_lpcxpresso_1549.a(board_sysinit.o)
 .debug_info    0x00015c0e      0x9dd C:\Users\Usin\Desktop\Projects\Metro\Embedded System project - ARM\lpc_chip_15xx\Debug\liblpc_chip_15xx.a(chip_15xx.o)
 .debug_info    0x000165eb      0xd9e C:\Users\Usin\Desktop\Projects\Metro\Embedded System project - ARM\lpc_chip_15xx\Debug\liblpc_chip_15xx.a(clock_15xx.o)
 .debug_info    0x00017389      0x688 C:\Users\Usin\Desktop\Projects\Metro\Embedded System project - ARM\lpc_chip_15xx\Debug\liblpc_chip_15xx.a(gpio_15xx.o)
 .debug_info    0x00017a11      0x279 C:\Users\Usin\Desktop\Projects\Metro\Embedded System project - ARM\lpc_chip_15xx\Debug\liblpc_chip_15xx.a(iocon_15xx.o)
 .debug_info    0x00017c8a      0x623 C:\Users\Usin\Desktop\Projects\Metro\Embedded System project - ARM\lpc_chip_15xx\Debug\liblpc_chip_15xx.a(ritimer_15xx.o)
 .debug_info    0x000182ad      0xaba C:\Users\Usin\Desktop\Projects\Metro\Embedded System project - ARM\lpc_chip_15xx\Debug\liblpc_chip_15xx.a(sct_15xx.o)
 .debug_info    0x00018d67      0x66c C:\Users\Usin\Desktop\Projects\Metro\Embedded System project - ARM\lpc_chip_15xx\Debug\liblpc_chip_15xx.a(swm_15xx.o)
 .debug_info    0x000193d3      0x79f C:\Users\Usin\Desktop\Projects\Metro\Embedded System project - ARM\lpc_chip_15xx\Debug\liblpc_chip_15xx.a(sysctl_15xx.o)
 .debug_info    0x00019b72      0x778 C:\Users\Usin\Desktop\Projects\Metro\Embedded System project - ARM\lpc_chip_15xx\Debug\liblpc_chip_15xx.a(sysinit_15xx.o)
 .debug_info    0x0001a2ea      0x955 C:\Users\Usin\Desktop\Projects\Metro\Embedded System project - ARM\lpc_chip_15xx\Debug\liblpc_chip_15xx.a(uart_15xx.o)
 .debug_info    0x0001ac3f      0x95f c:/nxp/mcuxpressoide_10.2.1_795/ide/tools/bin/../lib/gcc/arm-none-eabi/7.2.1/../../../../arm-none-eabi/lib/thumb/v7-m\libcr_newlib_nohost.a(_cr_sbrk.o)
 .debug_info    0x0001b59e       0x6a c:/nxp/mcuxpressoide_10.2.1_795/ide/tools/bin/../lib/gcc/arm-none-eabi/7.2.1/../../../../arm-none-eabi/lib/thumb/v7-m\libcr_newlib_nohost.a(_cr_check_heap.o)

.debug_abbrev   0x00000000     0x40ad
 .debug_abbrev  0x00000000      0x2da ./src/DigitalIoPin.o
 .debug_abbrev  0x000002da      0x134 ./src/ITM_write.o
 .debug_abbrev  0x0000040e      0x8c4 ./src/Lab06_01_stepper_motor_cmd.o
 .debug_abbrev  0x00000cd2      0x33d ./src/cdc_main.o
 .debug_abbrev  0x0000100f      0x32c ./src/cr_cpp_config.o
 .debug_abbrev  0x0000133b      0x106 ./src/cr_startup_lpc15xx.o
 .debug_abbrev  0x00001441      0x1b1 ./src/sysinit.o
 .debug_abbrev  0x000015f2      0x36a C:\Users\Usin\Desktop\Projects\Metro\Embedded System project - ARM\FreeRTOS\Debug\libfreertos.a(queue.o)
 .debug_abbrev  0x0000195c      0x3f2 C:\Users\Usin\Desktop\Projects\Metro\Embedded System project - ARM\FreeRTOS\Debug\libfreertos.a(tasks.o)
 .debug_abbrev  0x00001d4e      0x214 C:\Users\Usin\Desktop\Projects\Metro\Embedded System project - ARM\FreeRTOS\Debug\libfreertos.a(heap_3.o)
 .debug_abbrev  0x00001f62      0x31d C:\Users\Usin\Desktop\Projects\Metro\Embedded System project - ARM\FreeRTOS\Debug\libfreertos.a(port.o)
 .debug_abbrev  0x0000227f      0x26f C:\Users\Usin\Desktop\Projects\Metro\Embedded System project - ARM\FreeRTOS\Debug\libfreertos.a(FreeRTOSCommonHooks.o)
 .debug_abbrev  0x000024ee      0x205 C:\Users\Usin\Desktop\Projects\Metro\Embedded System project - ARM\FreeRTOS\Debug\libfreertos.a(list.o)
 .debug_abbrev  0x000026f3      0x32b C:\Users\Usin\Desktop\Projects\Metro\Embedded System project - ARM\lpc_board_nxp_lpcxpresso_1549\Debug\liblpc_board_nxp_lpcxpresso_1549.a(board.o)
 .debug_abbrev  0x00002a1e      0x2fa C:\Users\Usin\Desktop\Projects\Metro\Embedded System project - ARM\lpc_board_nxp_lpcxpresso_1549\Debug\liblpc_board_nxp_lpcxpresso_1549.a(board_sysinit.o)
 .debug_abbrev  0x00002d18      0x1c0 C:\Users\Usin\Desktop\Projects\Metro\Embedded System project - ARM\lpc_chip_15xx\Debug\liblpc_chip_15xx.a(chip_15xx.o)
 .debug_abbrev  0x00002ed8      0x2ac C:\Users\Usin\Desktop\Projects\Metro\Embedded System project - ARM\lpc_chip_15xx\Debug\liblpc_chip_15xx.a(clock_15xx.o)
 .debug_abbrev  0x00003184      0x188 C:\Users\Usin\Desktop\Projects\Metro\Embedded System project - ARM\lpc_chip_15xx\Debug\liblpc_chip_15xx.a(gpio_15xx.o)
 .debug_abbrev  0x0000330c      0x144 C:\Users\Usin\Desktop\Projects\Metro\Embedded System project - ARM\lpc_chip_15xx\Debug\liblpc_chip_15xx.a(iocon_15xx.o)
 .debug_abbrev  0x00003450      0x188 C:\Users\Usin\Desktop\Projects\Metro\Embedded System project - ARM\lpc_chip_15xx\Debug\liblpc_chip_15xx.a(ritimer_15xx.o)
 .debug_abbrev  0x000035d8      0x202 C:\Users\Usin\Desktop\Projects\Metro\Embedded System project - ARM\lpc_chip_15xx\Debug\liblpc_chip_15xx.a(sct_15xx.o)
 .debug_abbrev  0x000037da      0x165 C:\Users\Usin\Desktop\Projects\Metro\Embedded System project - ARM\lpc_chip_15xx\Debug\liblpc_chip_15xx.a(swm_15xx.o)
 .debug_abbrev  0x0000393f      0x13a C:\Users\Usin\Desktop\Projects\Metro\Embedded System project - ARM\lpc_chip_15xx\Debug\liblpc_chip_15xx.a(sysctl_15xx.o)
 .debug_abbrev  0x00003a79      0x1b5 C:\Users\Usin\Desktop\Projects\Metro\Embedded System project - ARM\lpc_chip_15xx\Debug\liblpc_chip_15xx.a(sysinit_15xx.o)
 .debug_abbrev  0x00003c2e      0x1fa C:\Users\Usin\Desktop\Projects\Metro\Embedded System project - ARM\lpc_chip_15xx\Debug\liblpc_chip_15xx.a(uart_15xx.o)
 .debug_abbrev  0x00003e28      0x223 c:/nxp/mcuxpressoide_10.2.1_795/ide/tools/bin/../lib/gcc/arm-none-eabi/7.2.1/../../../../arm-none-eabi/lib/thumb/v7-m\libcr_newlib_nohost.a(_cr_sbrk.o)
 .debug_abbrev  0x0000404b       0x62 c:/nxp/mcuxpressoide_10.2.1_795/ide/tools/bin/../lib/gcc/arm-none-eabi/7.2.1/../../../../arm-none-eabi/lib/thumb/v7-m\libcr_newlib_nohost.a(_cr_check_heap.o)

.debug_aranges  0x00000000      0xca8
 .debug_aranges
                0x00000000       0x68 ./src/DigitalIoPin.o
 .debug_aranges
                0x00000068       0x30 ./src/ITM_write.o
 .debug_aranges
                0x00000098       0xa0 ./src/Lab06_01_stepper_motor_cmd.o
 .debug_aranges
                0x00000138       0x50 ./src/cdc_main.o
 .debug_aranges
                0x00000188       0x48 ./src/cr_cpp_config.o
 .debug_aranges
                0x000001d0       0x80 ./src/cr_startup_lpc15xx.o
 .debug_aranges
                0x00000250       0x20 ./src/sysinit.o
 .debug_aranges