Archive member included to satisfy reference by file (symbol)

C:\Users\Usin\Desktop\Projects\Metro\Embedded System project - ARM\FreeRTOS\Debug\libfreertos.a(queue.o)
                              ./src/Lab06_02_stepper_motor_go_stop.o (xQueueGenericCreate)
C:\Users\Usin\Desktop\Projects\Metro\Embedded System project - ARM\FreeRTOS\Debug\libfreertos.a(tasks.o)
                              ./src/Lab06_02_stepper_motor_go_stop.o (xTaskCreate)
C:\Users\Usin\Desktop\Projects\Metro\Embedded System project - ARM\FreeRTOS\Debug\libfreertos.a(heap_3.o)
                              C:\Users\Usin\Desktop\Projects\Metro\Embedded System project - ARM\FreeRTOS\Debug\libfreertos.a(queue.o) (pvPortMalloc)
C:\Users\Usin\Desktop\Projects\Metro\Embedded System project - ARM\FreeRTOS\Debug\libfreertos.a(port.o)
                              C:\Users\Usin\Desktop\Projects\Metro\Embedded System project - ARM\FreeRTOS\Debug\libfreertos.a(tasks.o) (pxPortInitialiseStack)
C:\Users\Usin\Desktop\Projects\Metro\Embedded System project - ARM\FreeRTOS\Debug\libfreertos.a(FreeRTOSCommonHooks.o)
                              C:\Users\Usin\Desktop\Projects\Metro\Embedded System project - ARM\FreeRTOS\Debug\libfreertos.a(heap_3.o) (vApplicationMallocFailedHook)
C:\Users\Usin\Desktop\Projects\Metro\Embedded System project - ARM\FreeRTOS\Debug\libfreertos.a(list.o)
                              C:\Users\Usin\Desktop\Projects\Metro\Embedded System project - ARM\FreeRTOS\Debug\libfreertos.a(queue.o) (vListInitialise)
C:\Users\Usin\Desktop\Projects\Metro\Embedded System project - ARM\lpc_board_nxp_lpcxpresso_1549\Debug\liblpc_board_nxp_lpcxpresso_1549.a(board.o)
                              ./src/Lab06_02_stepper_motor_go_stop.o (Board_UARTPutChar)
C:\Users\Usin\Desktop\Projects\Metro\Embedded System project - ARM\lpc_board_nxp_lpcxpresso_1549\Debug\liblpc_board_nxp_lpcxpresso_1549.a(board_sysinit.o)
                              ./src/sysinit.o (Board_SystemInit)
C:\Users\Usin\Desktop\Projects\Metro\Embedded System project - ARM\lpc_chip_15xx\Debug\liblpc_chip_15xx.a(chip_15xx.o)
                              C:\Users\Usin\Desktop\Projects\Metro\Embedded System project - ARM\FreeRTOS\Debug\libfreertos.a(port.o) (SystemCoreClock)
C:\Users\Usin\Desktop\Projects\Metro\Embedded System project - ARM\lpc_chip_15xx\Debug\liblpc_chip_15xx.a(clock_15xx.o)
                              C:\Users\Usin\Desktop\Projects\Metro\Embedded System project - ARM\lpc_board_nxp_lpcxpresso_1549\Debug\liblpc_board_nxp_lpcxpresso_1549.a(board.o) (Chip_Clock_GetMainClockRate)
C:\Users\Usin\Desktop\Projects\Metro\Embedded System project - ARM\lpc_chip_15xx\Debug\liblpc_chip_15xx.a(gpio_15xx.o)
                              C:\Users\Usin\Desktop\Projects\Metro\Embedded System project - ARM\lpc_board_nxp_lpcxpresso_1549\Debug\liblpc_board_nxp_lpcxpresso_1549.a(board.o) (Chip_GPIO_Init)
C:\Users\Usin\Desktop\Projects\Metro\Embedded System project - ARM\lpc_chip_15xx\Debug\liblpc_chip_15xx.a(iocon_15xx.o)
                              C:\Users\Usin\Desktop\Projects\Metro\Embedded System project - ARM\lpc_board_nxp_lpcxpresso_1549\Debug\liblpc_board_nxp_lpcxpresso_1549.a(board_sysinit.o) (Chip_IOCON_SetPinMuxing)
C:\Users\Usin\Desktop\Projects\Metro\Embedded System project - ARM\lpc_chip_15xx\Debug\liblpc_chip_15xx.a(ritimer_15xx.o)
                              ./src/Lab06_02_stepper_motor_go_stop.o (Chip_RIT_SetCTRL)
C:\Users\Usin\Desktop\Projects\Metro\Embedded System project - ARM\lpc_chip_15xx\Debug\liblpc_chip_15xx.a(sct_15xx.o)
                              ./src/Lab06_02_stepper_motor_go_stop.o (Chip_SCT_Init)
C:\Users\Usin\Desktop\Projects\Metro\Embedded System project - ARM\lpc_chip_15xx\Debug\liblpc_chip_15xx.a(swm_15xx.o)
                              ./src/ITM_write.o (Chip_SWM_MovablePinAssign)
C:\Users\Usin\Desktop\Projects\Metro\Embedded System project - ARM\lpc_chip_15xx\Debug\liblpc_chip_15xx.a(sysctl_15xx.o)
                              C:\Users\Usin\Desktop\Projects\Metro\Embedded System project - ARM\lpc_board_nxp_lpcxpresso_1549\Debug\liblpc_board_nxp_lpcxpresso_1549.a(board_sysinit.o) (Chip_SYSCTL_AssertPeriphReset)
C:\Users\Usin\Desktop\Projects\Metro\Embedded System project - ARM\lpc_chip_15xx\Debug\liblpc_chip_15xx.a(sysinit_15xx.o)
                              C:\Users\Usin\Desktop\Projects\Metro\Embedded System project - ARM\lpc_board_nxp_lpcxpresso_1549\Debug\liblpc_board_nxp_lpcxpresso_1549.a(board_sysinit.o) (Chip_SetupXtalClocking)
C:\Users\Usin\Desktop\Projects\Metro\Embedded System project - ARM\lpc_chip_15xx\Debug\liblpc_chip_15xx.a(uart_15xx.o)
                              C:\Users\Usin\Desktop\Projects\Metro\Embedded System project - ARM\lpc_board_nxp_lpcxpresso_1549\Debug\liblpc_board_nxp_lpcxpresso_1549.a(board.o) (Chip_UART_Init)
C:\Users\Usin\Desktop\Projects\Metro\Embedded System project - ARM\lpc_chip_15xx\Debug\liblpc_chip_15xx.a(ring_buffer.o)
[...]
Memory Configuration

Name             Origin             Length             Attributes
MFlash256        0x00000000         0x00040000         xr
Ram0_16_32       0x02000000         0x00008000         xrw
Ram2_4           0x02008000         0x00001000         xrw
*default*        0x00000000         0xffffffff

Linker script and memory map

LOAD ./src/DigitalIoPin.o
LOAD ./src/Fmutex.o
LOAD ./src/ITM_write.o
LOAD ./src/Lab06_02_stepper_motor_go_stop.o
LOAD ./src/cdc_desc.o
LOAD ./src/cdc_main.o
LOAD ./src/cdc_vcom.o
LOAD ./src/cr_cpp_config.o
LOAD ./src/cr_startup_lpc15xx.o
LOAD ./src/crp.o
LOAD ./src/sysinit.o
LOAD C:\Users\Usin\Desktop\Projects\Metro\Embedded System project - ARM\FreeRTOS\Debug\libfreertos.a
LOAD C:\Users\Usin\Desktop\Projects\Metro\Embedded System project - ARM\lpc_board_nxp_lpcxpresso_1549\Debug\liblpc_board_nxp_lpcxpresso_1549.a
LOAD C:\Users\Usin\Desktop\Projects\Metro\Embedded System project - ARM\lpc_chip_15xx\Debug\liblpc_chip_15xx.a
LOAD C:\Users\Usin\Desktop\Projects\Metro\Embedded System project - ARM\FreeRTOS\Debug\libFreeRTOS.a
START GROUP
LOAD c:/nxp/mcuxpressoide_10.2.1_795/ide/tools/bin/../lib/gcc/arm-none-eabi/7.2.1/thumb/v7-m\libgcc.a
LOAD c:/nxp/mcuxpressoide_10.2.1_795/ide/tools/bin/../lib/gcc/arm-none-eabi/7.2.1/../../../../arm-none-eabi/lib/thumb/v7-m\libc.a
LOAD c:/nxp/mcuxpressoide_10.2.1_795/ide/tools/bin/../lib/gcc/arm-none-eabi/7.2.1/../../../../arm-none-eabi/lib/thumb/v7-m\libstdc++.a
LOAD c:/nxp/mcuxpressoide_10.2.1_795/ide/tools/bin/../lib/gcc/arm-none-eabi/7.2.1/../../../../arm-none-eabi/lib/thumb/v7-m\libm.a
LOAD c:/nxp/mcuxpressoide_10.2.1_795/ide/tools/bin/../lib/gcc/arm-none-eabi/7.2.1/../../../../arm-none-eabi/lib/thumb/v7-m\libcr_newlib_nohost.a
LOAD c:/nxp/mcuxpressoide_10.2.1_795/ide/tools/bin/../lib/gcc/arm-none-eabi/7.2.1/thumb/v7-m\crti.o
LOAD c:/nxp/mcuxpressoide_10.2.1_795/ide/tools/bin/../lib/gcc/arm-none-eabi/7.2.1/thumb/v7-m\crtn.o
LOAD c:/nxp/mcuxpressoide_10.2.1_795/ide/tools/bin/../lib/gcc/arm-none-eabi/7.2.1/thumb/v7-m\crtbegin.o
LOAD c:/nxp/mcuxpressoide_10.2.1_795/ide/tools/bin/../lib/gcc/arm-none-eabi/7.2.1/thumb/v7-m\crtend.o
END GROUP
                0x00000000                __base_MFlash256 = 0x0
                0x00000000                __base_Flash = 0x0
                0x00040000                __top_MFlash256 = 0x40000
                0x00040000                __top_Flash = 0x40000
                0x02000000                __base_Ram0_16_32 = 0x2000000
                0x02000000                __base_RAM = 0x2000000
                0x02008000                __top_Ram0_16_32 = 0x2008000
                0x02008000                __top_RAM = 0x2008000
                0x02008000                __base_Ram2_4 = 0x2008000
                0x02008000                __base_RAM2 = 0x2008000
                0x02009000                __top_Ram2_4 = 0x2009000
                0x02009000                __top_RAM2 = 0x2009000

.text           0x00000000     0xba04
 FILL mask 0xff
                0x00000000                __vectors_start__ = ABSOLUTE (.)
 *(.isr_vector)
 .isr_vector    0x00000000       0xfc ./src/cr_startup_lpc15xx.o
                0x00000000                g_pfnVectors
                0x000000fc                . = ALIGN (0x4)
                0x000000fc                __section_table_start = .
                0x000000fc                __data_section_table = .
                0x000000fc        0x4 LONG 0xba0c LOADADDR (.data)
                0x00000100        0x4 LONG 0x2000000 ADDR (.data)
                0x00000104        0x4 LONG 0x9b4 SIZEOF (.data)
                0x00000108        0x4 LONG 0xba0c LOADADDR (.data_RAM2)
                0x0000010c        0x4 LONG 0x2008000 ADDR (.data_RAM2)
                0x00000110        0x4 LONG 0x0 SIZEOF (.data_RAM2)
                0x00000114                __data_section_table_end = .
                0x00000114                __bss_section_table = .
                0x00000114        0x4 LONG 0x20009b4 ADDR (.bss)
                0x00000118        0x4 LONG 0x1e4 SIZEOF (.bss)
                0x0000011c        0x4 LONG 0x2008000 ADDR (.bss_RAM2)
                0x00000120        0x4 LONG 0x0 SIZEOF (.bss_RAM2)
                0x00000124                __bss_section_table_end = .
                0x00000124                __section_table_end = .
 *(.after_vectors*)
 .after_vectors
                0x00000124      0x140 ./src/cr_startup_lpc15xx.o
                0x00000124                data_init(unsigned int, unsigned int, unsigned int)
                0x00000166                bss_init(unsigned int, unsigned int)
                0x0000019c                ResetISR
                0x00000228                NMI_Handler
                0x0000022e                HardFault_Handler
                0x00000234                MemManage_Handler
                0x0000023a                BusFault_Handler
                0x00000240                UsageFault_Handler
                0x0000024c                DebugMon_Handler
                0x0000025e                RTC_WAKE_IRQHandler
                0x0000025e                UART0_IRQHandler
                0x0000025e                UART1_IRQHandler
                0x0000025e                MRT_IRQHandler
                0x0000025e                SPI1_IRQHandler
                0x0000025e                PIN_INT6_IRQHandler
                0x0000025e                IntDefaultHandler
                0x0000025e                PIN_INT4_IRQHandler
                0x0000025e                CAN_IRQHandler
                0x0000025e                RTC_ALARM_IRQHandler
                0x0000025e                ADC1B_IRQHandler
                0x0000025e                ADC1_OVR_IRQHandler
                0x0000025e                USBWakeup_IRQHandler
                0x0000025e                UART2_IRQHandler
                0x0000025e                ADC1_THCMP_IRQHandler
                0x0000025e                SCT1_IRQHandler
                0x0000025e                PIN_INT2_IRQHandler
                0x0000025e                USB_FIQHandler
                0x0000025e                SCT3_IRQHandler
                0x0000025e                PIN_INT7_IRQHandler
                0x0000025e                ADC0_OVR_IRQHandler
                0x0000025e                PIN_INT1_IRQHandler
                0x0000025e                BOD_IRQHandler
                0x0000025e                ADC0B_IRQHandler
                0x0000025e                ACMP0_IRQHandler
                0x0000025e                I2C0_IRQHandler
                0x0000025e                SCT2_IRQHandler
                0x0000025e                WDT_IRQHandler
                0x0000025e                PIN_INT0_IRQHandler
                0x0000025e                QEI_IRQHandler
                0x0000025e                ACMP3_IRQHandler
                0x0000025e                GINT0_IRQHandler
                0x0000025e                DAC_IRQHandler
                0x0000025e                SPI0_IRQHandler
                0x0000025e                EEPROM_IRQHandler
                0x0000025e                ACMP2_IRQHandler
                0x0000025e                PIN_INT5_IRQHandler
                0x0000025e                ADC1A_IRQHandler
                0x0000025e                DMA_IRQHandler
                0x0000025e                PIN_INT3_IRQHandler
                0x0000025e                ACMP1_IRQHandler
                0x0000025e                SCT0_IRQHandler
                0x0000025e                ADC0A_IRQHandler
                0x0000025e                FMC_IRQHandler
                0x0000025e                GINT1_IRQHandler
                0x0000025e                ADC0_THCMP_IRQHandler
 *(.text*)
 .text.Chip_IOCON_PinMuxSet
                0x00000264       0x2c ./src/DigitalIoPin.o
 .text.Chip_GPIO_SetPinState
                0x00000290       0x36 ./src/DigitalIoPin.o
 .text.Chip_GPIO_GetPinState
                0x000002c6       0x34 ./src/DigitalIoPin.o
 .text.Chip_GPIO_SetPinDIROutput
                0x000002fa       0x3c ./src/DigitalIoPin.o
 .text.Chip_GPIO_SetPinDIRInput
                0x00000336       0x3e ./src/DigitalIoPin.o
 .text._ZN12DigitalIoPinC2EiiNS_7pinModeEb
                0x00000374       0xc0 ./src/DigitalIoPin.o
                0x00000374                DigitalIoPin::DigitalIoPin(int, int, DigitalIoPin::pinMode, bool)
                0x00000374                DigitalIoPin::DigitalIoPin(int, int, DigitalIoPin::pinMode, bool)
 .text._ZN12DigitalIoPinD2Ev
                0x00000434       0x20 ./src/DigitalIoPin.o
                0x00000434                DigitalIoPin::~DigitalIoPin()
                0x00000434                DigitalIoPin::~DigitalIoPin()
 .text._ZN12DigitalIoPinD0Ev
                0x00000454       0x1e ./src/DigitalIoPin.o
                0x00000454                DigitalIoPin::~DigitalIoPin()
 .text._ZN12DigitalIoPin4readEv
                0x00000472       0x28 ./src/DigitalIoPin.o
                0x00000472                DigitalIoPin::read()
 .text._ZN12DigitalIoPin5writeEb
                0x0000049a       0x2a ./src/DigitalIoPin.o
                0x0000049a                DigitalIoPin::write(bool)
 .text.Chip_SWM_MovablePortPinAssign
                0x000004c4       0x30 ./src/ITM_write.o
 .text.ITM_init
                0x000004f4       0x12 ./src/ITM_write.o
                0x000004f4                ITM_init
 *fill*         0x00000506        0x2 ff
 .text.NVIC_EnableIRQ
                0x00000508       0x30 ./src/Lab06_02_stepper_motor_go_stop.o
 .text.NVIC_DisableIRQ
                0x00000538       0x34 ./src/Lab06_02_stepper_motor_go_stop.o
 .text.NVIC_SetPriority
                0x0000056c       0x54 ./src/Lab06_02_stepper_motor_go_stop.o
 .text.Chip_RIT_Enable
                0x000005c0       0x18 ./src/Lab06_02_stepper_motor_go_stop.o
 .text.Chip_RIT_Disable
                0x000005d8       0x18 ./src/Lab06_02_stepper_motor_go_stop.o
 .text.Chip_RIT_EnableCompClear
                0x000005f0       0x18 ./src/Lab06_02_stepper_motor_go_stop.o
 .text.Chip_RIT_ClearIntStatus
                0x00000608       0x18 ./src/Lab06_02_stepper_motor_go_stop.o
 .text.vConfigureTimerForRunTimeStats
                0x00000620       0x20 ./src/Lab06_02_stepper_motor_go_stop.o
                0x00000620                vConfigureTimerForRunTimeStats
 .text.RIT_IRQHandler
                0x00000640      0x11c ./src/Lab06_02_stepper_motor_go_stop.o
                0x00000640                RIT_IRQHandler
 .text._Z9RIT_startii
                0x0000075c       0xb4 ./src/Lab06_02_stepper_motor_go_stop.o
                0x0000075c                RIT_start(int, int)
 .text._ZL16prvSetupHardwarev
                0x00000810       0x30 ./src/Lab06_02_stepper_motor_go_stop.o
 .text._Z12moveToMiddlev
                0x00000840       0xf4 ./src/Lab06_02_stepper_motor_go_stop.o
                0x00000840                moveToMiddle()
 .text._ZL13control_motorPv
                0x00000934      0x134 ./src/Lab06_02_stepper_motor_go_stop.o
 .text._ZL8readUARTPv
                0x00000a68      0x228 ./src/Lab06_02_stepper_motor_go_stop.o
 .text.main     0x00000c90       0x68 ./src/Lab06_02_stepper_motor_go_stop.o
                0x00000c90                main
 .text._Z41__static_initialization_and_destruction_0ii
                0x00000cf8       0x4c ./src/Lab06_02_stepper_motor_go_stop.o
 .text._GLOBAL__sub_I_RIT_count
                0x00000d44       0x10 ./src/Lab06_02_stepper_motor_go_stop.o
 .text.USB_IRQHandler
                0x00000d54       0x58 ./src/cdc_main.o
                0x00000d54                USB_IRQHandler
 .text._ZdlPv   0x00000dac       0x16 ./src/cr_cpp_config.o
                0x00000dac                operator delete(void*)
 .text.SystemInit
                0x00000dc2        0xc ./src/sysinit.o
                0x00000dc2                SystemInit
 *fill*         0x00000dce        0x2 ff
 .text.xQueueGenericReset
                0x00000dd0       0xb4 C:\Users\Usin\Desktop\Projects\Metro\Embedded System project - ARM\FreeRTOS\Debug\libfreertos.a(queue.o)
                0x00000dd0                xQueueGenericReset
 .text.xQueueGenericCreate
                0x00000e84       0x58 C:\Users\Usin\Desktop\Projects\Metro\Embedded System project - ARM\FreeRTOS\Debug\libfreertos.a(queue.o)
                0x00000e84                xQueueGenericCreate
 .text.prvInitialiseNewQueue
                0x00000edc       0x46 C:\Users\Usin\Desktop\Projects\Metro\Embedded System project - ARM\FreeRTOS\Debug\libfreertos.a(queue.o)
 *fill*         0x00000f22        0x2 ff
 .text.xQueueGenericSend
                0x00000f24      0x154 C:\Users\Usin\Desktop\Projects\Metro\Embedded System project - ARM\FreeRTOS\Debug\libfreertos.a(queue.o)
                0x00000f24                xQueueGenericSend
 .text.xQueueGiveFromISR
                0x00001078       0xa6 C:\Users\Usin\Desktop\Projects\Metro\Embedded System project - ARM\FreeRTOS\Debug\libfreertos.a(queue.o)
                0x00001078                xQueueGiveFromISR
 *fill*         0x0000111e        0x2 ff
 .text.xQueueReceive
                0x00001120      0x144 C:\Users\Usin\Desktop\Projects\Metro\Embedded System project - ARM\FreeRTOS\Debug\libfreertos.a(queue.o)
                0x00001120                xQueueReceive
 .text.xQueueSemaphoreTake
                0x00001264      0x190 C:\Users\Usin\Desktop\Projects\Metro\Embedded System project - ARM\FreeRTOS\Debug\libfreertos.a(queue.o)
                0x00001264                xQueueSemaphoreTake
 .text.prvGetDisinheritPriorityAfterTimeout
                0x000013f4       0x2e C:\Users\Usin\Desktop\Projects\Metro\Embedded System project - ARM\FreeRTOS\Debug\libfreertos.a(queue.o)
 .text.prvCopyDataToQueue
                0x00001422       0xd4 C:\Users\Usin\Desktop\Projects\Metro\Embedded System project - ARM\FreeRTOS\Debug\libfreertos.a(queue.o)
 .text.prvCopyDataFromQueue
                0x000014f6       0x4c C:\Users\Usin\Desktop\Projects\Metro\Embedded System project - ARM\FreeRTOS\Debug\libfreertos.a(queue.o)
 .text.prvUnlockQueue
                0x00001542       0xa4 C:\Users\Usin\Desktop\Projects\Metro\Embedded System project - ARM\FreeRTOS\Debug\libfreertos.a(queue.o)
 .text.prvIsQueueEmpty
                0x000015e6       0x2c C:\Users\Usin\Desktop\Projects\Metro\Embedded System project - ARM\FreeRTOS\Debug\libfreertos.a(queue.o)
 .text.prvIsQueueFull
                0x00001612       0x30 C:\Users\Usin\Desktop\Projects\Metro\Embedded System project - ARM\FreeRTOS\Debug\libfreertos.a(queue.o)
 .text.xTaskCreate
                0x00001642       0x84 C:\Users\Usin\Desktop\Projects\Metro\Embedded System project - ARM\FreeRTOS\Debug\libfreertos.a(tasks.o)
                0x00001642                xTaskCreate
 .text.prvInitialiseNewTask
                0x000016c6      0x17e C:\Users\Usin\Desktop\Projects\Metro\Embedded System project - ARM\FreeRTOS\Debug\libfreertos.a(tasks.o)
 .text.prvAddNewTaskToReadyList
                0x00001844       0xdc C:\Users\Usin\Desktop\Projects\Metro\Embedded System project - ARM\FreeRTOS\Debug\libfreertos.a(tasks.o)
 .text.vTaskStartScheduler
                0x00001920       0x84 C:\Users\Usin\Desktop\Projects\Metro\Embedded System project - ARM\FreeRTOS\Debug\libfreertos.a(tasks.o)
                0x00001920                vTaskStartScheduler
 .text.vTaskSuspendAll
                0x000019a4       0x1c C:\Users\Usin\Desktop\Projects\Metro\Embedded System project - ARM\FreeRTOS\Debug\libfreertos.a(tasks.o)
                0x000019a4                vTaskSuspendAll
 .text.xTaskResumeAll
                0x000019c0      0x11c C:\Users\Usin\Desktop\Projects\Metro\Embedded System project - ARM\FreeRTOS\Debug\libfreertos.a(tasks.o)
                0x000019c0                xTaskResumeAll
 .text.xTaskIncrementTick
                0x00001adc      0x158 C:\Users\Usin\Desktop\Projects\Metro\Embedded System project - ARM\FreeRTOS\Debug\libfreertos.a(tasks.o)
                0x00001adc                xTaskIncrementTick
 .text.vTaskSwitchContext
                0x00001c34      0x120 C:\Users\Usin\Desktop\Projects\Metro\Embedded System project - ARM\FreeRTOS\Debug\libfreertos.a(tasks.o)
                0x00001c34                vTaskSwitchContext
 .text.vTaskPlaceOnEventList
                0x00001d54       0x2c C:\Users\Usin\Desktop\Projects\Metro\Embedded System project - ARM\FreeRTOS\Debug\libfreertos.a(tasks.o)
                0x00001d54                vTaskPlaceOnEventList
 .text.xTaskRemoveFromEventList
                0x00001d80       0xa8 C:\Users\Usin\Desktop\Projects\Metro\Embedded System project - ARM\FreeRTOS\Debug\libfreertos.a(tasks.o)
                0x00001d80                xTaskRemoveFromEventList
 .text.vTaskInternalSetTimeOutState
                0x00001e28       0x2c C:\Users\Usin\Desktop\Projects\Metro\Embedded System project - ARM\FreeRTOS\Debug\libfreertos.a(tasks.o)
                0x00001e28                vTaskInternalSetTimeOutState
 .text.xTaskCheckForTimeOut
                0x00001e54       0x8c C:\Users\Usin\Desktop\Projects\Metro\Embedded System project - ARM\FreeRTOS\Debug\libfreertos.a(tasks.o)
                0x00001e54                xTaskCheckForTimeOut
 .text.vTaskMissedYield
                0x00001ee0       0x18 C:\Users\Usin\Desktop\Projects\Metro\Embedded System project - ARM\FreeRTOS\Debug\libfreertos.a(tasks.o)
                0x00001ee0                vTaskMissedYield
 .text.prvIdleTask
                0x00001ef8        0xe C:\Users\Usin\Desktop\Projects\Metro\Embedded System project - ARM\FreeRTOS\Debug\libfreertos.a(tasks.o)
 *fill*         0x00001f06        0x2 ff
 .text.prvInitialiseTaskLists
                0x00001f08       0x80 C:\Users\Usin\Desktop\Projects\Metro\Embedded System project - ARM\FreeRTOS\Debug\libfreertos.a(tasks.o)
 .text.prvCheckTasksWaitingTermination
                0x00001f88       0x58 C:\Users\Usin\Desktop\Projects\Metro\Embedded System project - ARM\FreeRTOS\Debug\libfreertos.a(tasks.o)
 .text.prvDeleteTCB
                0x00001fe0       0x2a C:\Users\Usin\Desktop\Projects\Metro\Embedded System project - ARM\FreeRTOS\Debug\libfreertos.a(tasks.o)
 *fill*         0x0000200a        0x2 ff
 .text.prvResetNextTaskUnblockTime
                0x0000200c       0x48 C:\Users\Usin\Desktop\Projects\Metro\Embedded System project - ARM\FreeRTOS\Debug\libfreertos.a(tasks.o)
 .text.xTaskPriorityInherit
                0x00002054      0x10c C:\Users\Usin\Desktop\Projects\Metro\Embedded System project - ARM\FreeRTOS\Debug\libfreertos.a(tasks.o)
                0x00002054                xTaskPriorityInherit
 .text.xTaskPriorityDisinherit
                0x00002160       0xc8 C:\Users\Usin\Desktop\Projects\Metro\Embedded System project - ARM\FreeRTOS\Debug\libfreertos.a(tasks.o)
                0x00002160                xTaskPriorityDisinherit
 .text.vTaskPriorityDisinheritAfterTimeout
                0x00002228       0xfc C:\Users\Usin\Desktop\Projects\Metro\Embedded System project - ARM\FreeRTOS\Debug\libfreertos.a(tasks.o)
                0x00002228                vTaskPriorityDisinheritAfterTimeout
 .text.pvTaskIncrementMutexHeldCount
                0x00002324       0x28 C:\Users\Usin\Desktop\Projects\Metro\Embedded System project - ARM\FreeRTOS\Debug\libfreertos.a(tasks.o)
                0x00002324                pvTaskIncrementMutexHeldCount
 .text.prvAddCurrentTaskToDelayedList
                0x0000234c       0xcc C:\Users\Usin\Desktop\Projects\Metro\Embedded System project - ARM\FreeRTOS\Debug\libfreertos.a(tasks.o)
 .text.pvPortMalloc
                0x00002418       0x2c C:\Users\Usin\Desktop\Projects\Metro\Embedded System project - ARM\FreeRTOS\Debug\libfreertos.a(heap_3.o)
                0x00002418                pvPortMalloc
 .text.vPortFree
                0x00002444       0x24 C:\Users\Usin\Desktop\Projects\Metro\Embedded System project - ARM\FreeRTOS\Debug\libfreertos.a(heap_3.o)
                0x00002444                vPortFree
 .text.pxPortInitialiseStack
                0x00002468       0x58 C:\Users\Usin\Desktop\Projects\Metro\Embedded System project - ARM\FreeRTOS\Debug\libfreertos.a(port.o)
                0x00002468                pxPortInitialiseStack
 .text.prvTaskExitError
                0x000024c0       0x2e C:\Users\Usin\Desktop\Projects\Metro\Embedded System project - ARM\FreeRTOS\Debug\libfreertos.a(port.o)
 *fill*         0x000024ee        0x2 ff
 .text.SVC_Handler
                0x000024f0       0x28 C:\Users\Usin\Desktop\Projects\Metro\Embedded System project - ARM\FreeRTOS\Debug\libfreertos.a(port.o)
                0x000024f0                SVC_Handler
 .text.prvPortStartFirstTask
                0x00002518       0x20 C:\Users\Usin\Desktop\Projects\Metro\Embedded System project - ARM\FreeRTOS\Debug\libfreertos.a(port.o)
 .text.xPortStartScheduler
                0x00002538       0x40 C:\Users\Usin\Desktop\Projects\Metro\Embedded System project - ARM\FreeRTOS\Debug\libfreertos.a(port.o)
                0x00002538                xPortStartScheduler
 .text.vPortEnterCritical
                0x00002578       0x30 C:\Users\Usin\Desktop\Projects\Metro\Embedded System project - ARM\FreeRTOS\Debug\libfreertos.a(port.o)
                0x00002578                vPortEnterCritical
 .text.vPortExitCritical
                0x000025a8       0x30 C:\Users\Usin\Desktop\Projects\Metro\Embedded System project - ARM\FreeRTOS\Debug\libfreertos.a(port.o)
                0x000025a8                vPortExitCritical
 *fill*         0x000025d8        0x8 ff
 .text.PendSV_Handler
                0x000025e0       0x48 C:\Users\Usin\Desktop\Projects\Metro\Embedded System project - ARM\FreeRTOS\Debug\libfreertos.a(port.o)
                0x000025e0                PendSV_Handler
 .text.SysTick_Handler
                0x00002628       0x40 C:\Users\Usin\Desktop\Projects\Metro\Embedded System project - ARM\FreeRTOS\Debug\libfreertos.a(port.o)
                0x00002628                SysTick_Handler
 .text.vPortSetupTimerInterrupt
                0x00002668       0x44 C:\Users\Usin\Desktop\Projects\Metro\Embedded System project - ARM\FreeRTOS\Debug\libfreertos.a(port.o)
                0x00002668                vPortSetupTimerInterrupt
 .text.vApplicationMallocFailedHook
                0x000026ac       0x1c C:\Users\Usin\Desktop\Projects\Metro\Embedded System project - ARM\FreeRTOS\Debug\libfreertos.a(FreeRTOSCommonHooks.o)
                0x000026ac                vApplicationMallocFailedHook
 .text.vApplicationStackOverflowHook
                0x000026c8       0x20 C:\Users\Usin\Desktop\Projects\Metro\Embedded System project - ARM\FreeRTOS\Debug\libfreertos.a(FreeRTOSCommonHooks.o)
                0x000026c8                vApplicationStackOverflowHook
 .text.vListInitialise
                0x000026e8       0x3e C:\Users\Usin\Desktop\Projects\Metro\Embedded System project - ARM\FreeRTOS\Debug\libfreertos.a(list.o)
                0x000026e8                vListInitialise
 .text.vListInitialiseItem
                0x00002726       0x18 C:\Users\Usin\Desktop\Projects\Metro\Embedded System project - ARM\FreeRTOS\Debug\libfreertos.a(list.o)
                0x00002726                vListInitialiseItem
 .text.vListInsertEnd
                0x0000273e       0x46 C:\Users\Usin\Desktop\Projects\Metro\Embedded System project - ARM\FreeRTOS\Debug\libfreertos.a(list.o)
                0x0000273e                vListInsertEnd
 .text.vListInsert
                0x00002784       0x70 C:\Users\Usin\Desktop\Projects\Metro\Embedded System project - ARM\FreeRTOS\Debug\libfreertos.a(list.o)
                0x00002784                vListInsert
 .text.uxListRemove
                0x000027f4       0x52 C:\Users\Usin\Desktop\Projects\Metro\Embedded System project - ARM\FreeRTOS\Debug\libfreertos.a(list.o)
                0x000027f4                uxListRemove
 .text.Chip_IOCON_PinMuxSet
                0x00002846       0x2c C:\Users\Usin\Desktop\Projects\Metro\Embedded System project - ARM\lpc_board_nxp_lpcxpresso_1549\Debug\liblpc_board_nxp_lpcxpresso_1549.a(board.o)
 .text.Chip_SWM_MovablePortPinAssign
                0x00002872       0x30 C:\Users\Usin\Desktop\Projects\Metro\Embedded System project - ARM\lpc_board_nxp_lpcxpresso_1549\Debug\liblpc_board_nxp_lpcxpresso_1549.a(board.o)
 .text.Chip_GPIO_SetPinState
                0x000028a2       0x36 C:\Users\Usin\Desktop\Projects\Metro\Embedded System project - ARM\lpc_board_nxp_lpcxpresso_1549\Debug\liblpc_board_nxp_lpcxpresso_1549.a(board.o)
 .text.Chip_GPIO_SetPinDIROutput
                0x000028d8       0x3c C:\Users\Usin\Desktop\Projects\Metro\Embedded System project - ARM\lpc_board_nxp_lpcxpresso_1549\Debug\liblpc_board_nxp_lpcxpresso_1549.a(board.o)
 .text.Chip_UART_Enable
                0x00002914       0x1e C:\Users\Usin\Desktop\Projects\Metro\Embedded System project - ARM\lpc_board_nxp_lpcxpresso_1549\Debug\liblpc_board_nxp_lpcxpresso_1549.a(board.o)
 .text.Chip_UART_TXEnable
                0x00002932       0x1e C:\Users\Usin\Desktop\Projects\Metro\Embedded System project - ARM\lpc_board_nxp_lpcxpresso_1549\Debug\liblpc_board_nxp_lpcxpresso_1549.a(board.o)
 .text.Chip_UART_ConfigData
                0x00002950       0x28 C:\Users\Usin\Desktop\Projects\Metro\Embedded System project - ARM\lpc_board_nxp_lpcxpresso_1549\Debug\liblpc_board_nxp_lpcxpresso_1549.a(board.o)
 .text.Board_UARTPutChar
                0x00002978       0x24 C:\Users\Usin\Desktop\Projects\Metro\Embedded System project - ARM\lpc_board_nxp_lpcxpresso_1549\Debug\liblpc_board_nxp_lpcxpresso_1549.a(board.o)
                0x00002978                Board_UARTPutChar
 .text.Board_UARTGetChar
                0x0000299c       0x2c C:\Users\Usin\Desktop\Projects\Metro\Embedded System project - ARM\lpc_board_nxp_lpcxpresso_1549\Debug\liblpc_board_nxp_lpcxpresso_1549.a(board.o)
                0x0000299c                Board_UARTGetChar
 .text.Board_UARTPutSTR
                0x000029c8       0x28 C:\Users\Usin\Desktop\Projects\Metro\Embedded System project - ARM\lpc_board_nxp_lpcxpresso_1549\Debug\liblpc_board_nxp_lpcxpresso_1549.a(board.o)
                0x000029c8                Board_UARTPutSTR
 .text.Board_Debug_Init
                0x000029f0       0x70 C:\Users\Usin\Desktop\Projects\Metro\Embedded System project - ARM\lpc_board_nxp_lpcxpresso_1549\Debug\liblpc_board_nxp_lpcxpresso_1549.a(board.o)
                0x000029f0                Board_Debug_Init
 .text.Board_LED_Init
                0x00002a60       0x5c C:\Users\Usin\Desktop\Projects\Metro\Embedded System project - ARM\lpc_board_nxp_lpcxpresso_1549\Debug\liblpc_board_nxp_lpcxpresso_1549.a(board.o)
 .text.Board_LED_Set
                0x00002abc       0x54 C:\Users\Usin\Desktop\Projects\Metro\Embedded System project - ARM\lpc_board_nxp_lpcxpresso_1549\Debug\liblpc_board_nxp_lpcxpresso_1549.a(board.o)
                0x00002abc                Board_LED_Set
 .text.Board_Init
                0x00002b10       0x18 C:\Users\Usin\Desktop\Projects\Metro\Embedded System project - ARM\lpc_board_nxp_lpcxpresso_1549\Debug\liblpc_board_nxp_lpcxpresso_1549.a(board.o)
                0x00002b10                Board_Init
 .text.Chip_SYSCTL_PeriphReset
                0x00002b28       0x22 C:\Users\Usin\Desktop\Projects\Metro\Embedded System project - ARM\lpc_board_nxp_lpcxpresso_1549\Debug\liblpc_board_nxp_lpcxpresso_1549.a(board_sysinit.o)
 *fill*         0x00002b4a        0x2 ff
 .text.Chip_Clock_SetUSBPLLSource
                0x00002b4c       0x20 C:\Users\Usin\Desktop\Projects\Metro\Embedded System project - ARM\lpc_board_nxp_lpcxpresso_1549\Debug\liblpc_board_nxp_lpcxpresso_1549.a(board_sysinit.o)
 .text.Chip_Clock_SetupUSBPLL
                0x00002b6c       0x34 C:\Users\Usin\Desktop\Projects\Metro\Embedded System project - ARM\lpc_board_nxp_lpcxpresso_1549\Debug\liblpc_board_nxp_lpcxpresso_1549.a(board_sysinit.o)
 .text.Chip_Clock_IsUSBPLLLocked
                0x00002ba0       0x24 C:\Users\Usin\Desktop\Projects\Metro\Embedded System project - ARM\lpc_board_nxp_lpcxpresso_1549\Debug\liblpc_board_nxp_lpcxpresso_1549.a(board_sysinit.o)
 .text.Chip_Clock_SetSysTickClockDiv
                0x00002bc4       0x20 C:\Users\Usin\Desktop\Projects\Metro\Embedded System project - ARM\lpc_board_nxp_lpcxpresso_1549\Debug\liblpc_board_nxp_lpcxpresso_1549.a(board_sysinit.o)
 .text.Chip_SWM_MovablePortPinAssign
                0x00002be4       0x30 C:\Users\Usin\Desktop\Projects\Metro\Embedded System project - ARM\lpc_board_nxp_lpcxpresso_1549\Debug\liblpc_board_nxp_lpcxpresso_1549.a(board_sysinit.o)
 .text.Board_SetupMuxing
                0x00002c14       0x80 C:\Users\Usin\Desktop\Projects\Metro\Embedded System project - ARM\lpc_board_nxp_lpcxpresso_1549\Debug\liblpc_board_nxp_lpcxpresso_1549.a(board_sysinit.o)
                0x00002c14                Board_SetupMuxing
 .text.Board_SetupClocking
                0x00002c94       0x3a C:\Users\Usin\Desktop\Projects\Metro\Embedded System project - ARM\lpc_board_nxp_lpcxpresso_1549\Debug\liblpc_board_nxp_lpcxpresso_1549.a(board_sysinit.o)
                0x00002c94                Board_SetupClocking
 *fill*         0x00002cce        0x2 ff
 .text.Board_SystemInit
                0x00002cd0       0x1c C:\Users\Usin\Desktop\Projects\Metro\Embedded System project - ARM\lpc_board_nxp_lpcxpresso_1549\Debug\liblpc_board_nxp_lpcxpresso_1549.a(board_sysinit.o)
                0x00002cd0                Board_SystemInit
 .text.SystemCoreClockUpdate
                0x00002cec       0x18 C:\Users\Usin\Desktop\Projects\Metro\Embedded System project - ARM\lpc_chip_15xx\Debug\liblpc_chip_15xx.a(chip_15xx.o)
                0x00002cec                SystemCoreClockUpdate
 .text.Chip_Clock_SetMain_A_ClockSource
                0x00002d04       0x20 C:\Users\Usin\Desktop\Projects\Metro\Embedded System project - ARM\lpc_chip_15xx\Debug\liblpc_chip_15xx.a(clock_15xx.o)
 .text.Chip_Clock_GetMain_A_ClockSource
                0x00002d24       0x18 C:\Users\Usin\Desktop\Projects\Metro\Embedded System project - ARM\lpc_chip_15xx\Debug\liblpc_chip_15xx.a(clock_15xx.o)
 .text.Chip_Clock_SetMain_B_ClockSource
                0x00002d3c       0x20 C:\Users\Usin\Desktop\Projects\Metro\Embedded System project - ARM\lpc_chip_15xx\Debug\liblpc_chip_15xx.a(clock_15xx.o)
 .text.Chip_Clock_GetMain_B_ClockSource
                0x00002d5c       0x18 C:\Users\Usin\Desktop\Projects\Metro\Embedded System project - ARM\lpc_chip_15xx\Debug\liblpc_chip_15xx.a(clock_15xx.o)
 .text.Chip_Clock_SetUARTFRGDivider
                0x00002d74       0x20 C:\Users\Usin\Desktop\Projects\Metro\Embedded System project - ARM\lpc_chip_15xx\Debug\liblpc_chip_15xx.a(clock_15xx.o)
 .text.Chip_Clock_GetUARTFRGDivider
                0x00002d94       0x18 C:\Users\Usin\Desktop\Projects\Metro\Embedded System project - ARM\lpc_chip_15xx\Debug\liblpc_chip_15xx.a(clock_15xx.o)
 .text.Chip_Clock_GetMainOscRate
                0x00002dac       0x14 C:\Users\Usin\Desktop\Projects\Metro\Embedded System project - ARM\lpc_chip_15xx\Debug\liblpc_chip_15xx.a(clock_15xx.o)
 .text.Chip_Clock_GetIntOscRate
                0x00002dc0       0x14 C:\Users\Usin\Desktop\Projects\Metro\Embedded System project - ARM\lpc_chip_15xx\Debug\liblpc_chip_15xx.a(clock_15xx.o)
 .text.Chip_Clock_GetRTCOscRate
                0x00002dd4       0x14 C:\Users\Usin\Desktop\Projects\Metro\Embedded System project - ARM\lpc_chip_15xx\Debug\liblpc_chip_15xx.a(clock_15xx.o)
 .text.Chip_Clock_GetWDTOSCRate
                0x00002de8       0x14 C:\Users\Usin\Desktop\Projects\Metro\Embedded System project - ARM\lpc_chip_15xx\Debug\liblpc_chip_15xx.a(clock_15xx.o)
 .text.Chip_Clock_GetPLLFreq
                0x00002dfc       0x26 C:\Users\Usin\Desktop\Projects\Metro\Embedded System project - ARM\lpc_chip_15xx\Debug\liblpc_chip_15xx.a(clock_15xx.o)
 .text.Chip_Clock_GetPLLInClockRate
                0x00002e22       0x38 C:\Users\Usin\Desktop\Projects\Metro\Embedded System project - ARM\lpc_chip_15xx\Debug\liblpc_chip_15xx.a(clock_15xx.o)
 *fill*         0x00002e5a        0x2 ff
 .text.Chip_Clock_GetSystemPLLInClockRate
                0x00002e5c       0x1c C:\Users\Usin\Desktop\Projects\Metro\Embedded System project - ARM\lpc_chip_15xx\Debug\liblpc_chip_15xx.a(clock_15xx.o)
                0x00002e5c                Chip_Clock_GetSystemPLLInClockRate
 .text.Chip_Clock_GetSystemPLLOutClockRate
                0x00002e78       0x24 C:\Users\Usin\Desktop\Projects\Metro\Embedded System project - ARM\lpc_chip_15xx\Debug\liblpc_chip_15xx.a(clock_15xx.o)
                0x00002e78                Chip_Clock_GetSystemPLLOutClockRate
 .text.Chip_Clock_GetMain_A_ClockRate
                0x00002e9c       0x44 C:\Users\Usin\Desktop\Projects\Metro\Embedded System project - ARM\lpc_chip_15xx\Debug\liblpc_chip_15xx.a(clock_15xx.o)
                0x00002e9c                Chip_Clock_GetMain_A_ClockRate
 .text.Chip_Clock_GetMain_B_ClockRate
                0x00002ee0       0x58 C:\Users\Usin\Desktop\Projects\Metro\Embedded System project - ARM\lpc_chip_15xx\Debug\liblpc_chip_15xx.a(clock_15xx.o)
                0x00002ee0                Chip_Clock_GetMain_B_ClockRate
 .text.Chip_Clock_SetMainClockSource
                0x00002f38       0x3c C:\Users\Usin\Desktop\Projects\Metro\Embedded System project - ARM\lpc_chip_15xx\Debug\liblpc_chip_15xx.a(clock_15xx.o)
                0x00002f38                Chip_Clock_SetMainClockSource
 .text.Chip_Clock_GetMainClockRate
                0x00002f74       0x28 C:\Users\Usin\Desktop\Projects\Metro\Embedded System project - ARM\lpc_chip_15xx\Debug\liblpc_chip_15xx.a(clock_15xx.o)
                0x00002f74                Chip_Clock_GetMainClockRate
 .text.Chip_Clock_EnablePeriphClock
                0x00002f9c       0x58 C:\Users\Usin\Desktop\Projects\Metro\Embedded System project - ARM\lpc_chip_15xx\Debug\liblpc_chip_15xx.a(clock_15xx.o)
                0x00002f9c                Chip_Clock_EnablePeriphClock
 .text.Chip_Clock_GetUARTBaseClockRate
                0x00002ff4       0x8c C:\Users\Usin\Desktop\Projects\Metro\Embedded System project - ARM\lpc_chip_15xx\Debug\liblpc_chip_15xx.a(clock_15xx.o)
                0x00002ff4                Chip_Clock_GetUARTBaseClockRate
 .text.Chip_Clock_SetUARTBaseClockRate
                0x00003080       0xa4 C:\Users\Usin\Desktop\Projects\Metro\Embedded System project - ARM\lpc_chip_15xx\Debug\liblpc_chip_15xx.a(clock_15xx.o)
                0x00003080                Chip_Clock_SetUARTBaseClockRate
 .text.Chip_Clock_GetSystemClockRate
                0x00003124       0x1c C:\Users\Usin\Desktop\Projects\Metro\Embedded System project - ARM\lpc_chip_15xx\Debug\liblpc_chip_15xx.a(clock_15xx.o)
                0x00003124                Chip_Clock_GetSystemClockRate
 .text.Chip_SYSCTL_PeriphReset
                0x00003140       0x22 C:\Users\Usin\Desktop\Projects\Metro\Embedded System project - ARM\lpc_chip_15xx\Debug\liblpc_chip_15xx.a(gpio_15xx.o)
 .text.Chip_GPIO_Init
                0x00003162       0x2e C:\Users\Usin\Desktop\Projects\Metro\Embedded System project - ARM\lpc_chip_15xx\Debug\liblpc_chip_15xx.a(gpio_15xx.o)
                0x00003162                Chip_GPIO_Init
 .text.Chip_IOCON_PinMuxSet
                0x00003190       0x2c C:\Users\Usin\Desktop\Projects\Metro\Embedded System project - ARM\lpc_chip_15xx\Debug\liblpc_chip_15xx.a(iocon_15xx.o)
 .text.Chip_IOCON_SetPinMuxing
                0x000031bc       0x4e C:\Users\Usin\Desktop\Projects\Metro\Embedded System project - ARM\lpc_chip_15xx\Debug\liblpc_chip_15xx.a(iocon_15xx.o)
                0x000031bc                Chip_IOCON_SetPinMuxing
 .text.Chip_SYSCTL_PeriphReset
                0x0000320a       0x22 C:\Users\Usin\Desktop\Projects\Metro\Embedded System project - ARM\lpc_chip_15xx\Debug\liblpc_chip_15xx.a(ritimer_15xx.o)
 .text.Chip_RIT_Init
                0x0000322c       0x22 C:\Users\Usin\Desktop\Projects\Metro\Embedded System project - ARM\lpc_chip_15xx\Debug\liblpc_chip_15xx.a(ritimer_15xx.o)
                0x0000322c                Chip_RIT_Init
 .text.Chip_RIT_SetCTRL
                0x0000324e       0x28 C:\Users\Usin\Desktop\Projects\Metro\Embedded System project - ARM\lpc_chip_15xx\Debug\liblpc_chip_15xx.a(ritimer_15xx.o)
                0x0000324e                Chip_RIT_SetCTRL
 .text.Chip_RIT_ClearCTRL
                0x00003276       0x2a C:\Users\Usin\Desktop\Projects\Metro\Embedded System project - ARM\lpc_chip_15xx\Debug\liblpc_chip_15xx.a(ritimer_15xx.o)
                0x00003276                Chip_RIT_ClearCTRL
 .text.Chip_RIT_SetCompareValue
                0x000032a0       0x32 C:\Users\Usin\Desktop\Projects\Metro\Embedded System project - ARM\lpc_chip_15xx\Debug\liblpc_chip_15xx.a(ritimer_15xx.o)
                0x000032a0                Chip_RIT_SetCompareValue
 .text.Chip_RIT_SetCounter
                0x000032d2       0x32 C:\Users\Usin\Desktop\Projects\Metro\Embedded System project - ARM\lpc_chip_15xx\Debug\liblpc_chip_15xx.a(ritimer_15xx.o)
                0x000032d2                Chip_RIT_SetCounter
 .text.Chip_SYSCTL_PeriphReset
                0x00003304       0x22 C:\Users\Usin\Desktop\Projects\Metro\Embedded System project - ARM\lpc_chip_15xx\Debug\liblpc_chip_15xx.a(sct_15xx.o)
 .text.Chip_SCT_Init
                0x00003326       0x3c C:\Users\Usin\Desktop\Projects\Metro\Embedded System project - ARM\lpc_chip_15xx\Debug\liblpc_chip_15xx.a(sct_15xx.o)
                0x00003326                Chip_SCT_Init
 *fill*         0x00003362        0x2 ff
 .text.Chip_SWM_MovablePinAssign
                0x00003364       0x5c C:\Users\Usin\Desktop\Projects\Metro\Embedded System project - ARM\lpc_chip_15xx\Debug\liblpc_chip_15xx.a(swm_15xx.o)
                0x00003364                Chip_SWM_MovablePinAssign
 .text.Chip_SYSCTL_AssertPeriphReset
                0x000033c0       0x4c C:\Users\Usin\Desktop\Projects\Metro\Embedded System project - ARM\lpc_chip_15xx\Debug\liblpc_chip_15xx.a(sysctl_15xx.o)
                0x000033c0                Chip_SYSCTL_AssertPeriphReset
 .text.Chip_SYSCTL_DeassertPeriphReset
                0x0000340c       0x50 C:\Users\Usin\Desktop\Projects\Metro\Embedded System project - ARM\lpc_chip_15xx\Debug\liblpc_chip_15xx.a(sysctl_15xx.o)
                0x0000340c                Chip_SYSCTL_DeassertPeriphReset
 .text.Chip_SYSCTL_PowerDown
                0x0000345c       0x40 C:\Users\Usin\Desktop\Projects\Metro\Embedded System project - ARM\lpc_chip_15xx\Debug\liblpc_chip_15xx.a(sysctl_15xx.o)
                0x0000345c                Chip_SYSCTL_PowerDown
 .text.Chip_SYSCTL_PowerUp
                0x0000349c       0x40 C:\Users\Usin\Desktop\Projects\Metro\Embedded System project - ARM\lpc_chip_15xx\Debug\liblpc_chip_15xx.a(sysctl_15xx.o)
                0x0000349c                Chip_SYSCTL_PowerUp
 .text.Chip_FMC_SetFLASHAccess
                0x000034dc       0x38 C:\Users\Usin\Desktop\Projects\Metro\Embedded System project - ARM\lpc_chip_15xx\Debug\liblpc_chip_15xx.a(sysinit_15xx.o)
 .text.Chip_Clock_SetSystemPLLSource
                0x00003514       0x20 C:\Users\Usin\Desktop\Projects\Metro\Embedded System project - ARM\lpc_chip_15xx\Debug\liblpc_chip_15xx.a(sysinit_15xx.o)
 .text.Chip_Clock_SetupSystemPLL
                0x00003534       0x34 C:\Users\Usin\Desktop\Projects\Metro\Embedded System project - ARM\lpc_chip_15xx\Debug\liblpc_chip_15xx.a(sysinit_15xx.o)
 .text.Chip_Clock_IsSystemPLLLocked
                0x00003568       0x24 C:\Users\Usin\Desktop\Projects\Metro\Embedded System project - ARM\lpc_chip_15xx\Debug\liblpc_chip_15xx.a(sysinit_15xx.o)
 .text.Chip_Clock_SetSysClockDiv
                0x0000358c       0x20 C:\Users\Usin\Desktop\Projects\Metro\Embedded System project - ARM\lpc_chip_15xx\Debug\liblpc_chip_15xx.a(sysinit_15xx.o)
 .text.Chip_SetupXtalClocking
                0x000035ac       0x6c C:\Users\Usin\Desktop\Projects\Metro\Embedded System project - ARM\lpc_chip_15xx\Debug\liblpc_chip_15xx.a(sysinit_15xx.o)
                0x000035ac                Chip_SetupXtalClocking
 .text.Chip_SYSCTL_PeriphReset
                0x00003618       0x22 C:\Users\Usin\Desktop\Projects\Metro\Embedded System project - ARM\lpc_chip_15xx\Debug\liblpc_chip_15xx.a(uart_15xx.o)
 .text.Chip_UART_SendByte
                0x0000363a       0x1c C:\Users\Usin\Desktop\Projects\Metro\Embedded System project - ARM\lpc_chip_15xx\Debug\liblpc_chip_15xx.a(uart_15xx.o)
 .text.Chip_UART_ReadByte
                0x00003656       0x1a C:\Users\Usin\Desktop\Projects\Metro\Embedded System project - ARM\lpc_chip_15xx\Debug\liblpc_chip_15xx.a(uart_15xx.o)
 .text.Chip_UART_GetStatus
                0x00003670       0x16 C:\Users\Usin\Desktop\Projects\Metro\Embedded System project - ARM\lpc_chip_15xx\Debug\liblpc_chip_15xx.a(uart_15xx.o)
 *fill*         0x00003686        0x2 ff
 .text.getUARTClockID
                0x00003688       0x34 C:\Users\Usin\Desktop\Projects\Metro\Embedded System project - ARM\lpc_chip_15xx\Debug\liblpc_chip_15xx.a(uart_15xx.o)
 .text.Chip_UART_Init
                0x000036bc       0x4c C:\Users\Usin\Desktop\Projects\Metro\Embedded System project - ARM\lpc_chip_15xx\Debug\liblpc_chip_15xx.a(uart_15xx.o)
                0x000036bc                Chip_UART_Init
 .text.Chip_UART_Send
                0x00003708       0x50 C:\Users\Usin\Desktop\Projects\Metro\Embedded System project - ARM\lpc_chip_15xx\Debug\liblpc_chip_15xx.a(uart_15xx.o)
                0x00003708                Chip_UART_Send
 .text.Chip_UART_SendBlocking
                0x00003758       0x4a C:\Users\Usin\Desktop\Projects\Metro\Embedded System project - ARM\lpc_chip_15xx\Debug\liblpc_chip_15xx.a(uart_15xx.o)
                0x00003758                Chip_UART_SendBlocking
 .text.Chip_UART_Read
                0x000037a2       0x52 C:\Users\Usin\Desktop\Projects\Metro\Embedded System project - ARM\lpc_chip_15xx\Debug\liblpc_chip_15xx.a(uart_15xx.o)
                0x000037a2                Chip_UART_Read
 .text.Chip_UART_SetBaud
                0x000037f4       0x2a C:\Users\Usin\Desktop\Projects\Metro\Embedded System project - ARM\lpc_chip_15xx\Debug\liblpc_chip_15xx.a(uart_15xx.o)
                0x000037f4                Chip_UART_SetBaud
 *fill*         0x0000381e        0x2 ff
 .text          0x00003820      0x378 c:/nxp/mcuxpressoide_10.2.1_795/ide/tools/bin/../lib/gcc/arm-none-eabi/7.2.1/thumb/v7-m\libgcc.a(_arm_addsubdf3.o)
                0x00003820                __aeabi_drsub
                0x00003828                __aeabi_dsub
                0x00003828                __subdf3
                0x0000382c                __aeabi_dadd
                0x0000382c                __adddf3
                0x00003aa4                __floatunsidf
                0x00003aa4                __aeabi_ui2d
                0x00003ac4                __floatsidf
                0x00003ac4                __aeabi_i2d
                0x00003ae8                __aeabi_f2d
                0x00003ae8                __extendsfdf2
                0x00003b2c                __floatundidf
                0x00003b2c                __aeabi_ul2d
                0x00003b3c                __floatdidf
                0x00003b3c                __aeabi_l2d
 .text          0x00003b98      0x424 c:/nxp/mcuxpressoide_10.2.1_795/ide/tools/bin/../lib/gcc/arm-none-eabi/7.2.1/thumb/v7-m\libgcc.a(_arm_muldivdf3.o)
                0x00003b98                __aeabi_dmul
                0x00003b98                __muldf3
                0x00003dec                __divdf3
                0x00003dec                __aeabi_ddiv
 .text          0x00003fbc       0x30 c:/nxp/mcuxpressoide_10.2.1_795/ide/tools/bin/../lib/gcc/arm-none-eabi/7.2.1/thumb/v7-m\libgcc.a(_aeabi_uldivmod.o)
                0x00003fbc                __aeabi_uldivmod
 .text          0x00003fec      0x2d0 c:/nxp/mcuxpressoide_10.2.1_795/ide/tools/bin/../lib/gcc/arm-none-eabi/7.2.1/thumb/v7-m\libgcc.a(_udivmoddi4.o)
                0x00003fec                __udivmoddi4
 .text          0x000042bc        0x4 c:/nxp/mcuxpressoide_10.2.1_795/ide/tools/bin/../lib/gcc/arm-none-eabi/7.2.1/thumb/v7-m\libgcc.a(_dvmd_tls.o)
                0x000042bc                __aeabi_idiv0
                0x000042bc                __aeabi_ldiv0
 .text.__libc_init_array
                0x000042c0       0x48 c:/nxp/mcuxpressoide_10.2.1_795/ide/tools/bin/../lib/gcc/arm-none-eabi/7.2.1/../../../../arm-none-eabi/lib/thumb/v7-m\libc.a(lib_a-init.o)
                0x000042c0                __libc_init_array
 .text.malloc   0x00004308       0x10 c:/nxp/mcuxpressoide_10.2.1_795/ide/tools/bin/../lib/gcc/arm-none-eabi/7.2.1/../../../../arm-none-eabi/lib/thumb/v7-m\libc.a(lib_a-malloc.o)
                0x00004308                malloc
 .text.free     0x00004318       0x10 c:/nxp/mcuxpressoide_10.2.1_795/ide/tools/bin/../lib/gcc/arm-none-eabi/7.2.1/../../../../arm-none-eabi/lib/thumb/v7-m\libc.a(lib_a-malloc.o)
                0x00004318                free
 .text._malloc_r
                0x00004328      0x524 c:/nxp/mcuxpressoide_10.2.1_795/ide/tools/bin/../lib/gcc/arm-none-eabi/7.2.1/../../../../arm-none-eabi/lib/thumb/v7-m\libc.a(lib_a-mallocr.o)
                0x00004328                _malloc_r
 .text          0x0000484c       0xec c:/nxp/mcuxpressoide_10.2.1_795/ide/tools/bin/../lib/gcc/arm-none-eabi/7.2.1/../../../../arm-none-eabi/lib/thumb/v7-m\libc.a(lib_a-memcpy.o)
                0x0000484c                memcpy
 .text.memset   0x00004938       0x94 c:/nxp/mcuxpressoide_10.2.1_795/ide/tools/bin/../lib/gcc/arm-none-eabi/7.2.1/../../../../arm-none-eabi/lib/thumb/v7-m\libc.a(lib_a-memset.o)
                0x00004938                memset
 .text.__malloc_lock
                0x000049cc        0xc c:/nxp/mcuxpressoide_10.2.1_795/ide/tools/bin/../lib/gcc/arm-none-eabi/7.2.1/../../../../arm-none-eabi/lib/thumb/v7-m\libc.a(lib_a-mlock.o)
                0x000049cc                __malloc_lock
 .text.__malloc_unlock
                0x000049d8        0xc c:/nxp/mcuxpressoide_10.2.1_795/ide/tools/bin/../lib/gcc/arm-none-eabi/7.2.1/../../../../arm-none-eabi/lib/thumb/v7-m\libc.a(lib_a-mlock.o)
                0x000049d8                __malloc_unlock
 .text.cleanup_glue
                0x000049e4       0x28 c:/nxp/mcuxpressoide_10.2.1_795/ide/tools/bin/../lib/gcc/arm-none-eabi/7.2.1/../../../../arm-none-eabi/lib/thumb/v7-m\libc.a(lib_a-reent.o)
                0x000049e4                cleanup_glue
 .text._reclaim_reent
                0x00004a0c       0x88 c:/nxp/mcuxpressoide_10.2.1_795/ide/tools/bin/../lib/gcc/arm-none-eabi/7.2.1/../../../../arm-none-eabi/lib/thumb/v7-m\libc.a(lib_a-reent.o)
                0x00004a0c                _reclaim_reent
 .text._sbrk_r  0x00004a94       0x24 c:/nxp/mcuxpressoide_10.2.1_795/ide/tools/bin/../lib/gcc/arm-none-eabi/7.2.1/../../../../arm-none-eabi/lib/thumb/v7-m\libc.a(lib_a-sbrkr.o)
                0x00004a94                _sbrk_r
 .text.snprintf
                0x00004ab8       0x8c c:/nxp/mcuxpressoide_10.2.1_795/ide/tools/bin/../lib/gcc/arm-none-eabi/7.2.1/../../../../arm-none-eabi/lib/thumb/v7-m\libc.a(lib_a-snprintf.o)
                0x00004ab8                snprintf
 .text.sprintf  0x00004b44       0x44 c:/nxp/mcuxpressoide_10.2.1_795/ide/tools/bin/../lib/gcc/arm-none-eabi/7.2.1/../../../../arm-none-eabi/lib/thumb/v7-m\libc.a(lib_a-sprintf.o)
                0x00004b44                sprintf
 .text.sscanf   0x00004b88       0x58 c:/nxp/mcuxpressoide_10.2.1_795/ide/tools/bin/../lib/gcc/arm-none-eabi/7.2.1/../../../../arm-none-eabi/lib/thumb/v7-m\libc.a(lib_a-sscanf.o)
                0x00004b88                sscanf
 .text.__seofread
                0x00004be0        0x4 c:/nxp/mcuxpressoide_10.2.1_795/ide/tools/bin/../lib/gcc/arm-none-eabi/7.2.1/../../../../arm-none-eabi/lib/thumb/v7-m\libc.a(lib_a-stdio.o)
                0x00004be0                __seofread
 .text.strlen   0x00004be4       0x5c c:/nxp/mcuxpressoide_10.2.1_795/ide/tools/bin/../lib/gcc/arm-none-eabi/7.2.1/../../../../arm-none-eabi/lib/thumb/v7-m\libc.a(lib_a-strlen-stub.o)
                0x00004be4                strlen
 .text._svfprintf_r
                0x00004c40     0x14ec c:/nxp/mcuxpressoide_10.2.1_795/ide/tools/bin/../lib/gcc/arm-none-eabi/7.2.1/../../../../arm-none-eabi/lib/thumb/v7-m\libc.a(lib_a-svfprintf.o)
                0x00004c40                _svfprintf_r
 .text.__ssvfscanf_r
                0x0000612c      0xdc4 c:/nxp/mcuxpressoide_10.2.1_795/ide/tools/bin/../lib/gcc/arm-none-eabi/7.2.1/../../../../arm-none-eabi/lib/thumb/v7-m\libc.a(lib_a-svfscanf.o)
                0x0000612c                __ssvfscanf_r
 .text.quorem   0x00006ef0      0x124 c:/nxp/mcuxpressoide_10.2.1_795/ide/tools/bin/../lib/gcc/arm-none-eabi/7.2.1/../../../../arm-none-eabi/lib/thumb/v7-m\libc.a(lib_a-dtoa.o)
 *fill*         0x00007014        0x4 ff
 .text._dtoa_r  0x00007018      0xe30 c:/nxp/mcuxpressoide_10.2.1_795/ide/tools/bin/../lib/gcc/arm-none-eabi/7.2.1/../../../../arm-none-eabi/lib/thumb/v7-m\libc.a(lib_a-dtoa.o)
                0x00007018                _dtoa_r
 .text._malloc_trim_r
                0x00007e48       0xa0 c:/nxp/mcuxpressoide_10.2.1_795/ide/tools/bin/../lib/gcc/arm-none-eabi/7.2.1/../../../../arm-none-eabi/lib/thumb/v7-m\libc.a(lib_a-freer.o)
                0x00007e48                _malloc_trim_r
 .text._free_r  0x00007ee8      0x1e8 c:/nxp/mcuxpressoide_10.2.1_795/ide/tools/bin/../lib/gcc/arm-none-eabi/7.2.1/../../../../arm-none-eabi/lib/thumb/v7-m\libc.a(lib_a-freer.o)
                0x00007ee8                _free_r
 .text.iswspace
                0x000080d0       0x1c c:/nxp/mcuxpressoide_10.2.1_795/ide/tools/bin/../lib/gcc/arm-none-eabi/7.2.1/../../../../arm-none-eabi/lib/thumb/v7-m\libc.a(lib_a-iswspace.o)
                0x000080d0                iswspace
 .text.__locale_mb_cur_max
                0x000080ec       0x1c c:/nxp/mcuxpressoide_10.2.1_795/ide/tools/bin/../lib/gcc/arm-none-eabi/7.2.1/../../../../arm-none-eabi/lib/thumb/v7-m\libc.a(lib_a-locale.o)
                0x000080ec                __locale_mb_cur_max
 .text.__locale_ctype_ptr_l
                0x00008108        0x8 c:/nxp/mcuxpressoide_10.2.1_795/ide/tools/bin/../lib/gcc/arm-none-eabi/7.2.1/../../../../arm-none-eabi/lib/thumb/v7-m\libc.a(lib_a-locale.o)
                0x00008108                __locale_ctype_ptr_l
 .text.__locale_ctype_ptr
                0x00008110       0x1c c:/nxp/mcuxpressoide_10.2.1_795/ide/tools/bin/../lib/gcc/arm-none-eabi/7.2.1/../../../../arm-none-eabi/lib/thumb/v7-m\libc.a(lib_a-locale.o)
                0x00008110                __locale_ctype_ptr
 .text.__localeconv_l
                0x0000812c        0x4 c:/nxp/mcuxpressoide_10.2.1_795/ide/tools/bin/../lib/gcc/arm-none-eabi/7.2.1/../../../../arm-none-eabi/lib/thumb/v7-m\libc.a(lib_a-localeconv.o)
                0x0000812c                __localeconv_l
 .text._localeconv_r
                0x00008130       0x1c c:/nxp/mcuxpressoide_10.2.1_795/ide/tools/bin/../lib/gcc/arm-none-eabi/7.2.1/../../../../arm-none-eabi/lib/thumb/v7-m\libc.a(lib_a-localeconv.o)
                0x00008130                _localeconv_r
 .text.__retarget_lock_acquire_recursive
                0x0000814c        0x4 c:/nxp/mcuxpressoide_10.2.1_795/ide/tools/bin/../lib/gcc/arm-none-eabi/7.2.1/../../../../arm-none-eabi/lib/thumb/v7-m\libc.a(lib_a-lock.o)
                0x0000814c                __retarget_lock_acquire_recursive
 .text.__retarget_lock_release_recursive
                0x00008150        0x4 c:/nxp/mcuxpressoide_10.2.1_795/ide/tools/bin/../lib/gcc/arm-none-eabi/7.2.1/../../../../arm-none-eabi/lib/thumb/v7-m\libc.a(lib_a-lock.o)
                0x00008150                __retarget_lock_release_recursive
 .text._mbrtowc_r
                0x00008154       0x5c c:/nxp/mcuxpressoide_10.2.1_795/ide/tools/bin/../lib/gcc/arm-none-eabi/7.2.1/../../../../arm-none-eabi/lib/thumb/v7-m\libc.a(lib_a-mbrtowc.o)
                0x00008154                _mbrtowc_r
 .text.__ascii_mbtowc
                0x000081b0       0x2c c:/nxp/mcuxpressoide_10.2.1_795/ide/tools/bin/../lib/gcc/arm-none-eabi/7.2.1/../../../../arm-none-eabi/lib/thumb/v7-m\libc.a(lib_a-mbtowc_r.o)
                0x000081b0                __ascii_mbtowc
 .text.memchr   0x000081dc       0x8c c:/nxp/mcuxpressoide_10.2.1_795/ide/tools/bin/../lib/gcc/arm-none-eabi/7.2.1/../../../../arm-none-eabi/lib/thumb/v7-m\libc.a(lib_a-memchr-stub.o)
                0x000081dc                memchr
 .text._Balloc  0x00008268       0x4c c:/nxp/mcuxpressoide_10.2.1_795/ide/tools/bin/../lib/gcc/arm-none-eabi/7.2.1/../../../../arm-none-eabi/lib/thumb/v7-m\libc.a(lib_a-mprec.o)
                0x00008268                _Balloc
 .text._Bfree   0x000082b4       0x14 c:/nxp/mcuxpressoide_10.2.1_795/ide/tools/bin/../lib/gcc/arm-none-eabi/7.2.1/../../../../arm-none-eabi/lib/thumb/v7-m\libc.a(lib_a-mprec.o)
                0x000082b4                _Bfree
 .text.__multadd
                0x000082c8       0x84 c:/nxp/mcuxpressoide_10.2.1_795/ide/tools/bin/../lib/gcc/arm-none-eabi/7.2.1/../../../../arm-none-eabi/lib/thumb/v7-m\libc.a(lib_a-mprec.o)
                0x000082c8                __multadd
 .text.__s2b    0x0000834c       0x98 c:/nxp/mcuxpressoide_10.2.1_795/ide/tools/bin/../lib/gcc/arm-none-eabi/7.2.1/../../../../arm-none-eabi/lib/thumb/v7-m\libc.a(lib_a-mprec.o)
                0x0000834c                __s2b
 .text.__hi0bits
                0x000083e4       0x40 c:/nxp/mcuxpressoide_10.2.1_795/ide/tools/bin/../lib/gcc/arm-none-eabi/7.2.1/../../../../arm-none-eabi/lib/thumb/v7-m\libc.a(lib_a-mprec.o)
                0x000083e4                __hi0bits
 .text.__lo0bits
                0x00008424       0x60 c:/nxp/mcuxpressoide_10.2.1_795/ide/tools/bin/../lib/gcc/arm-none-eabi/7.2.1/../../../../arm-none-eabi/lib/thumb/v7-m\libc.a(lib_a-mprec.o)
                0x00008424                __lo0bits
 .text.__i2b    0x00008484       0x14 c:/nxp/mcuxpressoide_10.2.1_795/ide/tools/bin/../lib/gcc/arm-none-eabi/7.2.1/../../../../arm-none-eabi/lib/thumb/v7-m\libc.a(lib_a-mprec.o)
                0x00008484                __i2b
 .text.__multiply
                0x00008498      0x14c c:/nxp/mcuxpressoide_10.2.1_795/ide/tools/bin/../lib/gcc/arm-none-eabi/7.2.1/../../../../arm-none-eabi/lib/thumb/v7-m\libc.a(lib_a-mprec.o)
                0x00008498                __multiply
 .text.__pow5mult
                0x000085e4       0xa0 c:/nxp/mcuxpressoide_10.2.1_795/ide/tools/bin/../lib/gcc/arm-none-eabi/7.2.1/../../../../arm-none-eabi/lib/thumb/v7-m\libc.a(lib_a-mprec.o)
                0x000085e4                __pow5mult
 .text.__lshift
                0x00008684       0xb4 c:/nxp/mcuxpressoide_10.2.1_795/ide/tools/bin/../lib/gcc/arm-none-eabi/7.2.1/../../../../arm-none-eabi/lib/thumb/v7-m\libc.a(lib_a-mprec.o)
                0x00008684                __lshift
 .text.__mcmp   0x00008738       0x38 c:/nxp/mcuxpressoide_10.2.1_795/ide/tools/bin/../lib/gcc/arm-none-eabi/7.2.1/../../../../arm-none-eabi/lib/thumb/v7-m\libc.a(lib_a-mprec.o)
                0x00008738                __mcmp
 .text.__mdiff  0x00008770      0x100 c:/nxp/mcuxpressoide_10.2.1_795/ide/tools/bin/../lib/gcc/arm-none-eabi/7.2.1/../../../../arm-none-eabi/lib/thumb/v7-m\libc.a(lib_a-mprec.o)
                0x00008770                __mdiff
 .text.__ulp    0x00008870       0x44 c:/nxp/mcuxpressoide_10.2.1_795/ide/tools/bin/../lib/gcc/arm-none-eabi/7.2.1/../../../../arm-none-eabi/lib/thumb/v7-m\libc.a(lib_a-mprec.o)
                0x00008870                __ulp
 .text.__b2d    0x000088b4       0xc0 c:/nxp/mcuxpressoide_10.2.1_795/ide/tools/bin/../lib/gcc/arm-none-eabi/7.2.1/../../../../arm-none-eabi/lib/thumb/v7-m\libc.a(lib_a-mprec.o)
                0x000088b4                __b2d
 .text.__d2b    0x00008974       0xb0 c:/nxp/mcuxpressoide_10.2.1_795/ide/tools/bin/../lib/gcc/arm-none-eabi/7.2.1/../../../../arm-none-eabi/lib/thumb/v7-m\libc.a(lib_a-mprec.o)
                0x00008974                __d2b
 .text.__ratio  0x00008a24       0x58 c:/nxp/mcuxpressoide_10.2.1_795/ide/tools/bin/../lib/gcc/arm-none-eabi/7.2.1/../../../../arm-none-eabi/lib/thumb/v7-m\libc.a(lib_a-mprec.o)
                0x00008a24                __ratio
 .text.__copybits
                0x00008a7c       0x48 c:/nxp/mcuxpressoide_10.2.1_795/ide/tools/bin/../lib/gcc/arm-none-eabi/7.2.1/../../../../arm-none-eabi/lib/thumb/v7-m\libc.a(lib_a-mprec.o)
                0x00008a7c                __copybits
 .text.__any_on
                0x00008ac4       0x54 c:/nxp/mcuxpressoide_10.2.1_795/ide/tools/bin/../lib/gcc/arm-none-eabi/7.2.1/../../../../arm-none-eabi/lib/thumb/v7-m\libc.a(lib_a-mprec.o)
                0x00008ac4                __any_on
 .text.__sccl   0x00008b18       0x70 c:/nxp/mcuxpressoide_10.2.1_795/ide/tools/bin/../lib/gcc/arm-none-eabi/7.2.1/../../../../arm-none-eabi/lib/thumb/v7-m\libc.a(lib_a-sccl.o)
                0x00008b18                __sccl
 .text.nanf     0x00008b88        0x8 c:/nxp/mcuxpressoide_10.2.1_795/ide/tools/bin/../lib/gcc/arm-none-eabi/7.2.1/../../../../arm-none-eabi/lib/thumb/v7-m\libc.a(lib_a-sf_nan.o)
                0x00008b88                nanf
 .text.unlikely.sulp
                0x00008b90       0x42 c:/nxp/mcuxpressoide_10.2.1_795/ide/tools/bin/../lib/gcc/arm-none-eabi/7.2.1/../../../../arm-none-eabi/lib/thumb/v7-m\libc.a(lib_a-strtod.o)
 *fill*         0x00008bd2        0x6 ff
 .text._strtod_l
                0x00008bd8      0xf24 c:/nxp/mcuxpressoide_10.2.1_795/ide/tools/bin/../lib/gcc/arm-none-eabi/7.2.1/../../../../arm-none-eabi/lib/thumb/v7-m\libc.a(lib_a-strtod.o)
                0x00008bd8                _strtod_l
 .text._strtod_r
                0x00009afc       0x20 c:/nxp/mcuxpressoide_10.2.1_795/ide/tools/bin/../lib/gcc/arm-none-eabi/7.2.1/../../../../arm-none-eabi/lib/thumb/v7-m\libc.a(lib_a-strtod.o)
                0x00009afc                _strtod_r
 .text._strtol_l.isra.0
                0x00009b1c      0x124 c:/nxp/mcuxpressoide_10.2.1_795/ide/tools/bin/../lib/gcc/arm-none-eabi/7.2.1/../../../../arm-none-eabi/lib/thumb/v7-m\libc.a(lib_a-strtol.o)
 .text._strtol_r
                0x00009c40       0x24 c:/nxp/mcuxpressoide_10.2.1_795/ide/tools/bin/../lib/gcc/arm-none-eabi/7.2.1/../../../../arm-none-eabi/lib/thumb/v7-m\libc.a(lib_a-strtol.o)
                0x00009c40                _strtol_r
 .text._strtoll_l.isra.0
                0x00009c64      0x19c c:/nxp/mcuxpressoide_10.2.1_795/ide/tools/bin/../lib/gcc/arm-none-eabi/7.2.1/../../../../arm-none-eabi/lib/thumb/v7-m\libc.a(lib_a-strtoll.o)
 .text._strtoll_r
                0x00009e00       0x24 c:/nxp/mcuxpressoide_10.2.1_795/ide/tools/bin/../lib/gcc/arm-none-eabi/7.2.1/../../../../arm-none-eabi/lib/thumb/v7-m\libc.a(lib_a-strtoll.o)
                0x00009e00                _strtoll_r
 .text._strtoul_l.isra.0
                0x00009e24      0x14c c:/nxp/mcuxpressoide_10.2.1_795/ide/tools/bin/../lib/gcc/arm-none-eabi/7.2.1/../../../../arm-none-eabi/lib/thumb/v7-m\libc.a(lib_a-strtoul.o)
 .text._strtoul_r
                0x00009f70       0x24 c:/nxp/mcuxpressoide_10.2.1_795/ide/tools/bin/../lib/gcc/arm-none-eabi/7.2.1/../../../../arm-none-eabi/lib/thumb/v7-m\libc.a(lib_a-strtoul.o)
                0x00009f70                _strtoul_r
 .text._strtoull_l.isra.0
                0x00009f94      0x1cc c:/nxp/mcuxpressoide_10.2.1_795/ide/tools/bin/../lib/gcc/arm-none-eabi/7.2.1/../../../../arm-none-eabi/lib/thumb/v7-m\libc.a(lib_a-strtoull.o)
 .text._strtoull_r
                0x0000a160       0x24 c:/nxp/mcuxpressoide_10.2.1_795/ide/tools/bin/../lib/gcc/arm-none-eabi/7.2.1/../../../../arm-none-eabi/lib/thumb/v7-m\libc.a(lib_a-strtoull.o)
                0x0000a160                _strtoull_r
 .text.__ssprint_r
                0x0000a184       0xf4 c:/nxp/mcuxpressoide_10.2.1_795/ide/tools/bin/../lib/gcc/arm-none-eabi/7.2.1/../../../../arm-none-eabi/lib/thumb/v7-m\libc.a(lib_a-svfiprintf.o)
                0x0000a184                __ssprint_r
 .text._sungetc_r
                0x0000a278       0x7c c:/nxp/mcuxpressoide_10.2.1_795/ide/tools/bin/../lib/gcc/arm-none-eabi/7.2.1/../../../../arm-none-eabi/lib/thumb/v7-m\libc.a(lib_a-svfiscanf.o)
                0x0000a278                _sungetc_r
 .text.__ssrefill_r
                0x0000a2f4       0x3c c:/nxp/mcuxpressoide_10.2.1_795/ide/tools/bin/../lib/gcc/arm-none-eabi/7.2.1/../../../../arm-none-eabi/lib/thumb/v7-m\libc.a(lib_a-svfiscanf.o)
                0x0000a2f4                __ssrefill_r
 .text._sfread_r
                0x0000a330       0x78 c:/nxp/mcuxpressoide_10.2.1_795/ide/tools/bin/../lib/gcc/arm-none-eabi/7.2.1/../../../../arm-none-eabi/lib/thumb/v7-m\libc.a(lib_a-svfiscanf.o)
                0x0000a330                _sfread_r
 .text.__submore
                0x0000a3a8       0x78 c:/nxp/mcuxpressoide_10.2.1_795/ide/tools/bin/../lib/gcc/arm-none-eabi/7.2.1/../../../../arm-none-eabi/lib/thumb/v7-m\libc.a(lib_a-ungetc.o)
                0x0000a3a8                __submore
 .text.__ascii_wctomb
                0x0000a420       0x18 c:/nxp/mcuxpressoide_10.2.1_795/ide/tools/bin/../lib/gcc/arm-none-eabi/7.2.1/../../../../arm-none-eabi/lib/thumb/v7-m\libc.a(lib_a-wctomb_r.o)
                0x0000a420                __ascii_wctomb
 .text._calloc_r
                0x0000a438       0x6c c:/nxp/mcuxpressoide_10.2.1_795/ide/tools/bin/../lib/gcc/arm-none-eabi/7.2.1/../../../../arm-none-eabi/lib/thumb/v7-m\libc.a(lib_a-callocr.o)
                0x0000a438                _calloc_r
 .text.rshift   0x0000a4a4       0xb0 c:/nxp/mcuxpressoide_10.2.1_795/ide/tools/bin/../lib/gcc/arm-none-eabi/7.2.1/../../../../arm-none-eabi/lib/thumb/v7-m\libc.a(lib_a-gdtoa-gethex.o)
 .text.__gethex
                0x0000a554      0x520 c:/nxp/mcuxpressoide_10.2.1_795/ide/tools/bin/../lib/gcc/arm-none-eabi/7.2.1/../../../../arm-none-eabi/lib/thumb/v7-m\libc.a(lib_a-gdtoa-gethex.o)
                0x0000a554                __gethex
 .text.__match  0x0000aa74       0x30 c:/nxp/mcuxpressoide_10.2.1_795/ide/tools/bin/../lib/gcc/arm-none-eabi/7.2.1/../../../../arm-none-eabi/lib/thumb/v7-m\libc.a(lib_a-gdtoa-hexnan.o)
                0x0000aa74                __match
 .text.__hexnan
                0x0000aaa4      0x1a0 c:/nxp/mcuxpressoide_10.2.1_795/ide/tools/bin/../lib/gcc/arm-none-eabi/7.2.1/../../../../arm-none-eabi/lib/thumb/v7-m\libc.a(lib_a-gdtoa-hexnan.o)
                0x0000aaa4                __hexnan
 .text.memmove  0x0000ac44       0xc4 c:/nxp/mcuxpressoide_10.2.1_795/ide/tools/bin/../lib/gcc/arm-none-eabi/7.2.1/../../../../arm-none-eabi/lib/thumb/v7-m\libc.a(lib_a-memmove.o)
                0x0000ac44                memmove
 .text._realloc_r
                0x0000ad08      0x374 c:/nxp/mcuxpressoide_10.2.1_795/ide/tools/bin/../lib/gcc/arm-none-eabi/7.2.1/../../../../arm-none-eabi/lib/thumb/v7-m\libc.a(lib_a-reallocr.o)
                0x0000ad08                _realloc_r
 .text.strncmp  0x0000b07c       0x94 c:/nxp/mcuxpressoide_10.2.1_795/ide/tools/bin/../lib/gcc/arm-none-eabi/7.2.1/../../../../arm-none-eabi/lib/thumb/v7-m\libc.a(lib_a-strncmp.o)
                0x0000b07c                strncmp
 .text._sbrk    0x0000b110       0x3c c:/nxp/mcuxpressoide_10.2.1_795/ide/tools/bin/../lib/gcc/arm-none-eabi/7.2.1/../../../../arm-none-eabi/lib/thumb/v7-m\libcr_newlib_nohost.a(_cr_sbrk.o)
                0x0000b110                _sbrk
 .text.__check_heap_overflow
                0x0000b14c       0x18 c:/nxp/mcuxpressoide_10.2.1_795/ide/tools/bin/../lib/gcc/arm-none-eabi/7.2.1/../../../../arm-none-eabi/lib/thumb/v7-m\libcr_newlib_nohost.a(_cr_check_heap.o)
                0x0000b14c                __check_heap_overflow
 .text          0x0000b164       0x40 c:/nxp/mcuxpressoide_10.2.1_795/ide/tools/bin/../lib/gcc/arm-none-eabi/7.2.1/thumb/v7-m\crtbegin.o
 .text          0x0000b1a4      0x110 c:/nxp/mcuxpressoide_10.2.1_795/ide/tools/bin/../lib/gcc/arm-none-eabi/7.2.1/thumb/v7-m\libgcc.a(_arm_cmpdf2.o)
                0x0000b1a4                __gtdf2
                0x0000b1a4                __gedf2
                0x0000b1ac                __ltdf2
                0x0000b1ac                __ledf2
                0x0000b1b4                __nedf2
                0x0000b1b4                __eqdf2
                0x0000b1b4                __cmpdf2
                0x0000b230                __aeabi_cdrcmple
                0x0000b240                __aeabi_cdcmpeq
                0x0000b240                __aeabi_cdcmple
                0x0000b250                __aeabi_dcmpeq
                0x0000b264                __aeabi_dcmplt
                0x0000b278                __aeabi_dcmple
                0x0000b28c                __aeabi_dcmpge
                0x0000b2a0                __aeabi_dcmpgt
 .text          0x0000b2b4       0x2c c:/nxp/mcuxpressoide_10.2.1_795/ide/tools/bin/../lib/gcc/arm-none-eabi/7.2.1/thumb/v7-m\libgcc.a(_arm_unorddf2.o)
                0x0000b2b4                __unorddf2
                0x0000b2b4                __aeabi_dcmpun
 .text          0x0000b2e0       0x50 c:/nxp/mcuxpressoide_10.2.1_795/ide/tools/bin/../lib/gcc/arm-none-eabi/7.2.1/thumb/v7-m\libgcc.a(_arm_fixdfsi.o)
                0x0000b2e0                __aeabi_d2iz
                0x0000b2e0                __fixdfsi
 .text          0x0000b330       0x40 c:/nxp/mcuxpressoide_10.2.1_795/ide/tools/bin/../lib/gcc/arm-none-eabi/7.2.1/thumb/v7-m\libgcc.a(_arm_fixunsdfsi.o)
                0x0000b330                __aeabi_d2uiz
                0x0000b330                __fixunsdfsi
 .text          0x0000b370       0xa0 c:/nxp/mcuxpressoide_10.2.1_795/ide/tools/bin/../lib/gcc/arm-none-eabi/7.2.1/thumb/v7-m\libgcc.a(_arm_truncdfsf2.o)
                0x0000b370                __truncdfsf2
                0x0000b370                __aeabi_d2f
 .text.__errno  0x0000b410        0xc c:/nxp/mcuxpressoide_10.2.1_795/ide/tools/bin/../lib/gcc/arm-none-eabi/7.2.1/../../../../arm-none-eabi/lib/thumb/v7-m\libc.a(lib_a-errno.o)
                0x0000b410                __errno
 *(.rodata .rodata.* .constdata .constdata.*)
 .rodata._ZTV12DigitalIoPin
                0x0000b41c       0x14 ./src/DigitalIoPin.o
                0x0000b41c                vtable for DigitalIoPin
 .rodata        0x0000b430       0xcf ./src/Lab06_02_stepper_motor_go_stop.o
 *fill*         0x0000b4ff        0x1 ff
 .rodata        0x0000b500       0x40 C:\Users\Usin\Desktop\Projects\Metro\Embedded System project - ARM\FreeRTOS\Debug\libfreertos.a(tasks.o)
                0x0000b530                FreeRTOSDebugConfig
 .rodata.OscRateIn
                0x0000b540        0x4 C:\Users\Usin\Desktop\Projects\Metro\Embedded System project - ARM\lpc_board_nxp_lpcxpresso_1549\Debug\liblpc_board_nxp_lpcxpresso_1549.a(board.o)
                0x0000b540                OscRateIn
 .rodata.RTCOscRateIn
                0x0000b544        0x4 C:\Users\Usin\Desktop\Projects\Metro\Embedded System project - ARM\lpc_board_nxp_lpcxpresso_1549\Debug\liblpc_board_nxp_lpcxpresso_1549.a(board.o)
                0x0000b544                RTCOscRateIn
 .rodata.ledpins
                0x0000b548        0x3 C:\Users\Usin\Desktop\Projects\Metro\Embedded System project - ARM\lpc_board_nxp_lpcxpresso_1549\Debug\liblpc_board_nxp_lpcxpresso_1549.a(board.o)
 *fill*         0x0000b54b        0x1 ff
 .rodata.ledports
                0x0000b54c        0x3 C:\Users\Usin\Desktop\Projects\Metro\Embedded System project - ARM\lpc_board_nxp_lpcxpresso_1549\Debug\liblpc_board_nxp_lpcxpresso_1549.a(board.o)
 *fill*         0x0000b54f        0x1 ff
 .rodata.ioconSetup
                0x0000b550       0x74 C:\Users\Usin\Desktop\Projects\Metro\Embedded System project - ARM\lpc_board_nxp_lpcxpresso_1549\Debug\liblpc_board_nxp_lpcxpresso_1549.a(board_sysinit.o)
 .rodata.swmSetup
                0x0000b5c4        0x6 C:\Users\Usin\Desktop\Projects\Metro\Embedded System project - ARM\lpc_board_nxp_lpcxpresso_1549\Debug\liblpc_board_nxp_lpcxpresso_1549.a(board_sysinit.o)
 *fill*         0x0000b5ca        0x2 ff
 .rodata._svfprintf_r.str1.4
                0x0000b5cc       0x42 c:/nxp/mcuxpressoide_10.2.1_795/ide/tools/bin/../lib/gcc/arm-none-eabi/7.2.1/../../../../arm-none-eabi/lib/thumb/v7-m\libc.a(lib_a-svfprintf.o)
 *fill*         0x0000b60e        0x2 ff
 .rodata.blanks.7276
                0x0000b610       0x10 c:/nxp/mcuxpressoide_10.2.1_795/ide/tools/bin/../lib/gcc/arm-none-eabi/7.2.1/../../../../arm-none-eabi/lib/thumb/v7-m\libc.a(lib_a-svfprintf.o)
 .rodata.zeroes.7277
                0x0000b620       0x10 c:/nxp/mcuxpressoide_10.2.1_795/ide/tools/bin/../lib/gcc/arm-none-eabi/7.2.1/../../../../arm-none-eabi/lib/thumb/v7-m\libc.a(lib_a-svfprintf.o)
 .rodata.__ssvfscanf_r.str1.4
                0x0000b630        0x5 c:/nxp/mcuxpressoide_10.2.1_795/ide/tools/bin/../lib/gcc/arm-none-eabi/7.2.1/../../../../arm-none-eabi/lib/thumb/v7-m\libc.a(lib_a-svfscanf.o)
 *fill*         0x0000b635        0x3 ff
 .rodata.basefix.7347
                0x0000b638       0x22 c:/nxp/mcuxpressoide_10.2.1_795/ide/tools/bin/../lib/gcc/arm-none-eabi/7.2.1/../../../../arm-none-eabi/lib/thumb/v7-m\libc.a(lib_a-svfscanf.o)
 *fill*         0x0000b65a        0x2 ff
 .rodata._dtoa_r.str1.4
                0x0000b65c       0x10 c:/nxp/mcuxpressoide_10.2.1_795/ide/tools/bin/../lib/gcc/arm-none-eabi/7.2.1/../../../../arm-none-eabi/lib/thumb/v7-m\libc.a(lib_a-dtoa.o)
                                 0x12 (size before relaxing)
 .rodata._setlocale_r.str1.4
                0x0000b66c        0xa c:/nxp/mcuxpressoide_10.2.1_795/ide/tools/bin/../lib/gcc/arm-none-eabi/7.2.1/../../../../arm-none-eabi/lib/thumb/v7-m\libc.a(lib_a-locale.o)
                                  0xd (size before relaxing)
 *fill*         0x0000b676        0x2 ff
 .rodata.str1.4
                0x0000b678        0x2 c:/nxp/mcuxpressoide_10.2.1_795/ide/tools/bin/../lib/gcc/arm-none-eabi/7.2.1/../../../../arm-none-eabi/lib/thumb/v7-m\libc.a(lib_a-locale.o)
 .rodata._mbrtowc_r.str1.4
                0x0000b67a        0x1 c:/nxp/mcuxpressoide_10.2.1_795/ide/tools/bin/../lib/gcc/arm-none-eabi/7.2.1/../../../../arm-none-eabi/lib/thumb/v7-m\libc.a(lib_a-mbrtowc.o)
 *fill*         0x0000b67a        0x6 ff
 .rodata.__mprec_bigtens
                0x0000b680       0x28 c:/nxp/mcuxpressoide_10.2.1_795/ide/tools/bin/../lib/gcc/arm-none-eabi/7.2.1/../../../../arm-none-eabi/lib/thumb/v7-m\libc.a(lib_a-mprec.o)
                0x0000b680                __mprec_bigtens
 .rodata.__mprec_tens
                0x0000b6a8       0xc8 c:/nxp/mcuxpressoide_10.2.1_795/ide/tools/bin/../lib/gcc/arm-none-eabi/7.2.1/../../../../arm-none-eabi/lib/thumb/v7-m\libc.a(lib_a-mprec.o)
                0x0000b6a8                __mprec_tens
 .rodata.p05.6092
                0x0000b770        0xc c:/nxp/mcuxpressoide_10.2.1_795/ide/tools/bin/../lib/gcc/arm-none-eabi/7.2.1/../../../../arm-none-eabi/lib/thumb/v7-m\libc.a(lib_a-mprec.o)
 .rodata._strtod_l.str1.4
                0x0000b77c       0x10 c:/nxp/mcuxpressoide_10.2.1_795/ide/tools/bin/../lib/gcc/arm-none-eabi/7.2.1/../../../../arm-none-eabi/lib/thumb/v7-m\libc.a(lib_a-strtod.o)
                                  0xf (size before relaxing)
 .rodata.fpi.6168
                0x0000b78c       0x14 c:/nxp/mcuxpressoide_10.2.1_795/ide/tools/bin/../lib/gcc/arm-none-eabi/7.2.1/../../../../arm-none-eabi/lib/thumb/v7-m\libc.a(lib_a-strtod.o)
 .rodata.fpinan.6204
                0x0000b7a0       0x14 c:/nxp/mcuxpressoide_10.2.1_795/ide/tools/bin/../lib/gcc/arm-none-eabi/7.2.1/../../../../arm-none-eabi/lib/thumb/v7-m\libc.a(lib_a-strtod.o)
 *fill*         0x0000b7b4        0x4 ff
 .rodata.tinytens
                0x0000b7b8       0x28 c:/nxp/mcuxpressoide_10.2.1_795/ide/tools/bin/../lib/gcc/arm-none-eabi/7.2.1/../../../../arm-none-eabi/lib/thumb/v7-m\libc.a(lib_a-strtod.o)
 .rodata._ctype_
                0x0000b7e0      0x101 c:/nxp/mcuxpressoide_10.2.1_795/ide/tools/bin/../lib/gcc/arm-none-eabi/7.2.1/../../../../arm-none-eabi/lib/thumb/v7-m\libc.a(lib_a-ctype_.o)
                0x0000b7e0                _ctype_
 *fill*         0x0000b8e1        0x3 ff
 .rodata.__hexdig
                0x0000b8e4      0x100 c:/nxp/mcuxpressoide_10.2.1_795/ide/tools/bin/../lib/gcc/arm-none-eabi/7.2.1/../../../../arm-none-eabi/lib/thumb/v7-m\libc.a(lib_a-gdtoa-gethex.o)
                0x0000b8e4                __hexdig
                0x0000b9e4                . = ALIGN (0x4)
                0x0000b9e4                . = ALIGN (0x4)
 *(.init)
 .init          0x0000b9e4        0x4 c:/nxp/mcuxpressoide_10.2.1_795/ide/tools/bin/../lib/gcc/arm-none-eabi/7.2.1/thumb/v7-m\crti.o
                0x0000b9e4                _init
 .init          0x0000b9e8        0x8 c:/nxp/mcuxpressoide_10.2.1_795/ide/tools/bin/../lib/gcc/arm-none-eabi/7.2.1/thumb/v7-m\crtn.o
                0x0000b9f0                . = ALIGN (0x4)
                0x0000b9f0                __preinit_array_start = .
 *(.preinit_array)
                0x0000b9f0                __preinit_array_end = .
                0x0000b9f0                . = ALIGN (0x4)
                0x0000b9f0                __init_array_start = .
 *(SORT_BY_NAME(.init_array.*))
 *(.init_array)
 .init_array    0x0000b9f0        0x4 ./src/Lab06_02_stepper_motor_go_stop.o
 .init_array    0x0000b9f4        0x4 c:/nxp/mcuxpressoide_10.2.1_795/ide/tools/bin/../lib/gcc/arm-none-eabi/7.2.1/thumb/v7-m\crtbegin.o
                0x0000b9f8                __init_array_end = .
 *(.fini)
 .fini          0x0000b9f8        0x4 c:/nxp/mcuxpressoide_10.2.1_795/ide/tools/bin/../lib/gcc/arm-none-eabi/7.2.1/thumb/v7-m\crti.o
                0x0000b9f8                _fini
 .fini          0x0000b9fc        0x8 c:/nxp/mcuxpressoide_10.2.1_795/ide/tools/bin/../lib/gcc/arm-none-eabi/7.2.1/thumb/v7-m\crtn.o
                0x0000ba04                . = ALIGN (0x4)
 *crtbegin.o(.ctors)
 *(EXCLUDE_FILE(*crtend.o) .ctors)
 *(SORT_BY_NAME(.ctors.*))
 *crtend.o(.ctors)
                0x0000ba04                . = ALIGN (0x4)
 *crtbegin.o(.dtors)
 *(EXCLUDE_FILE(*crtend.o) .dtors)
 *(SORT_BY_NAME(.dtors.*))
 *crtend.o(.dtors)
                0x0000ba04                . = ALIGN (0x4)

.glue_7         0x0000ba04        0x0
 .glue_7        0x0000ba04        0x0 linker stubs

.glue_7t        0x0000ba04        0x0
 .glue_7t       0x0000ba04        0x0 linker stubs

.vfp11_veneer   0x0000ba04        0x0
 .vfp11_veneer  0x0000ba04        0x0 linker stubs

.v4_bx          0x0000ba04        0x0
 .v4_bx         0x0000ba04        0x0 linker stubs

.iplt           0x0000ba04        0x0
 .iplt          0x0000ba04        0x0 ./src/DigitalIoPin.o

.ARM.extab
 *(.ARM.extab* .gnu.linkonce.armextab.*)
                0x0000ba04                __exidx_start = .

.ARM.exidx      0x0000ba04        0x8
 *(.ARM.exidx* .gnu.linkonce.armexidx.*)
 .ARM.exidx     0x0000ba04        0x8 c:/nxp/mcuxpressoide_10.2.1_795/ide/tools/bin/../lib/gcc/arm-none-eabi/7.2.1/thumb/v7-m\libgcc.a(_udivmoddi4.o)
                0x0000ba0c                __exidx_end = .
                0x0000ba0c                _etext = .

.rel.dyn        0x0000ba0c        0x0
 .rel.iplt      0x0000ba0c        0x0 ./src/DigitalIoPin.o

.eh_frame       0x0000ba0c        0x0
 .eh_frame      0x0000ba0c        0x0 c:/nxp/mcuxpressoide_10.2.1_795/ide/tools/bin/../lib/gcc/arm-none-eabi/7.2.1/thumb/v7-m\crtbegin.o

.data_RAM2      0x02008000        0x0 load address 0x0000ba0c
 FILL mask 0xff
                [!provide]                PROVIDE (__start_data_RAM2, .)
 *(.ramfunc.$RAM2)
 *(.ramfunc.$Ram2_4)
 *(.data.$RAM2*)
 *(.data.$Ram2_4*)
                0x02008000                . = ALIGN (0x4)
                [!provide]                PROVIDE (__end_data_RAM2, .)

.uninit_RESERVED
                0x02000000        0x0
 *(.bss.$RESERVED*)
                0x02000000                . = ALIGN (0x4)
                0x02000000                _end_uninit_RESERVED = .

.data           0x02000000      0x9b4 load address 0x0000ba0c
 FILL mask 0xff
                0x02000000                _data = .
 *(vtable)
 *(.ramfunc*)
 *(.data*)
 .data.isFirstTime
                0x02000000        0x1 ./src/Lab06_02_stepper_motor_go_stop.o
                0x02000000                isFirstTime
 *fill*         0x02000001        0x3 ff
 .data.uxCriticalNesting
                0x02000004        0x4 C:\Users\Usin\Desktop\Projects\Metro\Embedded System project - ARM\FreeRTOS\Debug\libfreertos.a(port.o)
 .data._impure_ptr
                0x02000008        0x4 c:/nxp/mcuxpressoide_10.2.1_795/ide/tools/bin/../lib/gcc/arm-none-eabi/7.2.1/../../../../arm-none-eabi/lib/thumb/v7-m\libc.a(lib_a-impure.o)
                0x02000008                _impure_ptr
 *fill*         0x0200000c        0x4 ff
 .data.impure_data
                0x02000010      0x428 c:/nxp/mcuxpressoide_10.2.1_795/ide/tools/bin/../lib/gcc/arm-none-eabi/7.2.1/../../../../arm-none-eabi/lib/thumb/v7-m\libc.a(lib_a-impure.o)
 .data.__malloc_av_
                0x02000438      0x408 c:/nxp/mcuxpressoide_10.2.1_795/ide/tools/bin/../lib/gcc/arm-none-eabi/7.2.1/../../../../arm-none-eabi/lib/thumb/v7-m\libc.a(lib_a-mallocr.o)
                0x02000438                __malloc_av_
 .data.__malloc_sbrk_base
                0x02000840        0x4 c:/nxp/mcuxpressoide_10.2.1_795/ide/tools/bin/../lib/gcc/arm-none-eabi/7.2.1/../../../../arm-none-eabi/lib/thumb/v7-m\libc.a(lib_a-mallocr.o)
                0x02000840                __malloc_sbrk_base
 .data.__malloc_trim_threshold
                0x02000844        0x4 c:/nxp/mcuxpressoide_10.2.1_795/ide/tools/bin/../lib/gcc/arm-none-eabi/7.2.1/../../../../arm-none-eabi/lib/thumb/v7-m\libc.a(lib_a-mallocr.o)
                0x02000844                __malloc_trim_threshold
 .data.__global_locale
                0x02000848      0x16c c:/nxp/mcuxpressoide_10.2.1_795/ide/tools/bin/../lib/gcc/arm-none-eabi/7.2.1/../../../../arm-none-eabi/lib/thumb/v7-m\libc.a(lib_a-locale.o)
                0x02000848                __global_locale
                0x020009b4                . = ALIGN (0x4)
                0x020009b4                _edata = .

.igot.plt       0x020009b4        0x0 load address 0x0000c3c0
 .igot.plt      0x020009b4        0x0 ./src/DigitalIoPin.o

.bss_RAM2       0x02008000        0x0
                [!provide]                PROVIDE (__start_bss_RAM2, .)
 *(.bss.$RAM2*)
 *(.bss.$Ram2_4*)
                0x02008000                . = ALIGN ((. != 0x0)?0x4:0x1)
                [!provide]                PROVIDE (__end_bss_RAM2, .)

.bss            0x020009b4      0x1e4
                0x020009b4                _bss = .
 *(.bss*)
 .bss.RIT_count
                0x020009b4        0x4 ./src/Lab06_02_stepper_motor_go_stop.o
                0x020009b4                RIT_count
 .bss.sbRIT     0x020009b8        0x4 ./src/Lab06_02_stepper_motor_go_stop.o
                0x020009b8                sbRIT
 .bss.binarySMP
                0x020009bc        0x4 ./src/Lab06_02_stepper_motor_go_stop.o
                0x020009bc                binarySMP
 .bss.countingSMP
                0x020009c0        0x4 ./src/Lab06_02_stepper_motor_go_stop.o
                0x020009c0                countingSMP
 .bss.g_hUsb    0x020009c4        0x4 ./src/cdc_main.o
 .bss.g_pUsbApi
                0x020009c8        0x4 ./src/cdc_main.o
                0x020009c8                g_pUsbApi
 .bss.xCDCEventSemaphore
                0x020009cc        0x4 ./src/cdc_main.o
 .bss.pxCurrentTCB
                0x020009d0        0x4 C:\Users\Usin\Desktop\Projects\Metro\Embedded System project - ARM\FreeRTOS\Debug\libfreertos.a(tasks.o)
                0x020009d0                pxCurrentTCB
 .bss.pxReadyTasksLists
                0x020009d4       0xa0 C:\Users\Usin\Desktop\Projects\Metro\Embedded System project - ARM\FreeRTOS\Debug\libfreertos.a(tasks.o)
 .bss.xDelayedTaskList1
                0x02000a74       0x14 C:\Users\Usin\Desktop\Projects\Metro\Embedded System project - ARM\FreeRTOS\Debug\libfreertos.a(tasks.o)
 .bss.xDelayedTaskList2
                0x02000a88       0x14 C:\Users\Usin\Desktop\Projects\Metro\Embedded System project - ARM\FreeRTOS\Debug\libfreertos.a(tasks.o)
 .bss.pxDelayedTaskList
                0x02000a9c        0x4 C:\Users\Usin\Desktop\Projects\Metro\Embedded System project - ARM\FreeRTOS\Debug\libfreertos.a(tasks.o)
 .bss.pxOverflowDelayedTaskList
                0x02000aa0        0x4 C:\Users\Usin\Desktop\Projects\Metro\Embedded System project - ARM\FreeRTOS\Debug\libfreertos.a(tasks.o)
 .bss.xPendingReadyList
                0x02000aa4       0x14 C:\Users\Usin\Desktop\Projects\Metro\Embedded System project - ARM\FreeRTOS\Debug\libfreertos.a(tasks.o)
 .bss.xTasksWaitingTermination
                0x02000ab8       0x14 C:\Users\Usin\Desktop\Projects\Metro\Embedded System project - ARM\FreeRTOS\Debug\libfreertos.a(tasks.o)
 .bss.uxDeletedTasksWaitingCleanUp
                0x02000acc        0x4 C:\Users\Usin\Desktop\Projects\Metro\Embedded System project - ARM\FreeRTOS\Debug\libfreertos.a(tasks.o)
 .bss.xSuspendedTaskList
                0x02000ad0       0x14 C:\Users\Usin\Desktop\Projects\Metro\Embedded System project - ARM\FreeRTOS\Debug\libfreertos.a(tasks.o)
 .bss.uxCurrentNumberOfTasks
                0x02000ae4        0x4 C:\Users\Usin\Desktop\Projects\Metro\Embedded System project - ARM\FreeRTOS\Debug\libfreertos.a(tasks.o)
 .bss.xTickCount
                0x02000ae8        0x4 C:\Users\Usin\Desktop\Projects\Metro\Embedded System project - ARM\FreeRTOS\Debug\libfreertos.a(tasks.o)
 .bss.uxTopReadyPriority
                0x02000aec        0x4 C:\Users\Usin\Desktop\Projects\Metro\Embedded System project - ARM\FreeRTOS\Debug\libfreertos.a(tasks.o)
 .bss.xSchedulerRunning
                0x02000af0        0x4 C:\Users\Usin\Desktop\Projects\Metro\Embedded System project - ARM\FreeRTOS\Debug\libfreertos.a(tasks.o)
 .bss.uxPendedTicks
                0x02000af4        0x4 C:\Users\Usin\Desktop\Projects\Metro\Embedded System project - ARM\FreeRTOS\Debug\libfreertos.a(tasks.o)
 .bss.xYieldPending
                0x02000af8        0x4 C:\Users\Usin\Desktop\Projects\Metro\Embedded System project - ARM\FreeRTOS\Debug\libfreertos.a(tasks.o)
 .bss.xNumOfOverflows
                0x02000afc        0x4 C:\Users\Usin\Desktop\Projects\Metro\Embedded System project - ARM\FreeRTOS\Debug\libfreertos.a(tasks.o)
 .bss.uxTaskNumber
                0x02000b00        0x4 C:\Users\Usin\Desktop\Projects\Metro\Embedded System project - ARM\FreeRTOS\Debug\libfreertos.a(tasks.o)
 .bss.xNextTaskUnblockTime
                0x02000b04        0x4 C:\Users\Usin\Desktop\Projects\Metro\Embedded System project - ARM\FreeRTOS\Debug\libfreertos.a(tasks.o)
 .bss.xIdleTaskHandle
                0x02000b08        0x4 C:\Users\Usin\Desktop\Projects\Metro\Embedded System project - ARM\FreeRTOS\Debug\libfreertos.a(tasks.o)
 .bss.uxSchedulerSuspended
                0x02000b0c        0x4 C:\Users\Usin\Desktop\Projects\Metro\Embedded System project - ARM\FreeRTOS\Debug\libfreertos.a(tasks.o)
 .bss.ulTaskSwitchedInTime
                0x02000b10        0x4 C:\Users\Usin\Desktop\Projects\Metro\Embedded System project - ARM\FreeRTOS\Debug\libfreertos.a(tasks.o)
 .bss.ulTotalRunTime
                0x02000b14        0x4 C:\Users\Usin\Desktop\Projects\Metro\Embedded System project - ARM\FreeRTOS\Debug\libfreertos.a(tasks.o)
 .bss.__malloc_current_mallinfo
                0x02000b18       0x28 c:/nxp/mcuxpressoide_10.2.1_795/ide/tools/bin/../lib/gcc/arm-none-eabi/7.2.1/../../../../arm-none-eabi/lib/thumb/v7-m\libc.a(lib_a-mallocr.o)
                0x02000b18                __malloc_current_mallinfo
 .bss.__malloc_max_sbrked_mem
                0x02000b40        0x4 c:/nxp/mcuxpressoide_10.2.1_795/ide/tools/bin/../lib/gcc/arm-none-eabi/7.2.1/../../../../arm-none-eabi/lib/thumb/v7-m\libc.a(lib_a-mallocr.o)
                0x02000b40                __malloc_max_sbrked_mem
 .bss.__malloc_max_total_mem
                0x02000b44        0x4 c:/nxp/mcuxpressoide_10.2.1_795/ide/tools/bin/../lib/gcc/arm-none-eabi/7.2.1/../../../../arm-none-eabi/lib/thumb/v7-m\libc.a(lib_a-mallocr.o)
                0x02000b44                __malloc_max_total_mem
 .bss.__malloc_top_pad
                0x02000b48        0x4 c:/nxp/mcuxpressoide_10.2.1_795/ide/tools/bin/../lib/gcc/arm-none-eabi/7.2.1/../../../../arm-none-eabi/lib/thumb/v7-m\libc.a(lib_a-mallocr.o)
                0x02000b48                __malloc_top_pad
 .bss.__end_of_heap
                0x02000b4c        0x4 c:/nxp/mcuxpressoide_10.2.1_795/ide/tools/bin/../lib/gcc/arm-none-eabi/7.2.1/../../../../arm-none-eabi/lib/thumb/v7-m\libcr_newlib_nohost.a(_cr_sbrk.o)
                0x02000b4c                __end_of_heap
 .bss           0x02000b50       0x1c c:/nxp/mcuxpressoide_10.2.1_795/ide/tools/bin/../lib/gcc/arm-none-eabi/7.2.1/thumb/v7-m\crtbegin.o
 *(COMMON)
 COMMON         0x02000b6c        0x4 C:\Users\Usin\Desktop\Projects\Metro\Embedded System project - ARM\lpc_chip_15xx\Debug\liblpc_chip_15xx.a(chip_15xx.o)
                0x02000b6c                SystemCoreClock
 COMMON         0x02000b70        0x4 c:/nxp/mcuxpressoide_10.2.1_795/ide/tools/bin/../lib/gcc/arm-none-eabi/7.2.1/../../../../arm-none-eabi/lib/thumb/v7-m\libc.a(lib_a-reent.o)
                0x02000b70                errno
 COMMON         0x02000b74       0x21 c:/nxp/mcuxpressoide_10.2.1_795/ide/tools/bin/../lib/gcc/arm-none-eabi/7.2.1/../../../../arm-none-eabi/lib/thumb/v7-m\libc.a(lib_a-lock.o)
                0x02000b74                __lock___atexit_recursive_mutex
                0x02000b78                __lock___arc4random_mutex
                0x02000b7c                __lock___env_recursive_mutex
                0x02000b80                __lock___sinit_recursive_mutex
                0x02000b84                __lock___malloc_recursive_mutex
                0x02000b88                __lock___at_quick_exit_mutex
                0x02000b8c                __lock___dd_hash_mutex
                0x02000b90                __lock___tz_mutex
                0x02000b94                __lock___sfp_recursive_mutex
                0x02000b98                . = ALIGN (0x4)
 *fill*         0x02000b95        0x3 
                0x02000b98                _ebss = .
                [!provide]                PROVIDE (end, .)

.noinit_RAM2    0x02008000        0x0
 *(.noinit.$RAM2*)
 *(.noinit.$Ram2_4*)
                0x02008000                . = ALIGN (0x4)

.noinit         0x02000b98        0x0
                0x02000b98                _noinit = .
 *(.noinit*)
                0x02000b98                . = ALIGN (0x4)
                0x02000b98                _end_noinit = .
                0x02000b98                PROVIDE (_pvHeapStart, DEFINED (__user_heap_base)?__user_heap_base:.)
                0x02008000                PROVIDE (_vStackTop, DEFINED (__user_stack_top)?__user_stack_top:(__top_Ram0_16_32 - 0x0))
                0xfdff735a                PROVIDE (__valid_user_code_checksum, (0x0 - ((((((_vStackTop + (ResetISR + 0x1)) + (NMI_Handler + 0x1)) + (HardFault_Handler + 0x1)) + (DEFINED (MemManage_Handler)?MemManage_Handler:0x0 + 0x1)) + (DEFINED (BusFault_Handler)?BusFault_Handler:0x0 + 0x1)) + (DEFINED (UsageFault_Handler)?UsageFault_Handler:0x0 + 0x1))))
                0x00000000                _image_start = LOADADDR (.text)
                0x0000c3c0                _image_end = (LOADADDR (.data) + SIZEOF (.data))
                0x0000c3c0                _image_size = (_image_end - _image_start)
OUTPUT(Lab06_02_stepper_motor_go_stop.axf elf32-littlearm)

.debug_info     0x00000000    0x1b68f
 .debug_info    0x00000000      0x6c3 ./src/DigitalIoPin.o
 .debug_info    0x000006c3      0x3ae ./src/ITM_write.o
 .debug_info    0x00000a71     0x6346 ./src/Lab06_02_stepper_motor_go_stop.o
 .debug_info    0x00006db7     0x3886 ./src/cdc_main.o
 .debug_info    0x0000a63d     0x109f ./src/cr_cpp_config.o
 .debug_info    0x0000b6dc      0x27e ./src/cr_startup_lpc15xx.o
 .debug_info    0x0000b95a      0x96c ./src/sysinit.o
 .debug_info    0x0000c2c6     0x1a59 C:\Users\Usin\Desktop\Projects\Metro\Embedded System project - ARM\FreeRTOS\Debug\libfreertos.a(queue.o)
 .debug_info    0x0000dd1f     0x2a98 C:\Users\Usin\Desktop\Projects\Metro\Embedded System project - ARM\FreeRTOS\Debug\libfreertos.a(tasks.o)
 .debug_info    0x000107b7      0x9d7 C:\Users\Usin\Desktop\Projects\Metro\Embedded System project - ARM\FreeRTOS\Debug\libfreertos.a(heap_3.o)
 .debug_info    0x0001118e      0xca4 C:\Users\Usin\Desktop\Projects\Metro\Embedded System project - ARM\FreeRTOS\Debug\libfreertos.a(port.o)
 .debug_info    0x00011e32      0xa85 C:\Users\Usin\Desktop\Projects\Metro\Embedded System project - ARM\FreeRTOS\Debug\libfreertos.a(FreeRTOSCommonHooks.o)
 .debug_info    0x000128b7      0xb76 C:\Users\Usin\Desktop\Projects\Metro\Embedded System project - ARM\FreeRTOS\Debug\libfreertos.a(list.o)
 .debug_info    0x0001342d     0x135e C:\Users\Usin\Desktop\Projects\Metro\Embedded System project - ARM\lpc_board_nxp_lpcxpresso_1549\Debug\liblpc_board_nxp_lpcxpresso_1549.a(board.o)
 .debug_info    0x0001478b     0x150a C:\Users\Usin\Desktop\Projects\Metro\Embedded System project - ARM\lpc_board_nxp_lpcxpresso_1549\Debug\liblpc_board_nxp_lpcxpresso_1549.a(board_sysinit.o)
 .debug_info    0x00015c95      0x9dd C:\Users\Usin\Desktop\Projects\Metro\Embedded System project - ARM\lpc_chip_15xx\Debug\liblpc_chip_15xx.a(chip_15xx.o)
 .debug_info    0x00016672      0xd9e C:\Users\Usin\Desktop\Projects\Metro\Embedded System project - ARM\lpc_chip_15xx\Debug\liblpc_chip_15xx.a(clock_15xx.o)
 .debug_info    0x00017410      0x688 C:\Users\Usin\Desktop\Projects\Metro\Embedded System project - ARM\lpc_chip_15xx\Debug\liblpc_chip_15xx.a(gpio_15xx.o)
 .debug_info    0x00017a98      0x279 C:\Users\Usin\Desktop\Projects\Metro\Embedded System project - ARM\lpc_chip_15xx\Debug\liblpc_chip_15xx.a(iocon_15xx.o)
 .debug_info    0x00017d11      0x623 C:\Users\Usin\Desktop\Projects\Metro\Embedded System project - ARM\lpc_chip_15xx\Debug\liblpc_chip_15xx.a(ritimer_15xx.o)
 .debug_info    0x00018334      0xaba C:\Users\Usin\Desktop\Projects\Metro\Embedded System project - ARM\lpc_chip_15xx\Debug\liblpc_chip_15xx.a(sct_15xx.o)
 .debug_info    0x00018dee      0x66c C:\Users\Usin\Desktop\Projects\Metro\Embedded System project - ARM\lpc_chip_15xx\Debug\liblpc_chip_15xx.a(swm_15xx.o)
 .debug_info    0x0001945a      0x79f C:\Users\Usin\Desktop\Projects\Metro\Embedded System project - ARM\lpc_chip_15xx\Debug\liblpc_chip_15xx.a(sysctl_15xx.o)
 .debug_info    0x00019bf9      0x778 C:\Users\Usin\Desktop\Projects\Metro\Embedded System project - ARM\lpc_chip_15xx\Debug\liblpc_chip_15xx.a(sysinit_15xx.o)
 .debug_info    0x0001a371      0x955 C:\Users\Usin\Desktop\Projects\Metro\Embedded System project - ARM\lpc_chip_15xx\Debug\liblpc_chip_15xx.a(uart_15xx.o)
 .debug_info    0x0001acc6      0x95f c:/nxp/mcuxpressoide_10.2.1_795/ide/tools/bin/../lib/gcc/arm-none-eabi/7.2.1/../../../../arm-none-eabi/lib/thumb/v7-m\libcr_newlib_nohost.a(_cr_sbrk.o)
 .debug_info    0x0001b625       0x6a c:/nxp/mcuxpressoide_10.2.1_795/ide/tools/bin/../lib/gcc/arm-none-eabi/7.2.1/../../../../arm-none-eabi/lib/thumb/v7-m\libcr_newlib_nohost.a(_cr_check_heap.o)

.debug_abbrev   0x00000000     0x40b7
 .debug_abbrev  0x00000000      0x2da ./src/DigitalIoPin.o
 .debug_abbrev  0x000002da      0x134 ./src/ITM_write.o
 .debug_abbrev  0x0000040e      0x8ce ./src/Lab06_02_stepper_motor_go_stop.o
 .debug_abbrev  0x00000cdc      0x33d ./src/cdc_main.o
 .debug_abbrev  0x00001019      0x32c ./src/cr_cpp_config.o
 .debug_abbrev  0x00001345      0x106 ./src/cr_startup_lpc15xx.o
 .debug_abbrev  0x0000144b      0x1b1 ./src/sysinit.o
 .debug_abbrev  0x000015fc      0x36a C:\Users\Usin\Desktop\Projects\Metro\Embedded System project - ARM\FreeRTOS\Debug\libfreertos.a(queue.o)
 .debug_abbrev  0x00001966      0x3f2 C:\Users\Usin\Desktop\Projects\Metro\Embedded System project - ARM\FreeRTOS\Debug\libfreertos.a(tasks.o)
 .debug_abbrev  0x00001d58      0x214 C:\Users\Usin\Desktop\Projects\Metro\Embedded System project - ARM\FreeRTOS\Debug\libfreertos.a(heap_3.o)
 .debug_abbrev  0x00001f6c      0x31d C:\Users\Usin\Desktop\Projects\Metro\Embedded System project - ARM\FreeRTOS\Debug\libfreertos.a(port.o)
 .debug_abbrev  0x00002289      0x26f C:\Users\Usin\Desktop\Projects\Metro\Embedded System project - ARM\FreeRTOS\Debug\libfreertos.a(FreeRTOSCommonHooks.o)
 .debug_abbrev  0x000024f8      0x205 C:\Users\Usin\Desktop\Projects\Metro\Embedded System project - ARM\FreeRTOS\Debug\libfreertos.a(list.o)
 .debug_abbrev  0x000026fd      0x32b C:\Users\Usin\Desktop\Projects\Metro\Embedded System project - ARM\lpc_board_nxp_lpcxpresso_1549\Debug\liblpc_board_nxp_lpcxpresso_1549.a(board.o)
 .debug_abbrev  0x00002a28      0x2fa C:\Users\Usin\Desktop\Projects\Metro\Embedded System project - ARM\lpc_board_nxp_lpcxpresso_1549\Debug\liblpc_board_nxp_lpcxpresso_1549.a(board_sysinit.o)
 .debug_abbrev  0x00002d22      0x1c0 C:\Users\Usin\Desktop\Projects\Metro\Embedded System project - ARM\lpc_chip_15xx\Debug\liblpc_chip_15xx.a(chip_15xx.o)
 .debug_abbrev  0x00002ee2      0x2ac C:\Users\Usin\Desktop\Projects\Metro\Embedded System project - ARM\lpc_chip_15xx\Debug\liblpc_chip_15xx.a(clock_15xx.o)
 .debug_abbrev  0x0000318e      0x188 C:\Users\Usin\Desktop\Projects\Metro\Embedded System project - ARM\lpc_chip_15xx\Debug\liblpc_chip_15xx.a(gpio_15xx.o)
 .debug_abbrev  0x00003316      0x144 C:\Users\Usin\Desktop\Projects\Metro\Embedded System project - ARM\lpc_chip_15xx\Debug\liblpc_chip_15xx.a(iocon_15xx.o)
 .debug_abbrev  0x0000345a      0x188 C:\Users\Usin\Desktop\Projects\Metro\Embedded System project - ARM\lpc_chip_15xx\Debug\liblpc_chip_15xx.a(ritimer_15xx.o)
 .debug_abbrev  0x000035e2      0x202 C:\Users\Usin\Desktop\Projects\Metro\Embedded System project - ARM\lpc_chip_15xx\Debug\liblpc_chip_15xx.a(sct_15xx.o)
 .debug_abbrev  0x000037e4      0x165 C:\Users\Usin\Desktop\Projects\Metro\Embedded System project - ARM\lpc_chip_15xx\Debug\liblpc_chip_15xx.a(swm_15xx.o)
 .debug_abbrev  0x00003949      0x13a C:\Users\Usin\Desktop\Projects\Metro\Embedded System project - ARM\lpc_chip_15xx\Debug\liblpc_chip_15xx.a(sysctl_15xx.o)
 .debug_abbrev  0x00003a83      0x1b5 C:\Users\Usin\Desktop\Projects\Metro\Embedded System project - ARM\lpc_chip_15xx\Debug\liblpc_chip_15xx.a(sysinit_15xx.o)
 .debug_abbrev  0x00003c38      0x1fa C:\Users\Usin\Desktop\Projects\Metro\Embedded System project - ARM\lpc_chip_15xx\Debug\liblpc_chip_15xx.a(uart_15xx.o)
 .debug_abbrev  0x00003e32      0x223 c:/nxp/mcuxpressoide_10.2.1_795/ide/tools/bin/../lib/gcc/arm-none-eabi/7.2.1/../../../../arm-none-eabi/lib/thumb/v7-m\libcr_newlib_nohost.a(_cr_sbrk.o)
 .debug_abbrev  0x00004055       0x62 c:/nxp/mcuxpressoide_10.2.1_795/ide/tools/bin/../lib/gcc/arm-none-eabi/7.2.1/../../../../arm-none-eabi/lib/thumb/v7-m\libcr_newlib_nohost.a(_cr_check_heap.o)
