Archive member included to satisfy reference by file (symbol)

D:\Desktop\Projects\Metro\Embedded System project - ARM\FreeRTOS\Debug\libfreertos.a(queue.o)
                              ./src/Lab07_02_drive_stepper.o (xQueueGenericCreate)
D:\Desktop\Projects\Metro\Embedded System project - ARM\FreeRTOS\Debug\libfreertos.a(tasks.o)
                              ./src/Lab07_02_drive_stepper.o (xTaskCreate)
D:\Desktop\Projects\Metro\Embedded System project - ARM\FreeRTOS\Debug\libfreertos.a(heap_3.o)
                              D:\Desktop\Projects\Metro\Embedded System project - ARM\FreeRTOS\Debug\libfreertos.a(queue.o) (pvPortMalloc)
D:\Desktop\Projects\Metro\Embedded System project - ARM\FreeRTOS\Debug\libfreertos.a(port.o)
                              D:\Desktop\Projects\Metro\Embedded System project - ARM\FreeRTOS\Debug\libfreertos.a(tasks.o) (pxPortInitialiseStack)
D:\Desktop\Projects\Metro\Embedded System project - ARM\FreeRTOS\Debug\libfreertos.a(FreeRTOSCommonHooks.o)
                              D:\Desktop\Projects\Metro\Embedded System project - ARM\FreeRTOS\Debug\libfreertos.a(heap_3.o) (vApplicationMallocFailedHook)
D:\Desktop\Projects\Metro\Embedded System project - ARM\FreeRTOS\Debug\libfreertos.a(list.o)
                              D:\Desktop\Projects\Metro\Embedded System project - ARM\FreeRTOS\Debug\libfreertos.a(queue.o) (vListInitialise)
D:\Desktop\Projects\Metro\Embedded System project - ARM\lpc_board_nxp_lpcxpresso_1549\Debug\liblpc_board_nxp_lpcxpresso_1549.a(board.o)
                              ./src/Lab07_02_drive_stepper.o (Board_LED_Set)
D:\Desktop\Projects\Metro\Embedded System project - ARM\lpc_board_nxp_lpcxpresso_1549\Debug\liblpc_board_nxp_lpcxpresso_1549.a(board_sysinit.o)
                              ./src/sysinit.o (Board_SystemInit)
D:\Desktop\Projects\Metro\Embedded System project - ARM\lpc_chip_15xx\Debug\liblpc_chip_15xx.a(chip_15xx.o)
                              D:\Desktop\Projects\Metro\Embedded System project - ARM\FreeRTOS\Debug\libfreertos.a(port.o) (SystemCoreClock)
D:\Desktop\Projects\Metro\Embedded System project - ARM\lpc_chip_15xx\Debug\liblpc_chip_15xx.a(clock_15xx.o)
                              D:\Desktop\Projects\Metro\Embedded System project - ARM\lpc_board_nxp_lpcxpresso_1549\Debug\liblpc_board_nxp_lpcxpresso_1549.a(board.o) (Chip_Clock_GetMainClockRate)
D:\Desktop\Projects\Metro\Embedded System project - ARM\lpc_chip_15xx\Debug\liblpc_chip_15xx.a(gpio_15xx.o)
                              D:\Desktop\Projects\Metro\Embedded System project - ARM\lpc_board_nxp_lpcxpresso_1549\Debug\liblpc_board_nxp_lpcxpresso_1549.a(board.o) (Chip_GPIO_Init)
D:\Desktop\Projects\Metro\Embedded System project - ARM\lpc_chip_15xx\Debug\liblpc_chip_15xx.a(iocon_15xx.o)
                              D:\Desktop\Projects\Metro\Embedded System project - ARM\lpc_board_nxp_lpcxpresso_1549\Debug\liblpc_board_nxp_lpcxpresso_1549.a(board_sysinit.o) (Chip_IOCON_SetPinMuxing)
D:\Desktop\Projects\Metro\Embedded System project - ARM\lpc_chip_15xx\Debug\liblpc_chip_15xx.a(ritimer_15xx.o)
                              ./src/Lab07_02_drive_stepper.o (Chip_RIT_SetCTRL)
D:\Desktop\Projects\Metro\Embedded System project - ARM\lpc_chip_15xx\Debug\liblpc_chip_15xx.a(sct_15xx.o)
                              ./src/Lab07_02_drive_stepper.o (Chip_SCT_Init)
D:\Desktop\Projects\Metro\Embedded System project - ARM\lpc_chip_15xx\Debug\liblpc_chip_15xx.a(swm_15xx.o)
                              ./src/ITM_write.o (Chip_SWM_MovablePinAssign)
D:\Desktop\Projects\Metro\Embedded System project - ARM\lpc_chip_15xx\Debug\liblpc_chip_15xx.a(sysctl_15xx.o)
                              D:\Desktop\Projects\Metro\Embedded System project - ARM\lpc_board_nxp_lpcxpresso_1549\Debug\liblpc_board_nxp_lpcxpresso_1549.a(board_sysinit.o) (Chip_SYSCTL_AssertPeriphReset)
D:\Desktop\Projects\Metro\Embedded System project - ARM\lpc_chip_15xx\Debug\liblpc_chip_15xx.a(sysinit_15xx.o)
                              D:\Desktop\Projects\Metro\Embedded System project - ARM\lpc_board_nxp_lpcxpresso_1549\Debug\liblpc_board_nxp_lpcxpresso_1549.a(board_sysinit.o) (Chip_SetupXtalClocking)
D:\Desktop\Projects\Metro\Embedded System project - ARM\lpc_chip_15xx\Debug\liblpc_chip_15xx.a(uart_15xx.o)
                              D:\Desktop\Projects\Metro\Embedded System project - ARM\lpc_board_nxp_lpcxpresso_1549\Debug\liblpc_board_nxp_lpcxpresso_1549.a(board.o) (Chip_UART_Init)
D:\Desktop\Projects\Metro\Embedded System project - ARM\lpc_chip_15xx\Debug\liblpc_chip_15xx.a(ring_buffer.o)
                              D:\Desktop\Projects\Metro\Embedded System project - ARM\lpc_chip_15xx\Debug\liblpc_chip_15xx.a(uart_15xx.o) (RingBuffer_Insert)
c:/nxp/mcuxpressoide_10.2.1_795/ide/tools/bin/../lib/gcc/arm-none-eabi/7.2.1/thumb/v7-m\libgcc.a(_aeabi_uldivmod.o)
                              ./src/Lab07_02_drive_stepper.o (__aeabi_uldivmod)
[...]
Memory Configuration

Name             Origin             Length             Attributes
MFlash256        0x00000000         0x00040000         xr
Ram0_16_32       0x02000000         0x00008000         xrw
Ram2_4           0x02008000         0x00001000         xrw
*default*        0x00000000         0xffffffff

Linker script and memory map

LOAD ./src/DigitalIoPin.o
LOAD ./src/Fmutex.o
LOAD ./src/ITM_write.o
LOAD ./src/Lab07_02_drive_stepper.o
LOAD ./src/cdc_desc.o
LOAD ./src/cdc_main.o
LOAD ./src/cdc_vcom.o
LOAD ./src/cr_cpp_config.o
LOAD ./src/cr_startup_lpc15xx.o
LOAD ./src/crp.o
LOAD ./src/sysinit.o
LOAD D:\Desktop\Projects\Metro\Embedded System project - ARM\FreeRTOS\Debug\libfreertos.a
LOAD D:\Desktop\Projects\Metro\Embedded System project - ARM\lpc_board_nxp_lpcxpresso_1549\Debug\liblpc_board_nxp_lpcxpresso_1549.a
LOAD D:\Desktop\Projects\Metro\Embedded System project - ARM\lpc_chip_15xx\Debug\liblpc_chip_15xx.a
LOAD D:\Desktop\Projects\Metro\Embedded System project - ARM\FreeRTOS\Debug\libFreeRTOS.a
START GROUP
LOAD c:/nxp/mcuxpressoide_10.2.1_795/ide/tools/bin/../lib/gcc/arm-none-eabi/7.2.1/thumb/v7-m\libgcc.a
LOAD c:/nxp/mcuxpressoide_10.2.1_795/ide/tools/bin/../lib/gcc/arm-none-eabi/7.2.1/../../../../arm-none-eabi/lib/thumb/v7-m\libc.a
LOAD c:/nxp/mcuxpressoide_10.2.1_795/ide/tools/bin/../lib/gcc/arm-none-eabi/7.2.1/../../../../arm-none-eabi/lib/thumb/v7-m\libstdc++.a
LOAD c:/nxp/mcuxpressoide_10.2.1_795/ide/tools/bin/../lib/gcc/arm-none-eabi/7.2.1/../../../../arm-none-eabi/lib/thumb/v7-m\libm.a
LOAD c:/nxp/mcuxpressoide_10.2.1_795/ide/tools/bin/../lib/gcc/arm-none-eabi/7.2.1/../../../../arm-none-eabi/lib/thumb/v7-m\libcr_newlib_nohost.a
LOAD c:/nxp/mcuxpressoide_10.2.1_795/ide/tools/bin/../lib/gcc/arm-none-eabi/7.2.1/thumb/v7-m\crti.o
LOAD c:/nxp/mcuxpressoide_10.2.1_795/ide/tools/bin/../lib/gcc/arm-none-eabi/7.2.1/thumb/v7-m\crtn.o
LOAD c:/nxp/mcuxpressoide_10.2.1_795/ide/tools/bin/../lib/gcc/arm-none-eabi/7.2.1/thumb/v7-m\crtbegin.o
LOAD c:/nxp/mcuxpressoide_10.2.1_795/ide/tools/bin/../lib/gcc/arm-none-eabi/7.2.1/thumb/v7-m\crtend.o
END GROUP
                0x00000000                __base_MFlash256 = 0x0
                0x00000000                __base_Flash = 0x0
                0x00040000                __top_MFlash256 = 0x40000
                0x00040000                __top_Flash = 0x40000
                0x02000000                __base_Ram0_16_32 = 0x2000000
                0x02000000                __base_RAM = 0x2000000
                0x02008000                __top_Ram0_16_32 = 0x2008000
                0x02008000                __top_RAM = 0x2008000
                0x02008000                __base_Ram2_4 = 0x2008000
                0x02008000                __base_RAM2 = 0x2008000
                0x02009000                __top_Ram2_4 = 0x2009000
                0x02009000                __top_RAM2 = 0x2009000

.text           0x00000000     0x9828
 FILL mask 0xff
                0x00000000                __vectors_start__ = ABSOLUTE (.)
 *(.isr_vector)
 .isr_vector    0x00000000       0xfc ./src/cr_startup_lpc15xx.o
                0x00000000                g_pfnVectors
                0x000000fc                . = ALIGN (0x4)
                0x000000fc                __section_table_start = .
                0x000000fc                __data_section_table = .
                0x000000fc        0x4 LONG 0x9a7c LOADADDR (.data)
                0x00000100        0x4 LONG 0x2000000 ADDR (.data)
                0x00000104        0x4 LONG 0x9b8 SIZEOF (.data)
                0x00000108        0x4 LONG 0x9a7c LOADADDR (.data_RAM2)
                0x0000010c        0x4 LONG 0x2008000 ADDR (.data_RAM2)
                0x00000110        0x4 LONG 0x0 SIZEOF (.data_RAM2)
                0x00000114                __data_section_table_end = .
                0x00000114                __bss_section_table = .
                0x00000114        0x4 LONG 0x20009b8 ADDR (.bss)
                0x00000118        0x4 LONG 0x208 SIZEOF (.bss)
                0x0000011c        0x4 LONG 0x2008000 ADDR (.bss_RAM2)
                0x00000120        0x4 LONG 0x0 SIZEOF (.bss_RAM2)
                0x00000124                __bss_section_table_end = .
                0x00000124                __section_table_end = .
 *(.after_vectors*)
 .after_vectors
                0x00000124      0x140 ./src/cr_startup_lpc15xx.o
                0x00000124                data_init(unsigned int, unsigned int, unsigned int)
                0x00000166                bss_init(unsigned int, unsigned int)
                0x0000019c                ResetISR
                0x00000228                NMI_Handler
                0x0000022e                HardFault_Handler
                0x00000234                MemManage_Handler
                0x0000023a                BusFault_Handler
                0x00000240                UsageFault_Handler
                0x0000024c                DebugMon_Handler
                0x0000025e                RTC_WAKE_IRQHandler
                0x0000025e                UART0_IRQHandler
                0x0000025e                UART1_IRQHandler
                0x0000025e                MRT_IRQHandler
                0x0000025e                SPI1_IRQHandler
                0x0000025e                PIN_INT6_IRQHandler
                0x0000025e                IntDefaultHandler
                0x0000025e                PIN_INT4_IRQHandler
                0x0000025e                CAN_IRQHandler
                0x0000025e                RTC_ALARM_IRQHandler
                0x0000025e                ADC1B_IRQHandler
                0x0000025e                ADC1_OVR_IRQHandler
                0x0000025e                USBWakeup_IRQHandler
                0x0000025e                UART2_IRQHandler
                0x0000025e                ADC1_THCMP_IRQHandler
                0x0000025e                SCT1_IRQHandler
                0x0000025e                PIN_INT2_IRQHandler
                0x0000025e                USB_FIQHandler
                0x0000025e                SCT3_IRQHandler
                0x0000025e                PIN_INT7_IRQHandler
                0x0000025e                ADC0_OVR_IRQHandler
                0x0000025e                PIN_INT1_IRQHandler
                0x0000025e                BOD_IRQHandler
                0x0000025e                ADC0B_IRQHandler
                0x0000025e                ACMP0_IRQHandler
                0x0000025e                I2C0_IRQHandler
                0x0000025e                SCT2_IRQHandler
                0x0000025e                WDT_IRQHandler
                0x0000025e                PIN_INT0_IRQHandler
                0x0000025e                QEI_IRQHandler
                0x0000025e                ACMP3_IRQHandler
                0x0000025e                GINT0_IRQHandler
                0x0000025e                DAC_IRQHandler
                0x0000025e                SPI0_IRQHandler
                0x0000025e                EEPROM_IRQHandler
                0x0000025e                ACMP2_IRQHandler
                0x0000025e                PIN_INT5_IRQHandler
                0x0000025e                ADC1A_IRQHandler
                0x0000025e                DMA_IRQHandler
                0x0000025e                PIN_INT3_IRQHandler
                0x0000025e                ACMP1_IRQHandler
                0x0000025e                SCT0_IRQHandler
                0x0000025e                ADC0A_IRQHandler
                0x0000025e                FMC_IRQHandler
                0x0000025e                GINT1_IRQHandler
                0x0000025e                ADC0_THCMP_IRQHandler
 *(.text*)
 .text.Chip_IOCON_PinMuxSet
                0x00000264       0x2c ./src/DigitalIoPin.o
 .text.Chip_GPIO_SetPinState
                0x00000290       0x36 ./src/DigitalIoPin.o
 .text.Chip_GPIO_GetPinState
                0x000002c6       0x34 ./src/DigitalIoPin.o
 .text.Chip_GPIO_SetPinDIROutput
                0x000002fa       0x3c ./src/DigitalIoPin.o
 .text.Chip_GPIO_SetPinDIRInput
                0x00000336       0x3e ./src/DigitalIoPin.o
 .text._ZN12DigitalIoPinC2EiiNS_7pinModeEb
                0x00000374       0xc0 ./src/DigitalIoPin.o
                0x00000374                DigitalIoPin::DigitalIoPin(int, int, DigitalIoPin::pinMode, bool)
                0x00000374                DigitalIoPin::DigitalIoPin(int, int, DigitalIoPin::pinMode, bool)
 .text._ZN12DigitalIoPinD2Ev
                0x00000434       0x20 ./src/DigitalIoPin.o
                0x00000434                DigitalIoPin::~DigitalIoPin()
                0x00000434                DigitalIoPin::~DigitalIoPin()
 .text._ZN12DigitalIoPinD0Ev
                0x00000454       0x1e ./src/DigitalIoPin.o
                0x00000454                DigitalIoPin::~DigitalIoPin()
 .text._ZN12DigitalIoPin4readEv
                0x00000472       0x28 ./src/DigitalIoPin.o
                0x00000472                DigitalIoPin::read()
 .text._ZN12DigitalIoPin5writeEb
                0x0000049a       0x2a ./src/DigitalIoPin.o
                0x0000049a                DigitalIoPin::write(bool)
 .text.Chip_SWM_MovablePortPinAssign
                0x000004c4       0x30 ./src/ITM_write.o
 .text.ITM_init
                0x000004f4       0x12 ./src/ITM_write.o
                0x000004f4                ITM_init
 *fill*         0x00000506        0x2 ff
 .text.ITM_write
                0x00000508       0x7c ./src/ITM_write.o
                0x00000508                ITM_write
 .text.NVIC_SetPriority
                0x00000584       0x54 ./src/Lab07_02_drive_stepper.o
 .text.Chip_SWM_MovablePortPinAssign
                0x000005d8       0x30 ./src/Lab07_02_drive_stepper.o
 .text.Chip_RIT_Disable
                0x00000608       0x18 ./src/Lab07_02_drive_stepper.o
 .text.Chip_RIT_ClearIntStatus
                0x00000620       0x18 ./src/Lab07_02_drive_stepper.o
 .text.vConfigureTimerForRunTimeStats
                0x00000638       0x20 ./src/Lab07_02_drive_stepper.o
                0x00000638                vConfigureTimerForRunTimeStats
 .text.RIT_IRQHandler
                0x00000658       0xec ./src/Lab07_02_drive_stepper.o
                0x00000658                RIT_IRQHandler
 .text._ZL16prvSetupHardwarev
                0x00000744       0x30 ./src/Lab07_02_drive_stepper.o
 .text._ZL8led_taskPv
                0x00000774      0x160 ./src/Lab07_02_drive_stepper.o
 .text._ZL8SCT_Initv
                0x000008d4       0x94 ./src/Lab07_02_drive_stepper.o
 .text.main     0x00000968       0x38 ./src/Lab07_02_drive_stepper.o
                0x00000968                main
 .text._Z41__static_initialization_and_destruction_0ii
                0x000009a0       0x38 ./src/Lab07_02_drive_stepper.o
 .text._GLOBAL__sub_I_RIT_count
                0x000009d8       0x10 ./src/Lab07_02_drive_stepper.o
 .text.USB_IRQHandler
                0x000009e8       0x58 ./src/cdc_main.o
                0x000009e8                USB_IRQHandler
 .text._ZdlPv   0x00000a40       0x16 ./src/cr_cpp_config.o
                0x00000a40                operator delete(void*)
 .text.__aeabi_atexit
                0x00000a56       0x18 ./src/cr_cpp_config.o
                0x00000a56                __aeabi_atexit
 .text._ZN9__gnu_cxx27__verbose_terminate_handlerEv
                0x00000a6e        0x6 ./src/cr_cpp_config.o
                0x00000a6e                __gnu_cxx::__verbose_terminate_handler()
 .text.SystemInit
                0x00000a74        0xc ./src/sysinit.o
                0x00000a74                SystemInit
 .text.xQueueGenericReset
                0x00000a80       0xb4 D:\Desktop\Projects\Metro\Embedded System project - ARM\FreeRTOS\Debug\libfreertos.a(queue.o)
                0x00000a80                xQueueGenericReset
 .text.xQueueGenericCreate
                0x00000b34       0x58 D:\Desktop\Projects\Metro\Embedded System project - ARM\FreeRTOS\Debug\libfreertos.a(queue.o)
                0x00000b34                xQueueGenericCreate
 .text.prvInitialiseNewQueue
                0x00000b8c       0x46 D:\Desktop\Projects\Metro\Embedded System project - ARM\FreeRTOS\Debug\libfreertos.a(queue.o)
 .text.xQueueGiveFromISR
                0x00000bd2       0xa6 D:\Desktop\Projects\Metro\Embedded System project - ARM\FreeRTOS\Debug\libfreertos.a(queue.o)
                0x00000bd2                xQueueGiveFromISR
 .text.xTaskCreate
                0x00000c78       0x84 D:\Desktop\Projects\Metro\Embedded System project - ARM\FreeRTOS\Debug\libfreertos.a(tasks.o)
                0x00000c78                xTaskCreate
 .text.prvInitialiseNewTask
                0x00000cfc      0x17e D:\Desktop\Projects\Metro\Embedded System project - ARM\FreeRTOS\Debug\libfreertos.a(tasks.o)
 *fill*         0x00000e7a        0x2 ff
 .text.prvAddNewTaskToReadyList
                0x00000e7c       0xdc D:\Desktop\Projects\Metro\Embedded System project - ARM\FreeRTOS\Debug\libfreertos.a(tasks.o)
 .text.vTaskDelay
                0x00000f58       0x48 D:\Desktop\Projects\Metro\Embedded System project - ARM\FreeRTOS\Debug\libfreertos.a(tasks.o)
                0x00000f58                vTaskDelay
 .text.vTaskStartScheduler
                0x00000fa0       0x84 D:\Desktop\Projects\Metro\Embedded System project - ARM\FreeRTOS\Debug\libfreertos.a(tasks.o)
                0x00000fa0                vTaskStartScheduler
 .text.vTaskSuspendAll
                0x00001024       0x1c D:\Desktop\Projects\Metro\Embedded System project - ARM\FreeRTOS\Debug\libfreertos.a(tasks.o)
                0x00001024                vTaskSuspendAll
 .text.xTaskResumeAll
                0x00001040      0x11c D:\Desktop\Projects\Metro\Embedded System project - ARM\FreeRTOS\Debug\libfreertos.a(tasks.o)
                0x00001040                xTaskResumeAll
 .text.xTaskIncrementTick
                0x0000115c      0x158 D:\Desktop\Projects\Metro\Embedded System project - ARM\FreeRTOS\Debug\libfreertos.a(tasks.o)
                0x0000115c                xTaskIncrementTick
 .text.vTaskSwitchContext
                0x000012b4      0x120 D:\Desktop\Projects\Metro\Embedded System project - ARM\FreeRTOS\Debug\libfreertos.a(tasks.o)
                0x000012b4                vTaskSwitchContext
 .text.xTaskRemoveFromEventList
                0x000013d4       0xa8 D:\Desktop\Projects\Metro\Embedded System project - ARM\FreeRTOS\Debug\libfreertos.a(tasks.o)
                0x000013d4                xTaskRemoveFromEventList
 .text.prvIdleTask
                0x0000147c        0xe D:\Desktop\Projects\Metro\Embedded System project - ARM\FreeRTOS\Debug\libfreertos.a(tasks.o)
 *fill*         0x0000148a        0x2 ff
 .text.prvInitialiseTaskLists
                0x0000148c       0x80 D:\Desktop\Projects\Metro\Embedded System project - ARM\FreeRTOS\Debug\libfreertos.a(tasks.o)
 .text.prvCheckTasksWaitingTermination
                0x0000150c       0x58 D:\Desktop\Projects\Metro\Embedded System project - ARM\FreeRTOS\Debug\libfreertos.a(tasks.o)
 .text.prvDeleteTCB
                0x00001564       0x2a D:\Desktop\Projects\Metro\Embedded System project - ARM\FreeRTOS\Debug\libfreertos.a(tasks.o)
 *fill*         0x0000158e        0x2 ff
 .text.prvResetNextTaskUnblockTime
                0x00001590       0x48 D:\Desktop\Projects\Metro\Embedded System project - ARM\FreeRTOS\Debug\libfreertos.a(tasks.o)
 .text.prvAddCurrentTaskToDelayedList
                0x000015d8       0xcc D:\Desktop\Projects\Metro\Embedded System project - ARM\FreeRTOS\Debug\libfreertos.a(tasks.o)
 .text.pvPortMalloc
                0x000016a4       0x2c D:\Desktop\Projects\Metro\Embedded System project - ARM\FreeRTOS\Debug\libfreertos.a(heap_3.o)
                0x000016a4                pvPortMalloc
 .text.vPortFree
                0x000016d0       0x24 D:\Desktop\Projects\Metro\Embedded System project - ARM\FreeRTOS\Debug\libfreertos.a(heap_3.o)
                0x000016d0                vPortFree
 .text.pxPortInitialiseStack
                0x000016f4       0x58 D:\Desktop\Projects\Metro\Embedded System project - ARM\FreeRTOS\Debug\libfreertos.a(port.o)
                0x000016f4                pxPortInitialiseStack
 .text.prvTaskExitError
                0x0000174c       0x2e D:\Desktop\Projects\Metro\Embedded System project - ARM\FreeRTOS\Debug\libfreertos.a(port.o)
 *fill*         0x0000177a        0x6 ff
 .text.SVC_Handler
                0x00001780       0x28 D:\Desktop\Projects\Metro\Embedded System project - ARM\FreeRTOS\Debug\libfreertos.a(port.o)
                0x00001780                SVC_Handler
 .text.prvPortStartFirstTask
                0x000017a8       0x20 D:\Desktop\Projects\Metro\Embedded System project - ARM\FreeRTOS\Debug\libfreertos.a(port.o)
 .text.xPortStartScheduler
                0x000017c8       0x40 D:\Desktop\Projects\Metro\Embedded System project - ARM\FreeRTOS\Debug\libfreertos.a(port.o)
                0x000017c8                xPortStartScheduler
 .text.vPortEnterCritical
                0x00001808       0x30 D:\Desktop\Projects\Metro\Embedded System project - ARM\FreeRTOS\Debug\libfreertos.a(port.o)
                0x00001808                vPortEnterCritical
 .text.vPortExitCritical
                0x00001838       0x30 D:\Desktop\Projects\Metro\Embedded System project - ARM\FreeRTOS\Debug\libfreertos.a(port.o)
                0x00001838                vPortExitCritical
 *fill*         0x00001868        0x8 ff
 .text.PendSV_Handler
                0x00001870       0x48 D:\Desktop\Projects\Metro\Embedded System project - ARM\FreeRTOS\Debug\libfreertos.a(port.o)
                0x00001870                PendSV_Handler
 .text.SysTick_Handler
                0x000018b8       0x40 D:\Desktop\Projects\Metro\Embedded System project - ARM\FreeRTOS\Debug\libfreertos.a(port.o)
                0x000018b8                SysTick_Handler
 .text.vPortSetupTimerInterrupt
                0x000018f8       0x44 D:\Desktop\Projects\Metro\Embedded System project - ARM\FreeRTOS\Debug\libfreertos.a(port.o)
                0x000018f8                vPortSetupTimerInterrupt
 .text.vApplicationMallocFailedHook
                0x0000193c       0x1c D:\Desktop\Projects\Metro\Embedded System project - ARM\FreeRTOS\Debug\libfreertos.a(FreeRTOSCommonHooks.o)
                0x0000193c                vApplicationMallocFailedHook
 .text.vApplicationStackOverflowHook
                0x00001958       0x20 D:\Desktop\Projects\Metro\Embedded System project - ARM\FreeRTOS\Debug\libfreertos.a(FreeRTOSCommonHooks.o)
                0x00001958                vApplicationStackOverflowHook
 .text.vListInitialise
                0x00001978       0x3e D:\Desktop\Projects\Metro\Embedded System project - ARM\FreeRTOS\Debug\libfreertos.a(list.o)
                0x00001978                vListInitialise
 .text.vListInitialiseItem
                0x000019b6       0x18 D:\Desktop\Projects\Metro\Embedded System project - ARM\FreeRTOS\Debug\libfreertos.a(list.o)
                0x000019b6                vListInitialiseItem
 .text.vListInsertEnd
                0x000019ce       0x46 D:\Desktop\Projects\Metro\Embedded System project - ARM\FreeRTOS\Debug\libfreertos.a(list.o)
                0x000019ce                vListInsertEnd
 .text.vListInsert
                0x00001a14       0x70 D:\Desktop\Projects\Metro\Embedded System project - ARM\FreeRTOS\Debug\libfreertos.a(list.o)
                0x00001a14                vListInsert
 .text.uxListRemove
                0x00001a84       0x52 D:\Desktop\Projects\Metro\Embedded System project - ARM\FreeRTOS\Debug\libfreertos.a(list.o)
                0x00001a84                uxListRemove
 .text.Chip_IOCON_PinMuxSet
                0x00001ad6       0x2c D:\Desktop\Projects\Metro\Embedded System project - ARM\lpc_board_nxp_lpcxpresso_1549\Debug\liblpc_board_nxp_lpcxpresso_1549.a(board.o)
 .text.Chip_SWM_MovablePortPinAssign
                0x00001b02       0x30 D:\Desktop\Projects\Metro\Embedded System project - ARM\lpc_board_nxp_lpcxpresso_1549\Debug\liblpc_board_nxp_lpcxpresso_1549.a(board.o)
 .text.Chip_GPIO_SetPinState
                0x00001b32       0x36 D:\Desktop\Projects\Metro\Embedded System project - ARM\lpc_board_nxp_lpcxpresso_1549\Debug\liblpc_board_nxp_lpcxpresso_1549.a(board.o)
 .text.Chip_GPIO_SetPinDIROutput
                0x00001b68       0x3c D:\Desktop\Projects\Metro\Embedded System project - ARM\lpc_board_nxp_lpcxpresso_1549\Debug\liblpc_board_nxp_lpcxpresso_1549.a(board.o)
 .text.Chip_UART_Enable
                0x00001ba4       0x1e D:\Desktop\Projects\Metro\Embedded System project - ARM\lpc_board_nxp_lpcxpresso_1549\Debug\liblpc_board_nxp_lpcxpresso_1549.a(board.o)
 .text.Chip_UART_TXEnable
                0x00001bc2       0x1e D:\Desktop\Projects\Metro\Embedded System project - ARM\lpc_board_nxp_lpcxpresso_1549\Debug\liblpc_board_nxp_lpcxpresso_1549.a(board.o)
 .text.Chip_UART_ConfigData
                0x00001be0       0x28 D:\Desktop\Projects\Metro\Embedded System project - ARM\lpc_board_nxp_lpcxpresso_1549\Debug\liblpc_board_nxp_lpcxpresso_1549.a(board.o)
 .text.Board_Debug_Init
                0x00001c08       0x70 D:\Desktop\Projects\Metro\Embedded System project - ARM\lpc_board_nxp_lpcxpresso_1549\Debug\liblpc_board_nxp_lpcxpresso_1549.a(board.o)
                0x00001c08                Board_Debug_Init
 .text.Board_LED_Init
                0x00001c78       0x5c D:\Desktop\Projects\Metro\Embedded System project - ARM\lpc_board_nxp_lpcxpresso_1549\Debug\liblpc_board_nxp_lpcxpresso_1549.a(board.o)
 .text.Board_LED_Set
                0x00001cd4       0x54 D:\Desktop\Projects\Metro\Embedded System project - ARM\lpc_board_nxp_lpcxpresso_1549\Debug\liblpc_board_nxp_lpcxpresso_1549.a(board.o)
                0x00001cd4                Board_LED_Set
 .text.Board_Init
                0x00001d28       0x18 D:\Desktop\Projects\Metro\Embedded System project - ARM\lpc_board_nxp_lpcxpresso_1549\Debug\liblpc_board_nxp_lpcxpresso_1549.a(board.o)
                0x00001d28                Board_Init
 .text.Chip_SYSCTL_PeriphReset
                0x00001d40       0x22 D:\Desktop\Projects\Metro\Embedded System project - ARM\lpc_board_nxp_lpcxpresso_1549\Debug\liblpc_board_nxp_lpcxpresso_1549.a(board_sysinit.o)
 *fill*         0x00001d62        0x2 ff
 .text.Chip_Clock_SetUSBPLLSource
                0x00001d64       0x20 D:\Desktop\Projects\Metro\Embedded System project - ARM\lpc_board_nxp_lpcxpresso_1549\Debug\liblpc_board_nxp_lpcxpresso_1549.a(board_sysinit.o)
 .text.Chip_Clock_SetupUSBPLL
                0x00001d84       0x34 D:\Desktop\Projects\Metro\Embedded System project - ARM\lpc_board_nxp_lpcxpresso_1549\Debug\liblpc_board_nxp_lpcxpresso_1549.a(board_sysinit.o)
 .text.Chip_Clock_IsUSBPLLLocked
                0x00001db8       0x24 D:\Desktop\Projects\Metro\Embedded System project - ARM\lpc_board_nxp_lpcxpresso_1549\Debug\liblpc_board_nxp_lpcxpresso_1549.a(board_sysinit.o)
 .text.Chip_Clock_SetSysTickClockDiv
                0x00001ddc       0x20 D:\Desktop\Projects\Metro\Embedded System project - ARM\lpc_board_nxp_lpcxpresso_1549\Debug\liblpc_board_nxp_lpcxpresso_1549.a(board_sysinit.o)
 .text.Chip_SWM_MovablePortPinAssign
                0x00001dfc       0x30 D:\Desktop\Projects\Metro\Embedded System project - ARM\lpc_board_nxp_lpcxpresso_1549\Debug\liblpc_board_nxp_lpcxpresso_1549.a(board_sysinit.o)
 .text.Board_SetupMuxing
                0x00001e2c       0x80 D:\Desktop\Projects\Metro\Embedded System project - ARM\lpc_board_nxp_lpcxpresso_1549\Debug\liblpc_board_nxp_lpcxpresso_1549.a(board_sysinit.o)
                0x00001e2c                Board_SetupMuxing
 .text.Board_SetupClocking
                0x00001eac       0x3a D:\Desktop\Projects\Metro\Embedded System project - ARM\lpc_board_nxp_lpcxpresso_1549\Debug\liblpc_board_nxp_lpcxpresso_1549.a(board_sysinit.o)
                0x00001eac                Board_SetupClocking
 *fill*         0x00001ee6        0x2 ff
 .text.Board_SystemInit
                0x00001ee8       0x1c D:\Desktop\Projects\Metro\Embedded System project - ARM\lpc_board_nxp_lpcxpresso_1549\Debug\liblpc_board_nxp_lpcxpresso_1549.a(board_sysinit.o)
                0x00001ee8                Board_SystemInit
 .text.SystemCoreClockUpdate
                0x00001f04       0x18 D:\Desktop\Projects\Metro\Embedded System project - ARM\lpc_chip_15xx\Debug\liblpc_chip_15xx.a(chip_15xx.o)
                0x00001f04                SystemCoreClockUpdate
 .text.Chip_Clock_SetMain_A_ClockSource
                0x00001f1c       0x20 D:\Desktop\Projects\Metro\Embedded System project - ARM\lpc_chip_15xx\Debug\liblpc_chip_15xx.a(clock_15xx.o)
 .text.Chip_Clock_GetMain_A_ClockSource
                0x00001f3c       0x18 D:\Desktop\Projects\Metro\Embedded System project - ARM\lpc_chip_15xx\Debug\liblpc_chip_15xx.a(clock_15xx.o)
 .text.Chip_Clock_SetMain_B_ClockSource
                0x00001f54       0x20 D:\Desktop\Projects\Metro\Embedded System project - ARM\lpc_chip_15xx\Debug\liblpc_chip_15xx.a(clock_15xx.o)
 .text.Chip_Clock_GetMain_B_ClockSource
                0x00001f74       0x18 D:\Desktop\Projects\Metro\Embedded System project - ARM\lpc_chip_15xx\Debug\liblpc_chip_15xx.a(clock_15xx.o)
 .text.Chip_Clock_SetUARTFRGDivider
                0x00001f8c       0x20 D:\Desktop\Projects\Metro\Embedded System project - ARM\lpc_chip_15xx\Debug\liblpc_chip_15xx.a(clock_15xx.o)
 .text.Chip_Clock_GetUARTFRGDivider
                0x00001fac       0x18 D:\Desktop\Projects\Metro\Embedded System project - ARM\lpc_chip_15xx\Debug\liblpc_chip_15xx.a(clock_15xx.o)
 .text.Chip_Clock_GetMainOscRate
                0x00001fc4       0x14 D:\Desktop\Projects\Metro\Embedded System project - ARM\lpc_chip_15xx\Debug\liblpc_chip_15xx.a(clock_15xx.o)
 .text.Chip_Clock_GetIntOscRate
                0x00001fd8       0x14 D:\Desktop\Projects\Metro\Embedded System project - ARM\lpc_chip_15xx\Debug\liblpc_chip_15xx.a(clock_15xx.o)
 .text.Chip_Clock_GetRTCOscRate
                0x00001fec       0x14 D:\Desktop\Projects\Metro\Embedded System project - ARM\lpc_chip_15xx\Debug\liblpc_chip_15xx.a(clock_15xx.o)
 .text.Chip_Clock_GetWDTOSCRate
                0x00002000       0x14 D:\Desktop\Projects\Metro\Embedded System project - ARM\lpc_chip_15xx\Debug\liblpc_chip_15xx.a(clock_15xx.o)
 .text.Chip_Clock_GetPLLFreq
                0x00002014       0x26 D:\Desktop\Projects\Metro\Embedded System project - ARM\lpc_chip_15xx\Debug\liblpc_chip_15xx.a(clock_15xx.o)
 .text.Chip_Clock_GetPLLInClockRate
                0x0000203a       0x38 D:\Desktop\Projects\Metro\Embedded System project - ARM\lpc_chip_15xx\Debug\liblpc_chip_15xx.a(clock_15xx.o)
 *fill*         0x00002072        0x2 ff
 .text.Chip_Clock_GetSystemPLLInClockRate
                0x00002074       0x1c D:\Desktop\Projects\Metro\Embedded System project - ARM\lpc_chip_15xx\Debug\liblpc_chip_15xx.a(clock_15xx.o)
                0x00002074                Chip_Clock_GetSystemPLLInClockRate
 .text.Chip_Clock_GetSystemPLLOutClockRate
                0x00002090       0x24 D:\Desktop\Projects\Metro\Embedded System project - ARM\lpc_chip_15xx\Debug\liblpc_chip_15xx.a(clock_15xx.o)
                0x00002090                Chip_Clock_GetSystemPLLOutClockRate
 .text.Chip_Clock_GetMain_A_ClockRate
                0x000020b4       0x44 D:\Desktop\Projects\Metro\Embedded System project - ARM\lpc_chip_15xx\Debug\liblpc_chip_15xx.a(clock_15xx.o)
                0x000020b4                Chip_Clock_GetMain_A_ClockRate
 .text.Chip_Clock_GetMain_B_ClockRate
                0x000020f8       0x58 D:\Desktop\Projects\Metro\Embedded System project - ARM\lpc_chip_15xx\Debug\liblpc_chip_15xx.a(clock_15xx.o)
                0x000020f8                Chip_Clock_GetMain_B_ClockRate
 .text.Chip_Clock_SetMainClockSource
                0x00002150       0x3c D:\Desktop\Projects\Metro\Embedded System project - ARM\lpc_chip_15xx\Debug\liblpc_chip_15xx.a(clock_15xx.o)
                0x00002150                Chip_Clock_SetMainClockSource
 .text.Chip_Clock_GetMainClockRate
                0x0000218c       0x28 D:\Desktop\Projects\Metro\Embedded System project - ARM\lpc_chip_15xx\Debug\liblpc_chip_15xx.a(clock_15xx.o)
                0x0000218c                Chip_Clock_GetMainClockRate
 .text.Chip_Clock_EnablePeriphClock
                0x000021b4       0x58 D:\Desktop\Projects\Metro\Embedded System project - ARM\lpc_chip_15xx\Debug\liblpc_chip_15xx.a(clock_15xx.o)
                0x000021b4                Chip_Clock_EnablePeriphClock
 .text.Chip_Clock_GetUARTBaseClockRate
                0x0000220c       0x8c D:\Desktop\Projects\Metro\Embedded System project - ARM\lpc_chip_15xx\Debug\liblpc_chip_15xx.a(clock_15xx.o)
                0x0000220c                Chip_Clock_GetUARTBaseClockRate
 .text.Chip_Clock_SetUARTBaseClockRate
                0x00002298       0xa4 D:\Desktop\Projects\Metro\Embedded System project - ARM\lpc_chip_15xx\Debug\liblpc_chip_15xx.a(clock_15xx.o)
                0x00002298                Chip_Clock_SetUARTBaseClockRate
 .text.Chip_Clock_GetSystemClockRate
                0x0000233c       0x1c D:\Desktop\Projects\Metro\Embedded System project - ARM\lpc_chip_15xx\Debug\liblpc_chip_15xx.a(clock_15xx.o)
                0x0000233c                Chip_Clock_GetSystemClockRate
 .text.Chip_SYSCTL_PeriphReset
                0x00002358       0x22 D:\Desktop\Projects\Metro\Embedded System project - ARM\lpc_chip_15xx\Debug\liblpc_chip_15xx.a(gpio_15xx.o)
 .text.Chip_GPIO_Init
                0x0000237a       0x2e D:\Desktop\Projects\Metro\Embedded System project - ARM\lpc_chip_15xx\Debug\liblpc_chip_15xx.a(gpio_15xx.o)
                0x0000237a                Chip_GPIO_Init
 .text.Chip_IOCON_PinMuxSet
                0x000023a8       0x2c D:\Desktop\Projects\Metro\Embedded System project - ARM\lpc_chip_15xx\Debug\liblpc_chip_15xx.a(iocon_15xx.o)
 .text.Chip_IOCON_SetPinMuxing
                0x000023d4       0x4e D:\Desktop\Projects\Metro\Embedded System project - ARM\lpc_chip_15xx\Debug\liblpc_chip_15xx.a(iocon_15xx.o)
                0x000023d4                Chip_IOCON_SetPinMuxing
 .text.Chip_SYSCTL_PeriphReset
                0x00002422       0x22 D:\Desktop\Projects\Metro\Embedded System project - ARM\lpc_chip_15xx\Debug\liblpc_chip_15xx.a(ritimer_15xx.o)
 .text.Chip_RIT_Init
                0x00002444       0x22 D:\Desktop\Projects\Metro\Embedded System project - ARM\lpc_chip_15xx\Debug\liblpc_chip_15xx.a(ritimer_15xx.o)
                0x00002444                Chip_RIT_Init
 .text.Chip_RIT_SetCTRL
                0x00002466       0x28 D:\Desktop\Projects\Metro\Embedded System project - ARM\lpc_chip_15xx\Debug\liblpc_chip_15xx.a(ritimer_15xx.o)
                0x00002466                Chip_RIT_SetCTRL
 .text.Chip_RIT_ClearCTRL
                0x0000248e       0x2a D:\Desktop\Projects\Metro\Embedded System project - ARM\lpc_chip_15xx\Debug\liblpc_chip_15xx.a(ritimer_15xx.o)
                0x0000248e                Chip_RIT_ClearCTRL
 .text.Chip_SYSCTL_PeriphReset
                0x000024b8       0x22 D:\Desktop\Projects\Metro\Embedded System project - ARM\lpc_chip_15xx\Debug\liblpc_chip_15xx.a(sct_15xx.o)
 .text.Chip_SCT_Init
                0x000024da       0x3c D:\Desktop\Projects\Metro\Embedded System project - ARM\lpc_chip_15xx\Debug\liblpc_chip_15xx.a(sct_15xx.o)
                0x000024da                Chip_SCT_Init
 *fill*         0x00002516        0x2 ff
 .text.Chip_SWM_MovablePinAssign
                0x00002518       0x5c D:\Desktop\Projects\Metro\Embedded System project - ARM\lpc_chip_15xx\Debug\liblpc_chip_15xx.a(swm_15xx.o)
                0x00002518                Chip_SWM_MovablePinAssign
 .text.Chip_SYSCTL_AssertPeriphReset
                0x00002574       0x4c D:\Desktop\Projects\Metro\Embedded System project - ARM\lpc_chip_15xx\Debug\liblpc_chip_15xx.a(sysctl_15xx.o)
                0x00002574                Chip_SYSCTL_AssertPeriphReset
 .text.Chip_SYSCTL_DeassertPeriphReset
                0x000025c0       0x50 D:\Desktop\Projects\Metro\Embedded System project - ARM\lpc_chip_15xx\Debug\liblpc_chip_15xx.a(sysctl_15xx.o)
                0x000025c0                Chip_SYSCTL_DeassertPeriphReset
 .text.Chip_SYSCTL_PowerDown
                0x00002610       0x40 D:\Desktop\Projects\Metro\Embedded System project - ARM\lpc_chip_15xx\Debug\liblpc_chip_15xx.a(sysctl_15xx.o)
                0x00002610                Chip_SYSCTL_PowerDown
 .text.Chip_SYSCTL_PowerUp
                0x00002650       0x40 D:\Desktop\Projects\Metro\Embedded System project - ARM\lpc_chip_15xx\Debug\liblpc_chip_15xx.a(sysctl_15xx.o)
                0x00002650                Chip_SYSCTL_PowerUp
 .text.Chip_FMC_SetFLASHAccess
                0x00002690       0x38 D:\Desktop\Projects\Metro\Embedded System project - ARM\lpc_chip_15xx\Debug\liblpc_chip_15xx.a(sysinit_15xx.o)
 .text.Chip_Clock_SetSystemPLLSource
                0x000026c8       0x20 D:\Desktop\Projects\Metro\Embedded System project - ARM\lpc_chip_15xx\Debug\liblpc_chip_15xx.a(sysinit_15xx.o)
 .text.Chip_Clock_SetupSystemPLL
                0x000026e8       0x34 D:\Desktop\Projects\Metro\Embedded System project - ARM\lpc_chip_15xx\Debug\liblpc_chip_15xx.a(sysinit_15xx.o)
 .text.Chip_Clock_IsSystemPLLLocked
                0x0000271c       0x24 D:\Desktop\Projects\Metro\Embedded System project - ARM\lpc_chip_15xx\Debug\liblpc_chip_15xx.a(sysinit_15xx.o)
 .text.Chip_Clock_SetSysClockDiv
                0x00002740       0x20 D:\Desktop\Projects\Metro\Embedded System project - ARM\lpc_chip_15xx\Debug\liblpc_chip_15xx.a(sysinit_15xx.o)
 .text.Chip_SetupXtalClocking
                0x00002760       0x6c D:\Desktop\Projects\Metro\Embedded System project - ARM\lpc_chip_15xx\Debug\liblpc_chip_15xx.a(sysinit_15xx.o)
                0x00002760                Chip_SetupXtalClocking
 .text.Chip_SYSCTL_PeriphReset
                0x000027cc       0x22 D:\Desktop\Projects\Metro\Embedded System project - ARM\lpc_chip_15xx\Debug\liblpc_chip_15xx.a(uart_15xx.o)
 *fill*         0x000027ee        0x2 ff
 .text.getUARTClockID
                0x000027f0       0x34 D:\Desktop\Projects\Metro\Embedded System project - ARM\lpc_chip_15xx\Debug\liblpc_chip_15xx.a(uart_15xx.o)
 .text.Chip_UART_Init
                0x00002824       0x4c D:\Desktop\Projects\Metro\Embedded System project - ARM\lpc_chip_15xx\Debug\liblpc_chip_15xx.a(uart_15xx.o)
                0x00002824                Chip_UART_Init
 .text.Chip_UART_SetBaud
                0x00002870       0x2a D:\Desktop\Projects\Metro\Embedded System project - ARM\lpc_chip_15xx\Debug\liblpc_chip_15xx.a(uart_15xx.o)
                0x00002870                Chip_UART_SetBaud
 *fill*         0x0000289a        0x2 ff
 .text          0x0000289c       0x30 c:/nxp/mcuxpressoide_10.2.1_795/ide/tools/bin/../lib/gcc/arm-none-eabi/7.2.1/thumb/v7-m\libgcc.a(_aeabi_uldivmod.o)
                0x0000289c                __aeabi_uldivmod
 .text          0x000028cc      0x2d0 c:/nxp/mcuxpressoide_10.2.1_795/ide/tools/bin/../lib/gcc/arm-none-eabi/7.2.1/thumb/v7-m\libgcc.a(_udivmoddi4.o)
                0x000028cc                __udivmoddi4
 .text          0x00002b9c        0x4 c:/nxp/mcuxpressoide_10.2.1_795/ide/tools/bin/../lib/gcc/arm-none-eabi/7.2.1/thumb/v7-m\libgcc.a(_dvmd_tls.o)
                0x00002b9c                __aeabi_idiv0
                0x00002b9c                __aeabi_ldiv0
 .text.__libc_init_array
                0x00002ba0       0x48 c:/nxp/mcuxpressoide_10.2.1_795/ide/tools/bin/../lib/gcc/arm-none-eabi/7.2.1/../../../../arm-none-eabi/lib/thumb/v7-m\libc.a(lib_a-init.o)
                0x00002ba0                __libc_init_array
 .text.malloc   0x00002be8       0x10 c:/nxp/mcuxpressoide_10.2.1_795/ide/tools/bin/../lib/gcc/arm-none-eabi/7.2.1/../../../../arm-none-eabi/lib/thumb/v7-m\libc.a(lib_a-malloc.o)
                0x00002be8                malloc
 .text.free     0x00002bf8       0x10 c:/nxp/mcuxpressoide_10.2.1_795/ide/tools/bin/../lib/gcc/arm-none-eabi/7.2.1/../../../../arm-none-eabi/lib/thumb/v7-m\libc.a(lib_a-malloc.o)
                0x00002bf8                free
 .text._malloc_r
                0x00002c08      0x524 c:/nxp/mcuxpressoide_10.2.1_795/ide/tools/bin/../lib/gcc/arm-none-eabi/7.2.1/../../../../arm-none-eabi/lib/thumb/v7-m\libc.a(lib_a-mallocr.o)
                0x00002c08                _malloc_r
 .text          0x0000312c       0xec c:/nxp/mcuxpressoide_10.2.1_795/ide/tools/bin/../lib/gcc/arm-none-eabi/7.2.1/../../../../arm-none-eabi/lib/thumb/v7-m\libc.a(lib_a-memcpy.o)
                0x0000312c                memcpy
 .text.memset   0x00003218       0x94 c:/nxp/mcuxpressoide_10.2.1_795/ide/tools/bin/../lib/gcc/arm-none-eabi/7.2.1/../../../../arm-none-eabi/lib/thumb/v7-m\libc.a(lib_a-memset.o)
                0x00003218                memset
 .text.__malloc_lock
                0x000032ac        0xc c:/nxp/mcuxpressoide_10.2.1_795/ide/tools/bin/../lib/gcc/arm-none-eabi/7.2.1/../../../../arm-none-eabi/lib/thumb/v7-m\libc.a(lib_a-mlock.o)
                0x000032ac                __malloc_lock
 .text.__malloc_unlock
                0x000032b8        0xc c:/nxp/mcuxpressoide_10.2.1_795/ide/tools/bin/../lib/gcc/arm-none-eabi/7.2.1/../../../../arm-none-eabi/lib/thumb/v7-m\libc.a(lib_a-mlock.o)
                0x000032b8                __malloc_unlock
 .text.cleanup_glue
                0x000032c4       0x28 c:/nxp/mcuxpressoide_10.2.1_795/ide/tools/bin/../lib/gcc/arm-none-eabi/7.2.1/../../../../arm-none-eabi/lib/thumb/v7-m\libc.a(lib_a-reent.o)
                0x000032c4                cleanup_glue
 .text._reclaim_reent
                0x000032ec       0x88 c:/nxp/mcuxpressoide_10.2.1_795/ide/tools/bin/../lib/gcc/arm-none-eabi/7.2.1/../../../../arm-none-eabi/lib/thumb/v7-m\libc.a(lib_a-reent.o)
                0x000032ec                _reclaim_reent
 .text._sbrk_r  0x00003374       0x24 c:/nxp/mcuxpressoide_10.2.1_795/ide/tools/bin/../lib/gcc/arm-none-eabi/7.2.1/../../../../arm-none-eabi/lib/thumb/v7-m\libc.a(lib_a-sbrkr.o)
                0x00003374                _sbrk_r
 .text.sprintf  0x00003398       0x44 c:/nxp/mcuxpressoide_10.2.1_795/ide/tools/bin/../lib/gcc/arm-none-eabi/7.2.1/../../../../arm-none-eabi/lib/thumb/v7-m\libc.a(lib_a-sprintf.o)
                0x00003398                sprintf
 .text.strlen   0x000033dc       0x5c c:/nxp/mcuxpressoide_10.2.1_795/ide/tools/bin/../lib/gcc/arm-none-eabi/7.2.1/../../../../arm-none-eabi/lib/thumb/v7-m\libc.a(lib_a-strlen-stub.o)
                0x000033dc                strlen
 .text._svfprintf_r
                0x00003438     0x14ec c:/nxp/mcuxpressoide_10.2.1_795/ide/tools/bin/../lib/gcc/arm-none-eabi/7.2.1/../../../../arm-none-eabi/lib/thumb/v7-m\libc.a(lib_a-svfprintf.o)
                0x00003438                _svfprintf_r
 .text.quorem   0x00004924      0x124 c:/nxp/mcuxpressoide_10.2.1_795/ide/tools/bin/../lib/gcc/arm-none-eabi/7.2.1/../../../../arm-none-eabi/lib/thumb/v7-m\libc.a(lib_a-dtoa.o)
 .text._dtoa_r  0x00004a48      0xe30 c:/nxp/mcuxpressoide_10.2.1_795/ide/tools/bin/../lib/gcc/arm-none-eabi/7.2.1/../../../../arm-none-eabi/lib/thumb/v7-m\libc.a(lib_a-dtoa.o)
                0x00004a48                _dtoa_r
 .text._malloc_trim_r
                0x00005878       0xa0 c:/nxp/mcuxpressoide_10.2.1_795/ide/tools/bin/../lib/gcc/arm-none-eabi/7.2.1/../../../../arm-none-eabi/lib/thumb/v7-m\libc.a(lib_a-freer.o)
                0x00005878                _malloc_trim_r
 .text._free_r  0x00005918      0x1e8 c:/nxp/mcuxpressoide_10.2.1_795/ide/tools/bin/../lib/gcc/arm-none-eabi/7.2.1/../../../../arm-none-eabi/lib/thumb/v7-m\libc.a(lib_a-freer.o)
                0x00005918                _free_r
 .text._localeconv_r
                0x00005b00       0x1c c:/nxp/mcuxpressoide_10.2.1_795/ide/tools/bin/../lib/gcc/arm-none-eabi/7.2.1/../../../../arm-none-eabi/lib/thumb/v7-m\libc.a(lib_a-localeconv.o)
                0x00005b00                _localeconv_r
 .text.__retarget_lock_acquire_recursive
                0x00005b1c        0x4 c:/nxp/mcuxpressoide_10.2.1_795/ide/tools/bin/../lib/gcc/arm-none-eabi/7.2.1/../../../../arm-none-eabi/lib/thumb/v7-m\libc.a(lib_a-lock.o)
                0x00005b1c                __retarget_lock_acquire_recursive
 .text.__retarget_lock_release_recursive
                0x00005b20        0x4 c:/nxp/mcuxpressoide_10.2.1_795/ide/tools/bin/../lib/gcc/arm-none-eabi/7.2.1/../../../../arm-none-eabi/lib/thumb/v7-m\libc.a(lib_a-lock.o)
                0x00005b20                __retarget_lock_release_recursive
 .text.memchr   0x00005b24       0x8c c:/nxp/mcuxpressoide_10.2.1_795/ide/tools/bin/../lib/gcc/arm-none-eabi/7.2.1/../../../../arm-none-eabi/lib/thumb/v7-m\libc.a(lib_a-memchr-stub.o)
                0x00005b24                memchr
 .text._Balloc  0x00005bb0       0x4c c:/nxp/mcuxpressoide_10.2.1_795/ide/tools/bin/../lib/gcc/arm-none-eabi/7.2.1/../../../../arm-none-eabi/lib/thumb/v7-m\libc.a(lib_a-mprec.o)
                0x00005bb0                _Balloc
 .text._Bfree   0x00005bfc       0x14 c:/nxp/mcuxpressoide_10.2.1_795/ide/tools/bin/../lib/gcc/arm-none-eabi/7.2.1/../../../../arm-none-eabi/lib/thumb/v7-m\libc.a(lib_a-mprec.o)
                0x00005bfc                _Bfree
 .text.__multadd
                0x00005c10       0x84 c:/nxp/mcuxpressoide_10.2.1_795/ide/tools/bin/../lib/gcc/arm-none-eabi/7.2.1/../../../../arm-none-eabi/lib/thumb/v7-m\libc.a(lib_a-mprec.o)
                0x00005c10                __multadd
 .text.__hi0bits
                0x00005c94       0x40 c:/nxp/mcuxpressoide_10.2.1_795/ide/tools/bin/../lib/gcc/arm-none-eabi/7.2.1/../../../../arm-none-eabi/lib/thumb/v7-m\libc.a(lib_a-mprec.o)
                0x00005c94                __hi0bits
 .text.__lo0bits
                0x00005cd4       0x60 c:/nxp/mcuxpressoide_10.2.1_795/ide/tools/bin/../lib/gcc/arm-none-eabi/7.2.1/../../../../arm-none-eabi/lib/thumb/v7-m\libc.a(lib_a-mprec.o)
                0x00005cd4                __lo0bits
 .text.__i2b    0x00005d34       0x14 c:/nxp/mcuxpressoide_10.2.1_795/ide/tools/bin/../lib/gcc/arm-none-eabi/7.2.1/../../../../arm-none-eabi/lib/thumb/v7-m\libc.a(lib_a-mprec.o)
                0x00005d34                __i2b
 .text.__multiply
                0x00005d48      0x14c c:/nxp/mcuxpressoide_10.2.1_795/ide/tools/bin/../lib/gcc/arm-none-eabi/7.2.1/../../../../arm-none-eabi/lib/thumb/v7-m\libc.a(lib_a-mprec.o)
                0x00005d48                __multiply
 .text.__pow5mult
                0x00005e94       0xa0 c:/nxp/mcuxpressoide_10.2.1_795/ide/tools/bin/../lib/gcc/arm-none-eabi/7.2.1/../../../../arm-none-eabi/lib/thumb/v7-m\libc.a(lib_a-mprec.o)
                0x00005e94                __pow5mult
 .text.__lshift
                0x00005f34       0xb4 c:/nxp/mcuxpressoide_10.2.1_795/ide/tools/bin/../lib/gcc/arm-none-eabi/7.2.1/../../../../arm-none-eabi/lib/thumb/v7-m\libc.a(lib_a-mprec.o)
                0x00005f34                __lshift
 .text.__mcmp   0x00005fe8       0x38 c:/nxp/mcuxpressoide_10.2.1_795/ide/tools/bin/../lib/gcc/arm-none-eabi/7.2.1/../../../../arm-none-eabi/lib/thumb/v7-m\libc.a(lib_a-mprec.o)
                0x00005fe8                __mcmp
 .text.__mdiff  0x00006020      0x100 c:/nxp/mcuxpressoide_10.2.1_795/ide/tools/bin/../lib/gcc/arm-none-eabi/7.2.1/../../../../arm-none-eabi/lib/thumb/v7-m\libc.a(lib_a-mprec.o)
                0x00006020                __mdiff
 .text.__d2b    0x00006120       0xb0 c:/nxp/mcuxpressoide_10.2.1_795/ide/tools/bin/../lib/gcc/arm-none-eabi/7.2.1/../../../../arm-none-eabi/lib/thumb/v7-m\libc.a(lib_a-mprec.o)
                0x00006120                __d2b
 .text.__ssprint_r
                0x000061d0       0xf4 c:/nxp/mcuxpressoide_10.2.1_795/ide/tools/bin/../lib/gcc/arm-none-eabi/7.2.1/../../../../arm-none-eabi/lib/thumb/v7-m\libc.a(lib_a-svfiprintf.o)
                0x000061d0                __ssprint_r
 .text._calloc_r
                0x000062c4       0x6c c:/nxp/mcuxpressoide_10.2.1_795/ide/tools/bin/../lib/gcc/arm-none-eabi/7.2.1/../../../../arm-none-eabi/lib/thumb/v7-m\libc.a(lib_a-callocr.o)
                0x000062c4                _calloc_r
 .text.__ascii_mbtowc
                0x00006330       0x2c c:/nxp/mcuxpressoide_10.2.1_795/ide/tools/bin/../lib/gcc/arm-none-eabi/7.2.1/../../../../arm-none-eabi/lib/thumb/v7-m\libc.a(lib_a-mbtowc_r.o)
                0x00006330                __ascii_mbtowc
 .text.memmove  0x0000635c       0xc4 c:/nxp/mcuxpressoide_10.2.1_795/ide/tools/bin/../lib/gcc/arm-none-eabi/7.2.1/../../../../arm-none-eabi/lib/thumb/v7-m\libc.a(lib_a-memmove.o)
                0x0000635c                memmove
 .text._realloc_r
                0x00006420      0x374 c:/nxp/mcuxpressoide_10.2.1_795/ide/tools/bin/../lib/gcc/arm-none-eabi/7.2.1/../../../../arm-none-eabi/lib/thumb/v7-m\libc.a(lib_a-reallocr.o)
                0x00006420                _realloc_r
 .text          0x00006794      0x1bc c:/nxp/mcuxpressoide_10.2.1_795/ide/tools/bin/../lib/gcc/arm-none-eabi/7.2.1/../../../../arm-none-eabi/lib/thumb/v7-m\libc.a(lib_a-strcmp.o)
                0x00006794                strcmp
 .text.__ascii_wctomb
                0x00006950       0x18 c:/nxp/mcuxpressoide_10.2.1_795/ide/tools/bin/../lib/gcc/arm-none-eabi/7.2.1/../../../../arm-none-eabi/lib/thumb/v7-m\libc.a(lib_a-wctomb_r.o)
                0x00006950                __ascii_wctomb
 .text.__cxa_guard_acquire
                0x00006968       0x38 c:/nxp/mcuxpressoide_10.2.1_795/ide/tools/bin/../lib/gcc/arm-none-eabi/7.2.1/../../../../arm-none-eabi/lib/thumb/v7-m\libstdc++.a(guard.o)
                0x00006968                __cxa_guard_acquire
 .text.__cxa_guard_release
                0x000069a0        0x8 c:/nxp/mcuxpressoide_10.2.1_795/ide/tools/bin/../lib/gcc/arm-none-eabi/7.2.1/../../../../arm-none-eabi/lib/thumb/v7-m\libstdc++.a(guard.o)
                0x000069a0                __cxa_guard_release
 .text._ZN12_GLOBAL__N_14pool4freeEPv.constprop.4
                0x000069a8       0x88 c:/nxp/mcuxpressoide_10.2.1_795/ide/tools/bin/../lib/gcc/arm-none-eabi/7.2.1/../../../../arm-none-eabi/lib/thumb/v7-m\libstdc++.a(eh_alloc.o)
 .text._ZN12_GLOBAL__N_14pool8allocateEj.constprop.5
                0x00006a30       0x64 c:/nxp/mcuxpressoide_10.2.1_795/ide/tools/bin/../lib/gcc/arm-none-eabi/7.2.1/../../../../arm-none-eabi/lib/thumb/v7-m\libstdc++.a(eh_alloc.o)
 .text.__cxa_allocate_exception
                0x00006a94       0x30 c:/nxp/mcuxpressoide_10.2.1_795/ide/tools/bin/../lib/gcc/arm-none-eabi/7.2.1/../../../../arm-none-eabi/lib/thumb/v7-m\libstdc++.a(eh_alloc.o)
                0x00006a94                __cxa_allocate_exception
 .text.__cxa_free_exception
                0x00006ac4       0x20 c:/nxp/mcuxpressoide_10.2.1_795/ide/tools/bin/../lib/gcc/arm-none-eabi/7.2.1/../../../../arm-none-eabi/lib/thumb/v7-m\libstdc++.a(eh_alloc.o)
                0x00006ac4                __cxa_free_exception
 .text.startup._GLOBAL__sub_I__ZN9__gnu_cxx9__freeresEv
                0x00006ae4       0x28 c:/nxp/mcuxpressoide_10.2.1_795/ide/tools/bin/../lib/gcc/arm-none-eabi/7.2.1/../../../../arm-none-eabi/lib/thumb/v7-m\libstdc++.a(eh_alloc.o)
 .text._ZN10__cxxabiv111__terminateEPFvvE
                0x00006b0c       0x28 c:/nxp/mcuxpressoide_10.2.1_795/ide/tools/bin/../lib/gcc/arm-none-eabi/7.2.1/../../../../arm-none-eabi/lib/thumb/v7-m\libstdc++.a(eh_terminate.o)
                0x00006b0c                __cxxabiv1::__terminate(void (*)())
 .text._ZSt9terminatev
                0x00006b34       0x14 c:/nxp/mcuxpressoide_10.2.1_795/ide/tools/bin/../lib/gcc/arm-none-eabi/7.2.1/../../../../arm-none-eabi/lib/thumb/v7-m\libstdc++.a(eh_terminate.o)
                0x00006b34                std::terminate()
 .text._ZN10__cxxabiv112__unexpectedEPFvvE
                0x00006b48        0x8 c:/nxp/mcuxpressoide_10.2.1_795/ide/tools/bin/../lib/gcc/arm-none-eabi/7.2.1/../../../../arm-none-eabi/lib/thumb/v7-m\libstdc++.a(eh_terminate.o)
                0x00006b48                __cxxabiv1::__unexpected(void (*)())
 .text._ZSt10unexpectedv
                0x00006b50       0x14 c:/nxp/mcuxpressoide_10.2.1_795/ide/tools/bin/../lib/gcc/arm-none-eabi/7.2.1/../../../../arm-none-eabi/lib/thumb/v7-m\libstdc++.a(eh_terminate.o)
                0x00006b50                std::unexpected()
 .text._ZSt13get_terminatev
                0x00006b64       0x10 c:/nxp/mcuxpressoide_10.2.1_795/ide/tools/bin/../lib/gcc/arm-none-eabi/7.2.1/../../../../arm-none-eabi/lib/thumb/v7-m\libstdc++.a(eh_terminate.o)
                0x00006b64                std::get_terminate()
 .text._ZSt14get_unexpectedv
                0x00006b74       0x10 c:/nxp/mcuxpressoide_10.2.1_795/ide/tools/bin/../lib/gcc/arm-none-eabi/7.2.1/../../../../arm-none-eabi/lib/thumb/v7-m\libstdc++.a(eh_terminate.o)
                0x00006b74                std::get_unexpected()
 .text.__cxa_end_cleanup
                0x00006b84        0xc c:/nxp/mcuxpressoide_10.2.1_795/ide/tools/bin/../lib/gcc/arm-none-eabi/7.2.1/../../../../arm-none-eabi/lib/thumb/v7-m\libstdc++.a(eh_arm.o)
                0x00006b84                __cxa_end_cleanup
 .text.__cxa_type_match
                0x00006b90       0xb0 c:/nxp/mcuxpressoide_10.2.1_795/ide/tools/bin/../lib/gcc/arm-none-eabi/7.2.1/../../../../arm-none-eabi/lib/thumb/v7-m\libstdc++.a(eh_arm.o)
                0x00006b90                __cxa_type_match
 .text.__cxa_begin_cleanup
                0x00006c40       0x64 c:/nxp/mcuxpressoide_10.2.1_795/ide/tools/bin/../lib/gcc/arm-none-eabi/7.2.1/../../../../arm-none-eabi/lib/thumb/v7-m\libstdc++.a(eh_arm.o)
                0x00006c40                __cxa_begin_cleanup
 .text.__gnu_end_cleanup
                0x00006ca4       0x70 c:/nxp/mcuxpressoide_10.2.1_795/ide/tools/bin/../lib/gcc/arm-none-eabi/7.2.1/../../../../arm-none-eabi/lib/thumb/v7-m\libstdc++.a(eh_arm.o)
                0x00006ca4                __gnu_end_cleanup
 .text._ZL23__gxx_exception_cleanup19_Unwind_Reason_CodeP21_Unwind_Control_Block
                0x00006d14       0x44 c:/nxp/mcuxpressoide_10.2.1_795/ide/tools/bin/../lib/gcc/arm-none-eabi/7.2.1/../../../../arm-none-eabi/lib/thumb/v7-m\libstdc++.a(eh_throw.o)
 .text.__cxa_init_primary_exception
                0x00006d58       0x58 c:/nxp/mcuxpressoide_10.2.1_795/ide/tools/bin/../lib/gcc/arm-none-eabi/7.2.1/../../../../arm-none-eabi/lib/thumb/v7-m\libstdc++.a(eh_throw.o)
                0x00006d58                __cxa_init_primary_exception
 .text.__cxa_throw
                0x00006db0       0x38 c:/nxp/mcuxpressoide_10.2.1_795/ide/tools/bin/../lib/gcc/arm-none-eabi/7.2.1/../../../../arm-none-eabi/lib/thumb/v7-m\libstdc++.a(eh_throw.o)
                0x00006db0                __cxa_throw
 .text.__cxa_rethrow
                0x00006de8       0x70 c:/nxp/mcuxpressoide_10.2.1_795/ide/tools/bin/../lib/gcc/arm-none-eabi/7.2.1/../../../../arm-none-eabi/lib/thumb/v7-m\libstdc++.a(eh_throw.o)
                0x00006de8                __cxa_rethrow
 .text._ZN9__gnu_cxx20recursive_init_errorD2Ev
                0x00006e58       0x14 c:/nxp/mcuxpressoide_10.2.1_795/ide/tools/bin/../lib/gcc/arm-none-eabi/7.2.1/../../../../arm-none-eabi/lib/thumb/v7-m\libstdc++.a(guard_error.o)
                0x00006e58                __gnu_cxx::recursive_init_error::~recursive_init_error()
                0x00006e58                __gnu_cxx::recursive_init_error::~recursive_init_error()
 .text._ZN9__gnu_cxx20recursive_init_errorD0Ev
                0x00006e6c       0x1c c:/nxp/mcuxpressoide_10.2.1_795/ide/tools/bin/../lib/gcc/arm-none-eabi/7.2.1/../../../../arm-none-eabi/lib/thumb/v7-m\libstdc++.a(guard_error.o)
                0x00006e6c                __gnu_cxx::recursive_init_error::~recursive_init_error()
 .text._ZNSt9exceptionD2Ev
                0x00006e88        0x4 c:/nxp/mcuxpressoide_10.2.1_795/ide/tools/bin/../lib/gcc/arm-none-eabi/7.2.1/../../../../arm-none-eabi/lib/thumb/v7-m\libstdc++.a(eh_exception.o)
                0x00006e88                std::exception::~exception()
                0x00006e88                std::exception::~exception()
 .text._ZNSt13bad_exceptionD2Ev
                0x00006e8c        0x4 c:/nxp/mcuxpressoide_10.2.1_795/ide/tools/bin/../lib/gcc/arm-none-eabi/7.2.1/../../../../arm-none-eabi/lib/thumb/v7-m\libstdc++.a(eh_exception.o)
                0x00006e8c                std::bad_exception::~bad_exception()
                0x00006e8c                std::bad_exception::~bad_exception()
 .text._ZNKSt9exception4whatEv
                0x00006e90        0x8 c:/nxp/mcuxpressoide_10.2.1_795/ide/tools/bin/../lib/gcc/arm-none-eabi/7.2.1/../../../../arm-none-eabi/lib/thumb/v7-m\libstdc++.a(eh_exception.o)
                0x00006e90                std::exception::what() const
                0x00006e90                transaction clone for std::exception::what() const
 .text._ZNKSt13bad_exception4whatEv
                0x00006e98        0x8 c:/nxp/mcuxpressoide_10.2.1_795/ide/tools/bin/../lib/gcc/arm-none-eabi/7.2.1/../../../../arm-none-eabi/lib/thumb/v7-m\libstdc++.a(eh_exception.o)
                0x00006e98                std::bad_exception::what() const
                0x00006e98                transaction clone for std::bad_exception::what() const
 .text._ZNSt13bad_exceptionD0Ev
                0x00006ea0       0x10 c:/nxp/mcuxpressoide_10.2.1_795/ide/tools/bin/../lib/gcc/arm-none-eabi/7.2.1/../../../../arm-none-eabi/lib/thumb/v7-m\libstdc++.a(eh_exception.o)
                0x00006ea0                std::bad_exception::~bad_exception()
 .text._ZL28read_encoded_value_with_basehjPKhPj
                0x00006eb0       0xc0 c:/nxp/mcuxpressoide_10.2.1_795/ide/tools/bin/../lib/gcc/arm-none-eabi/7.2.1/../../../../arm-none-eabi/lib/thumb/v7-m\libstdc++.a(eh_personality.o)
 .text._ZL21base_of_encoded_valuehP15_Unwind_Context.part.3
                0x00006f70       0x38 c:/nxp/mcuxpressoide_10.2.1_795/ide/tools/bin/../lib/gcc/arm-none-eabi/7.2.1/../../../../arm-none-eabi/lib/thumb/v7-m\libstdc++.a(eh_personality.o)
 .text._ZL17parse_lsda_headerP15_Unwind_ContextPKhP16lsda_header_info
                0x00006fa8       0x90 c:/nxp/mcuxpressoide_10.2.1_795/ide/tools/bin/../lib/gcc/arm-none-eabi/7.2.1/../../../../arm-none-eabi/lib/thumb/v7-m\libstdc++.a(eh_personality.o)
 .text.__gxx_personality_v0
                0x00007038      0x4e4 c:/nxp/mcuxpressoide_10.2.1_795/ide/tools/bin/../lib/gcc/arm-none-eabi/7.2.1/../../../../arm-none-eabi/lib/thumb/v7-m\libstdc++.a(eh_personality.o)
                0x00007038                __gxx_personality_v0
 .text._ZN10__cxxabiv1L24__is_gxx_exception_classEPc
                0x0000751c       0x3c c:/nxp/mcuxpressoide_10.2.1_795/ide/tools/bin/../lib/gcc/arm-none-eabi/7.2.1/../../../../arm-none-eabi/lib/thumb/v7-m\libstdc++.a(eh_call.o)
 .text.__cxa_call_terminate
                0x00007558       0x20 c:/nxp/mcuxpressoide_10.2.1_795/ide/tools/bin/../lib/gcc/arm-none-eabi/7.2.1/../../../../arm-none-eabi/lib/thumb/v7-m\libstdc++.a(eh_call.o)
                0x00007558                __cxa_call_terminate
 .text.__cxa_call_unexpected
                0x00007578       0xe0 c:/nxp/mcuxpressoide_10.2.1_795/ide/tools/bin/../lib/gcc/arm-none-eabi/7.2.1/../../../../arm-none-eabi/lib/thumb/v7-m\libstdc++.a(eh_call.o)
                0x00007578                __cxa_call_unexpected
 .text.__cxa_begin_catch
                0x00007658       0x80 c:/nxp/mcuxpressoide_10.2.1_795/ide/tools/bin/../lib/gcc/arm-none-eabi/7.2.1/../../../../arm-none-eabi/lib/thumb/v7-m\libstdc++.a(eh_catch.o)
                0x00007658                __cxa_begin_catch
 .text.__cxa_end_catch
                0x000076d8       0x88 c:/nxp/mcuxpressoide_10.2.1_795/ide/tools/bin/../lib/gcc/arm-none-eabi/7.2.1/../../../../arm-none-eabi/lib/thumb/v7-m\libstdc++.a(eh_catch.o)
                0x000076d8                __cxa_end_catch
 .text.__cxa_get_globals_fast
                0x00007760        0x8 c:/nxp/mcuxpressoide_10.2.1_795/ide/tools/bin/../lib/gcc/arm-none-eabi/7.2.1/../../../../arm-none-eabi/lib/thumb/v7-m\libstdc++.a(eh_globals.o)
                0x00007760                __cxa_get_globals_fast
 .text.__cxa_get_globals
                0x00007768        0x8 c:/nxp/mcuxpressoide_10.2.1_795/ide/tools/bin/../lib/gcc/arm-none-eabi/7.2.1/../../../../arm-none-eabi/lib/thumb/v7-m\libstdc++.a(eh_globals.o)
                0x00007768                __cxa_get_globals
 .text._ZdlPvj  0x00007770        0x4 c:/nxp/mcuxpressoide_10.2.1_795/ide/tools/bin/../lib/gcc/arm-none-eabi/7.2.1/../../../../arm-none-eabi/lib/thumb/v7-m\libstdc++.a(del_ops.o)
                0x00007770                operator delete(void*, unsigned int)
 .text._ZN10__cxxabiv120__si_class_type_infoD2Ev
                0x00007774       0x14 c:/nxp/mcuxpressoide_10.2.1_795/ide/tools/bin/../lib/gcc/arm-none-eabi/7.2.1/../../../../arm-none-eabi/lib/thumb/v7-m\libstdc++.a(si_class_type_info.o)
                0x00007774                __cxxabiv1::__si_class_type_info::~__si_class_type_info()
                0x00007774                __cxxabiv1::__si_class_type_info::~__si_class_type_info()
 .text._ZN10__cxxabiv120__si_class_type_infoD0Ev
                0x00007788       0x1c c:/nxp/mcuxpressoide_10.2.1_795/ide/tools/bin/../lib/gcc/arm-none-eabi/7.2.1/../../../../arm-none-eabi/lib/thumb/v7-m\libstdc++.a(si_class_type_info.o)
                0x00007788                __cxxabiv1::__si_class_type_info::~__si_class_type_info()
 .text._ZNK10__cxxabiv120__si_class_type_info20__do_find_public_srcEiPKvPKNS_17__class_type_infoES2_
                0x000077a4       0x3c c:/nxp/mcuxpressoide_10.2.1_795/ide/tools/bin/../lib/gcc/arm-none-eabi/7.2.1/../../../../arm-none-eabi/lib/thumb/v7-m\libstdc++.a(si_class_type_info.o)
                0x000077a4                __cxxabiv1::__si_class_type_info::__do_find_public_src(int, void const*, __cxxabiv1::__class_type_info const*, void const*) const
 .text._ZNK10__cxxabiv120__si_class_type_info12__do_dyncastEiNS_17__class_type_info10__sub_kindEPKS1_PKvS4_S6_RNS1_16__dyncast_resultE
                0x000077e0       0x84 c:/nxp/mcuxpressoide_10.2.1_795/ide/tools/bin/../lib/gcc/arm-none-eabi/7.2.1/../../../../arm-none-eabi/lib/thumb/v7-m\libstdc++.a(si_class_type_info.o)
                0x000077e0                __cxxabiv1::__si_class_type_info::__do_dyncast(int, __cxxabiv1::__class_type_info::__sub_kind, __cxxabiv1::__class_type_info const*, void const*, __cxxabiv1::__class_type_info const*, void const*, __cxxabiv1::__class_type_info::__dyncast_result&) const
 .text._ZNK10__cxxabiv120__si_class_type_info11__do_upcastEPKNS_17__class_type_infoEPKvRNS1_15__upcast_resultE
                0x00007864       0x2c c:/nxp/mcuxpressoide_10.2.1_795/ide/tools/bin/../lib/gcc/arm-none-eabi/7.2.1/../../../../arm-none-eabi/lib/thumb/v7-m\libstdc++.a(si_class_type_info.o)
                0x00007864                __cxxabiv1::__si_class_type_info::__do_upcast(__cxxabiv1::__class_type_info const*, void const*, __cxxabiv1::__class_type_info::__upcast_result&) const
 .text._ZNSt9type_infoD2Ev
                0x00007890        0x4 c:/nxp/mcuxpressoide_10.2.1_795/ide/tools/bin/../lib/gcc/arm-none-eabi/7.2.1/../../../../arm-none-eabi/lib/thumb/v7-m\libstdc++.a(tinfo.o)
                0x00007890                std::type_info::~type_info()
                0x00007890                std::type_info::~type_info()
 .text._ZNKSt9type_info14__is_pointer_pEv
                0x00007894        0x4 c:/nxp/mcuxpressoide_10.2.1_795/ide/tools/bin/../lib/gcc/arm-none-eabi/7.2.1/../../../../arm-none-eabi/lib/thumb/v7-m\libstdc++.a(tinfo.o)
                0x00007894                std::type_info::__is_pointer_p() const
                0x00007894                std::type_info::__is_function_p() const
 .text._ZNKSt9type_infoeqERKS_
                0x00007898       0x2c c:/nxp/mcuxpressoide_10.2.1_795/ide/tools/bin/../lib/gcc/arm-none-eabi/7.2.1/../../../../arm-none-eabi/lib/thumb/v7-m\libstdc++.a(tinfo.o)
                0x00007898                std::type_info::operator==(std::type_info const&) const
 .text._ZNK10__cxxabiv117__class_type_info11__do_upcastEPKS0_PPv
                0x000078c4       0x38 c:/nxp/mcuxpressoide_10.2.1_795/ide/tools/bin/../lib/gcc/arm-none-eabi/7.2.1/../../../../arm-none-eabi/lib/thumb/v7-m\libstdc++.a(class_type_info.o)
                0x000078c4                __cxxabiv1::__class_type_info::__do_upcast(__cxxabiv1::__class_type_info const*, void**) const
 .text._ZNK10__cxxabiv117__class_type_info20__do_find_public_srcEiPKvPKS0_S2_
                0x000078fc        0xc c:/nxp/mcuxpressoide_10.2.1_795/ide/tools/bin/../lib/gcc/arm-none-eabi/7.2.1/../../../../arm-none-eabi/lib/thumb/v7-m\libstdc++.a(class_type_info.o)
                0x000078fc                __cxxabiv1::__class_type_info::__do_find_public_src(int, void const*, __cxxabiv1::__class_type_info const*, void const*) const
 .text._ZN10__cxxabiv117__class_type_infoD2Ev
                0x00007908       0x14 c:/nxp/mcuxpressoide_10.2.1_795/ide/tools/bin/../lib/gcc/arm-none-eabi/7.2.1/../../../../arm-none-eabi/lib/thumb/v7-m\libstdc++.a(class_type_info.o)
                0x00007908                __cxxabiv1::__class_type_info::~__class_type_info()
                0x00007908                __cxxabiv1::__class_type_info::~__class_type_info()
 .text._ZN10__cxxabiv117__class_type_infoD0Ev
                0x0000791c       0x1c c:/nxp/mcuxpressoide_10.2.1_795/ide/tools/bin/../lib/gcc/arm-none-eabi/7.2.1/../../../../arm-none-eabi/lib/thumb/v7-m\libstdc++.a(class_type_info.o)
                0x0000791c                __cxxabiv1::__class_type_info::~__class_type_info()
 .text._ZNK10__cxxabiv117__class_type_info12__do_dyncastEiNS0_10__sub_kindEPKS0_PKvS3_S5_RNS0_16__dyncast_resultE
                0x00007938       0x44 c:/nxp/mcuxpressoide_10.2.1_795/ide/tools/bin/../lib/gcc/arm-none-eabi/7.2.1/../../../../arm-none-eabi/lib/thumb/v7-m\libstdc++.a(class_type_info.o)
                0x00007938                __cxxabiv1::__class_type_info::__do_dyncast(int, __cxxabiv1::__class_type_info::__sub_kind, __cxxabiv1::__class_type_info const*, void const*, __cxxabiv1::__class_type_info const*, void const*, __cxxabiv1::__class_type_info::__dyncast_result&) const
 .text._ZNK10__cxxabiv117__class_type_info11__do_upcastEPKS0_PKvRNS0_15__upcast_resultE
                0x0000797c       0x18 c:/nxp/mcuxpressoide_10.2.1_795/ide/tools/bin/../lib/gcc/arm-none-eabi/7.2.1/../../../../arm-none-eabi/lib/thumb/v7-m\libstdc++.a(class_type_info.o)
                0x0000797c                __cxxabiv1::__class_type_info::__do_upcast(__cxxabiv1::__class_type_info const*, void const*, __cxxabiv1::__class_type_info::__upcast_result&) const
 .text._ZNK10__cxxabiv117__class_type_info10__do_catchEPKSt9type_infoPPvj
                0x00007994       0x2c c:/nxp/mcuxpressoide_10.2.1_795/ide/tools/bin/../lib/gcc/arm-none-eabi/7.2.1/../../../../arm-none-eabi/lib/thumb/v7-m\libstdc++.a(class_type_info.o)
                0x00007994                __cxxabiv1::__class_type_info::__do_catch(std::type_info const*, void**, unsigned int) const
 .text._sbrk    0x000079c0       0x3c c:/nxp/mcuxpressoide_10.2.1_795/ide/tools/bin/../lib/gcc/arm-none-eabi/7.2.1/../../../../arm-none-eabi/lib/thumb/v7-m\libcr_newlib_nohost.a(_cr_sbrk.o)
                0x000079c0                _sbrk
 .text.abort    0x000079fc        0x2 c:/nxp/mcuxpressoide_10.2.1_795/ide/tools/bin/../lib/gcc/arm-none-eabi/7.2.1/../../../../arm-none-eabi/lib/thumb/v7-m\libcr_newlib_nohost.a(cr_abort.o)
                0x000079fc                abort
 *fill*         0x000079fe        0x2 ff
 .text.__check_heap_overflow
                0x00007a00       0x18 c:/nxp/mcuxpressoide_10.2.1_795/ide/tools/bin/../lib/gcc/arm-none-eabi/7.2.1/../../../../arm-none-eabi/lib/thumb/v7-m\libcr_newlib_nohost.a(_cr_check_heap.o)
                0x00007a00                __check_heap_overflow
 .text          0x00007a18       0x40 c:/nxp/mcuxpressoide_10.2.1_795/ide/tools/bin/../lib/gcc/arm-none-eabi/7.2.1/thumb/v7-m\crtbegin.o
 .text          0x00007a58      0x378 c:/nxp/mcuxpressoide_10.2.1_795/ide/tools/bin/../lib/gcc/arm-none-eabi/7.2.1/thumb/v7-m\libgcc.a(_arm_addsubdf3.o)
                0x00007a58                __aeabi_drsub
                0x00007a60                __aeabi_dsub
                0x00007a60                __subdf3
                0x00007a64                __aeabi_dadd
                0x00007a64                __adddf3
                0x00007cdc                __floatunsidf
                0x00007cdc                __aeabi_ui2d
                0x00007cfc                __floatsidf
                0x00007cfc                __aeabi_i2d
                0x00007d20                __aeabi_f2d
                0x00007d20                __extendsfdf2
                0x00007d64                __floatundidf
                0x00007d64                __aeabi_ul2d
                0x00007d74                __floatdidf
                0x00007d74                __aeabi_l2d
 .text          0x00007dd0      0x424 c:/nxp/mcuxpressoide_10.2.1_795/ide/tools/bin/../lib/gcc/arm-none-eabi/7.2.1/thumb/v7-m\libgcc.a(_arm_muldivdf3.o)
                0x00007dd0                __aeabi_dmul
                0x00007dd0                __muldf3
                0x00008024                __divdf3
                0x00008024                __aeabi_ddiv
 .text          0x000081f4      0x110 c:/nxp/mcuxpressoide_10.2.1_795/ide/tools/bin/../lib/gcc/arm-none-eabi/7.2.1/thumb/v7-m\libgcc.a(_arm_cmpdf2.o)
                0x000081f4                __gtdf2
                0x000081f4                __gedf2
                0x000081fc                __ltdf2
                0x000081fc                __ledf2
                0x00008204                __nedf2
                0x00008204                __eqdf2
                0x00008204                __cmpdf2
                0x00008280                __aeabi_cdrcmple
                0x00008290                __aeabi_cdcmpeq
                0x00008290                __aeabi_cdcmple
                0x000082a0                __aeabi_dcmpeq
                0x000082b4                __aeabi_dcmplt
                0x000082c8                __aeabi_dcmple
                0x000082dc                __aeabi_dcmpge
                0x000082f0                __aeabi_dcmpgt
 .text          0x00008304       0x2c c:/nxp/mcuxpressoide_10.2.1_795/ide/tools/bin/../lib/gcc/arm-none-eabi/7.2.1/thumb/v7-m\libgcc.a(_arm_unorddf2.o)
                0x00008304                __unorddf2
                0x00008304                __aeabi_dcmpun
 .text          0x00008330       0x50 c:/nxp/mcuxpressoide_10.2.1_795/ide/tools/bin/../lib/gcc/arm-none-eabi/7.2.1/thumb/v7-m\libgcc.a(_arm_fixdfsi.o)
                0x00008330                __aeabi_d2iz
                0x00008330                __fixdfsi
 .text          0x00008380      0xa00 c:/nxp/mcuxpressoide_10.2.1_795/ide/tools/bin/../lib/gcc/arm-none-eabi/7.2.1/thumb/v7-m\libgcc.a(unwind-arm.o)
                0x0000863c                _Unwind_GetCFA
                0x00008640                __gnu_Unwind_RaiseException
                0x000086a0                __gnu_Unwind_ForcedUnwind
                0x000086b4                __gnu_Unwind_Resume
                0x000086f8                __gnu_Unwind_Resume_or_Rethrow
                0x0000870c                _Unwind_Complete
                0x00008710                _Unwind_DeleteException
                0x0000871c                _Unwind_VRS_Get
                0x00008760                _Unwind_VRS_Set
                0x000087a8                __gnu_Unwind_Backtrace
                0x00008af0                __aeabi_unwind_cpp_pr0
                0x00008af4                __aeabi_unwind_cpp_pr1
                0x00008af8                __aeabi_unwind_cpp_pr2
                0x00008afc                _Unwind_VRS_Pop
 .text          0x00008d80      0x1ac c:/nxp/mcuxpressoide_10.2.1_795/ide/tools/bin/../lib/gcc/arm-none-eabi/7.2.1/thumb/v7-m\libgcc.a(libunwind.o)
                0x00008d80                __restore_core_regs
                0x00008d80                restore_core_regs
                0x00008d98                __gnu_Unwind_Restore_VFP
                0x00008da0                __gnu_Unwind_Save_VFP
                0x00008da8                __gnu_Unwind_Restore_VFP_D
                0x00008db0                __gnu_Unwind_Save_VFP_D
                0x00008db8                __gnu_Unwind_Restore_VFP_D_16_to_31
                0x00008dc0                __gnu_Unwind_Save_VFP_D_16_to_31
                0x00008dc8                __gnu_Unwind_Restore_WMMXD
                0x00008e0c                __gnu_Unwind_Save_WMMXD
                0x00008e50                __gnu_Unwind_Restore_WMMXC
                0x00008e64                __gnu_Unwind_Save_WMMXC
                0x00008e78                ___Unwind_RaiseException
                0x00008e78                _Unwind_RaiseException
                0x00008e9c                _Unwind_Resume
                0x00008e9c                ___Unwind_Resume
                0x00008ec0                _Unwind_Resume_or_Rethrow
                0x00008ec0                ___Unwind_Resume_or_Rethrow
                0x00008ee4                _Unwind_ForcedUnwind
                0x00008ee4                ___Unwind_ForcedUnwind
                0x00008f08                ___Unwind_Backtrace
                0x00008f08                _Unwind_Backtrace
 .text          0x00008f2c      0x378 c:/nxp/mcuxpressoide_10.2.1_795/ide/tools/bin/../lib/gcc/arm-none-eabi/7.2.1/thumb/v7-m\libgcc.a(pr-support.o)
                0x00008f84                __gnu_unwind_execute
                0x00009248                __gnu_unwind_frame
                0x00009274                _Unwind_GetRegionStart
                0x00009280                _Unwind_GetLanguageSpecificData
                0x00009294                _Unwind_GetDataRelBase
                0x0000929c                _Unwind_GetTextRelBase
 .text.__errno  0x000092a4        0xc c:/nxp/mcuxpressoide_10.2.1_795/ide/tools/bin/../lib/gcc/arm-none-eabi/7.2.1/../../../../arm-none-eabi/lib/thumb/v7-m\libc.a(lib_a-errno.o)
                0x000092a4                __errno
 *(.rodata .rodata.* .constdata .constdata.*)
 .rodata._ZTV12DigitalIoPin
                0x000092b0       0x14 ./src/DigitalIoPin.o
                0x000092b0                vtable for DigitalIoPin
 .rodata        0x000092c4       0x14 ./src/Lab07_02_drive_stepper.o
 .rodata        0x000092d8       0x40 D:\Desktop\Projects\Metro\Embedded System project - ARM\FreeRTOS\Debug\libfreertos.a(tasks.o)
                0x00009308                FreeRTOSDebugConfig
 .rodata.OscRateIn
                0x00009318        0x4 D:\Desktop\Projects\Metro\Embedded System project - ARM\lpc_board_nxp_lpcxpresso_1549\Debug\liblpc_board_nxp_lpcxpresso_1549.a(board.o)
                0x00009318                OscRateIn
 .rodata.RTCOscRateIn
                0x0000931c        0x4 D:\Desktop\Projects\Metro\Embedded System project - ARM\lpc_board_nxp_lpcxpresso_1549\Debug\liblpc_board_nxp_lpcxpresso_1549.a(board.o)
                0x0000931c                RTCOscRateIn
 .rodata.ledpins
                0x00009320        0x3 D:\Desktop\Projects\Metro\Embedded System project - ARM\lpc_board_nxp_lpcxpresso_1549\Debug\liblpc_board_nxp_lpcxpresso_1549.a(board.o)
 *fill*         0x00009323        0x1 ff
 .rodata.ledports
                0x00009324        0x3 D:\Desktop\Projects\Metro\Embedded System project - ARM\lpc_board_nxp_lpcxpresso_1549\Debug\liblpc_board_nxp_lpcxpresso_1549.a(board.o)
 *fill*         0x00009327        0x1 ff
 .rodata.ioconSetup
                0x00009328       0x74 D:\Desktop\Projects\Metro\Embedded System project - ARM\lpc_board_nxp_lpcxpresso_1549\Debug\liblpc_board_nxp_lpcxpresso_1549.a(board_sysinit.o)
 .rodata.swmSetup
                0x0000939c        0x6 D:\Desktop\Projects\Metro\Embedded System project - ARM\lpc_board_nxp_lpcxpresso_1549\Debug\liblpc_board_nxp_lpcxpresso_1549.a(board_sysinit.o)
 *fill*         0x000093a2        0x2 ff
 .rodata._svfprintf_r.str1.4
                0x000093a4       0x42 c:/nxp/mcuxpressoide_10.2.1_795/ide/tools/bin/../lib/gcc/arm-none-eabi/7.2.1/../../../../arm-none-eabi/lib/thumb/v7-m\libc.a(lib_a-svfprintf.o)
 *fill*         0x000093e6        0x2 ff
 .rodata.blanks.7276
                0x000093e8       0x10 c:/nxp/mcuxpressoide_10.2.1_795/ide/tools/bin/../lib/gcc/arm-none-eabi/7.2.1/../../../../arm-none-eabi/lib/thumb/v7-m\libc.a(lib_a-svfprintf.o)
 .rodata.zeroes.7277
                0x000093f8       0x10 c:/nxp/mcuxpressoide_10.2.1_795/ide/tools/bin/../lib/gcc/arm-none-eabi/7.2.1/../../../../arm-none-eabi/lib/thumb/v7-m\libc.a(lib_a-svfprintf.o)
 .rodata._dtoa_r.str1.4
                0x00009408       0x10 c:/nxp/mcuxpressoide_10.2.1_795/ide/tools/bin/../lib/gcc/arm-none-eabi/7.2.1/../../../../arm-none-eabi/lib/thumb/v7-m\libc.a(lib_a-dtoa.o)
                                 0x12 (size before relaxing)
 .rodata.__mprec_bigtens
                0x00009418       0x28 c:/nxp/mcuxpressoide_10.2.1_795/ide/tools/bin/../lib/gcc/arm-none-eabi/7.2.1/../../../../arm-none-eabi/lib/thumb/v7-m\libc.a(lib_a-mprec.o)
                0x00009418                __mprec_bigtens
 .rodata.__mprec_tens
                0x00009440       0xc8 c:/nxp/mcuxpressoide_10.2.1_795/ide/tools/bin/../lib/gcc/arm-none-eabi/7.2.1/../../../../arm-none-eabi/lib/thumb/v7-m\libc.a(lib_a-mprec.o)
                0x00009440                __mprec_tens
 .rodata.p05.6092
                0x00009508        0xc c:/nxp/mcuxpressoide_10.2.1_795/ide/tools/bin/../lib/gcc/arm-none-eabi/7.2.1/../../../../arm-none-eabi/lib/thumb/v7-m\libc.a(lib_a-mprec.o)
 .rodata._setlocale_r.str1.4
                0x00009514        0xa c:/nxp/mcuxpressoide_10.2.1_795/ide/tools/bin/../lib/gcc/arm-none-eabi/7.2.1/../../../../arm-none-eabi/lib/thumb/v7-m\libc.a(lib_a-locale.o)
                                  0xd (size before relaxing)
 *fill*         0x0000951e        0x2 ff
 .rodata.str1.4
                0x00009520        0x2 c:/nxp/mcuxpressoide_10.2.1_795/ide/tools/bin/../lib/gcc/arm-none-eabi/7.2.1/../../../../arm-none-eabi/lib/thumb/v7-m\libc.a(lib_a-locale.o)
 *fill*         0x00009522        0x2 ff
 .rodata._ctype_
                0x00009524      0x101 c:/nxp/mcuxpressoide_10.2.1_795/ide/tools/bin/../lib/gcc/arm-none-eabi/7.2.1/../../../../arm-none-eabi/lib/thumb/v7-m\libc.a(lib_a-ctype_.o)
                0x00009524                _ctype_
 *fill*         0x00009625        0x3 ff
 .rodata._ZTIN9__gnu_cxx20recursive_init_errorE
                0x00009628        0xc c:/nxp/mcuxpressoide_10.2.1_795/ide/tools/bin/../lib/gcc/arm-none-eabi/7.2.1/../../../../arm-none-eabi/lib/thumb/v7-m\libstdc++.a(guard_error.o)
                0x00009628                typeinfo for __gnu_cxx::recursive_init_error
 .rodata._ZTSN9__gnu_cxx20recursive_init_errorE
                0x00009634       0x23 c:/nxp/mcuxpressoide_10.2.1_795/ide/tools/bin/../lib/gcc/arm-none-eabi/7.2.1/../../../../arm-none-eabi/lib/thumb/v7-m\libstdc++.a(guard_error.o)
                0x00009634                typeinfo name for __gnu_cxx::recursive_init_error
 *fill*         0x00009657        0x1 ff
 .rodata._ZTVN9__gnu_cxx20recursive_init_errorE
                0x00009658       0x14 c:/nxp/mcuxpressoide_10.2.1_795/ide/tools/bin/../lib/gcc/arm-none-eabi/7.2.1/../../../../arm-none-eabi/lib/thumb/v7-m\libstdc++.a(guard_error.o)
                0x00009658                vtable for __gnu_cxx::recursive_init_error
 .rodata._ZNKSt13bad_exception4whatEv.str1.4
                0x0000966c       0x13 c:/nxp/mcuxpressoide_10.2.1_795/ide/tools/bin/../lib/gcc/arm-none-eabi/7.2.1/../../../../arm-none-eabi/lib/thumb/v7-m\libstdc++.a(eh_exception.o)
 *fill*         0x0000967f        0x1 ff
 .rodata._ZNKSt9exception4whatEv.str1.4
                0x00009680       0x10 c:/nxp/mcuxpressoide_10.2.1_795/ide/tools/bin/../lib/gcc/arm-none-eabi/7.2.1/../../../../arm-none-eabi/lib/thumb/v7-m\libstdc++.a(eh_exception.o)
                                  0xf (size before relaxing)
 .rodata._ZTIN10__cxxabiv115__forced_unwindE
                0x00009690        0x8 c:/nxp/mcuxpressoide_10.2.1_795/ide/tools/bin/../lib/gcc/arm-none-eabi/7.2.1/../../../../arm-none-eabi/lib/thumb/v7-m\libstdc++.a(eh_exception.o)
                0x00009690                typeinfo for __cxxabiv1::__forced_unwind
 .rodata._ZTIN10__cxxabiv119__foreign_exceptionE
                0x00009698        0x8 c:/nxp/mcuxpressoide_10.2.1_795/ide/tools/bin/../lib/gcc/arm-none-eabi/7.2.1/../../../../arm-none-eabi/lib/thumb/v7-m\libstdc++.a(eh_exception.o)
                0x00009698                typeinfo for __cxxabiv1::__foreign_exception
 .rodata._ZTISt13bad_exception
                0x000096a0        0xc c:/nxp/mcuxpressoide_10.2.1_795/ide/tools/bin/../lib/gcc/arm-none-eabi/7.2.1/../../../../arm-none-eabi/lib/thumb/v7-m\libstdc++.a(eh_exception.o)
                0x000096a0                typeinfo for std::bad_exception
 .rodata._ZTISt9exception
                0x000096ac        0x8 c:/nxp/mcuxpressoide_10.2.1_795/ide/tools/bin/../lib/gcc/arm-none-eabi/7.2.1/../../../../arm-none-eabi/lib/thumb/v7-m\libstdc++.a(eh_exception.o)
                0x000096ac                typeinfo for std::exception
 .rodata._ZTSN10__cxxabiv115__forced_unwindE
                0x000096b4       0x20 c:/nxp/mcuxpressoide_10.2.1_795/ide/tools/bin/../lib/gcc/arm-none-eabi/7.2.1/../../../../arm-none-eabi/lib/thumb/v7-m\libstdc++.a(eh_exception.o)
                0x000096b4                typeinfo name for __cxxabiv1::__forced_unwind
 .rodata._ZTSN10__cxxabiv119__foreign_exceptionE
                0x000096d4       0x24 c:/nxp/mcuxpressoide_10.2.1_795/ide/tools/bin/../lib/gcc/arm-none-eabi/7.2.1/../../../../arm-none-eabi/lib/thumb/v7-m\libstdc++.a(eh_exception.o)
                0x000096d4                typeinfo name for __cxxabiv1::__foreign_exception
 .rodata._ZTSSt13bad_exception
                0x000096f8       0x12 c:/nxp/mcuxpressoide_10.2.1_795/ide/tools/bin/../lib/gcc/arm-none-eabi/7.2.1/../../../../arm-none-eabi/lib/thumb/v7-m\libstdc++.a(eh_exception.o)
                0x000096f8                typeinfo name for std::bad_exception
 *fill*         0x0000970a        0x2 ff
 .rodata._ZTSSt9exception
                0x0000970c        0xd c:/nxp/mcuxpressoide_10.2.1_795/ide/tools/bin/../lib/gcc/arm-none-eabi/7.2.1/../../../../arm-none-eabi/lib/thumb/v7-m\libstdc++.a(eh_exception.o)
                0x0000970c                typeinfo name for std::exception
 *fill*         0x00009719        0x3 ff
 .rodata._ZTVSt13bad_exception
                0x0000971c       0x14 c:/nxp/mcuxpressoide_10.2.1_795/ide/tools/bin/../lib/gcc/arm-none-eabi/7.2.1/../../../../arm-none-eabi/lib/thumb/v7-m\libstdc++.a(eh_exception.o)
                0x0000971c                vtable for std::bad_exception
 .rodata._ZTIN10__cxxabiv120__si_class_type_infoE
                0x00009730        0xc c:/nxp/mcuxpressoide_10.2.1_795/ide/tools/bin/../lib/gcc/arm-none-eabi/7.2.1/../../../../arm-none-eabi/lib/thumb/v7-m\libstdc++.a(si_class_type_info.o)
                0x00009730                typeinfo for __cxxabiv1::__si_class_type_info
 .rodata._ZTSN10__cxxabiv120__si_class_type_infoE
                0x0000973c       0x25 c:/nxp/mcuxpressoide_10.2.1_795/ide/tools/bin/../lib/gcc/arm-none-eabi/7.2.1/../../../../arm-none-eabi/lib/thumb/v7-m\libstdc++.a(si_class_type_info.o)
                0x0000973c                typeinfo name for __cxxabiv1::__si_class_type_info
 *fill*         0x00009761        0x3 ff
 .rodata._ZTVN10__cxxabiv120__si_class_type_infoE
                0x00009764       0x2c c:/nxp/mcuxpressoide_10.2.1_795/ide/tools/bin/../lib/gcc/arm-none-eabi/7.2.1/../../../../arm-none-eabi/lib/thumb/v7-m\libstdc++.a(si_class_type_info.o)
                0x00009764                vtable for __cxxabiv1::__si_class_type_info
 .rodata._ZTISt9type_info
                0x00009790        0x8 c:/nxp/mcuxpressoide_10.2.1_795/ide/tools/bin/../lib/gcc/arm-none-eabi/7.2.1/../../../../arm-none-eabi/lib/thumb/v7-m\libstdc++.a(tinfo.o)
                0x00009790                typeinfo for std::type_info
 .rodata._ZTSSt9type_info
                0x00009798        0xd c:/nxp/mcuxpressoide_10.2.1_795/ide/tools/bin/../lib/gcc/arm-none-eabi/7.2.1/../../../../arm-none-eabi/lib/thumb/v7-m\libstdc++.a(tinfo.o)
                0x00009798                typeinfo name for std::type_info
 *fill*         0x000097a5        0x3 ff
 .rodata._ZTIN10__cxxabiv117__class_type_infoE
                0x000097a8        0xc c:/nxp/mcuxpressoide_10.2.1_795/ide/tools/bin/../lib/gcc/arm-none-eabi/7.2.1/../../../../arm-none-eabi/lib/thumb/v7-m\libstdc++.a(class_type_info.o)
                0x000097a8                typeinfo for __cxxabiv1::__class_type_info
 .rodata._ZTSN10__cxxabiv117__class_type_infoE
                0x000097b4       0x22 c:/nxp/mcuxpressoide_10.2.1_795/ide/tools/bin/../lib/gcc/arm-none-eabi/7.2.1/../../../../arm-none-eabi/lib/thumb/v7-m\libstdc++.a(class_type_info.o)
                0x000097b4                typeinfo name for __cxxabiv1::__class_type_info
 *fill*         0x000097d6        0x2 ff
 .rodata._ZTVN10__cxxabiv117__class_type_infoE
                0x000097d8       0x2c c:/nxp/mcuxpressoide_10.2.1_795/ide/tools/bin/../lib/gcc/arm-none-eabi/7.2.1/../../../../arm-none-eabi/lib/thumb/v7-m\libstdc++.a(class_type_info.o)
                0x000097d8                vtable for __cxxabiv1::__class_type_info
                0x00009804                . = ALIGN (0x4)
                0x00009804                . = ALIGN (0x4)
 *(.init)
 .init          0x00009804        0x4 c:/nxp/mcuxpressoide_10.2.1_795/ide/tools/bin/../lib/gcc/arm-none-eabi/7.2.1/thumb/v7-m\crti.o
                0x00009804                _init
 .init          0x00009808        0x8 c:/nxp/mcuxpressoide_10.2.1_795/ide/tools/bin/../lib/gcc/arm-none-eabi/7.2.1/thumb/v7-m\crtn.o
                0x00009810                . = ALIGN (0x4)
                0x00009810                __preinit_array_start = .
 *(.preinit_array)
                0x00009810                __preinit_array_end = .
                0x00009810                . = ALIGN (0x4)
                0x00009810                __init_array_start = .
 *(SORT_BY_NAME(.init_array.*))
 *(.init_array)
 .init_array    0x00009810        0x4 ./src/Lab07_02_drive_stepper.o
 .init_array    0x00009814        0x4 c:/nxp/mcuxpressoide_10.2.1_795/ide/tools/bin/../lib/gcc/arm-none-eabi/7.2.1/../../../../arm-none-eabi/lib/thumb/v7-m\libstdc++.a(eh_alloc.o)
 .init_array    0x00009818        0x4 c:/nxp/mcuxpressoide_10.2.1_795/ide/tools/bin/../lib/gcc/arm-none-eabi/7.2.1/thumb/v7-m\crtbegin.o
                0x0000981c                __init_array_end = .
 *(.fini)
 .fini          0x0000981c        0x4 c:/nxp/mcuxpressoide_10.2.1_795/ide/tools/bin/../lib/gcc/arm-none-eabi/7.2.1/thumb/v7-m\crti.o
                0x0000981c                _fini
 .fini          0x00009820        0x8 c:/nxp/mcuxpressoide_10.2.1_795/ide/tools/bin/../lib/gcc/arm-none-eabi/7.2.1/thumb/v7-m\crtn.o
                0x00009828                . = ALIGN (0x4)
 *crtbegin.o(.ctors)
 *(EXCLUDE_FILE(*crtend.o) .ctors)
 *(SORT_BY_NAME(.ctors.*))
 *crtend.o(.ctors)
                0x00009828                . = ALIGN (0x4)
 *crtbegin.o(.dtors)
 *(EXCLUDE_FILE(*crtend.o) .dtors)
 *(SORT_BY_NAME(.dtors.*))
 *crtend.o(.dtors)
                0x00009828                . = ALIGN (0x4)

.glue_7         0x00009828        0x0
 .glue_7        0x00009828        0x0 linker stubs

.glue_7t        0x00009828        0x0
 .glue_7t       0x00009828        0x0 linker stubs

.vfp11_veneer   0x00009828        0x0
 .vfp11_veneer  0x00009828        0x0 linker stubs

.v4_bx          0x00009828        0x0
 .v4_bx         0x00009828        0x0 linker stubs

.iplt           0x00009828        0x0
 .iplt          0x00009828        0x0 ./src/DigitalIoPin.o

.ARM.extab      0x00009828       0xcc
 *(.ARM.extab* .gnu.linkonce.armextab.*)
 .ARM.extab.text.__cxa_guard_acquire
                0x00009828        0xc c:/nxp/mcuxpressoide_10.2.1_795/ide/tools/bin/../lib/gcc/arm-none-eabi/7.2.1/../../../../arm-none-eabi/lib/thumb/v7-m\libstdc++.a(guard.o)
 .ARM.extab.text._ZN10__cxxabiv111__terminateEPFvvE
                0x00009834       0x2c c:/nxp/mcuxpressoide_10.2.1_795/ide/tools/bin/../lib/gcc/arm-none-eabi/7.2.1/../../../../arm-none-eabi/lib/thumb/v7-m\libstdc++.a(eh_terminate.o)
 .ARM.extab.text._ZN10__cxxabiv112__unexpectedEPFvvE
                0x00009860        0xc c:/nxp/mcuxpressoide_10.2.1_795/ide/tools/bin/../lib/gcc/arm-none-eabi/7.2.1/../../../../arm-none-eabi/lib/thumb/v7-m\libstdc++.a(eh_terminate.o)
 .ARM.extab.text._ZSt10unexpectedv
                0x0000986c        0xc c:/nxp/mcuxpressoide_10.2.1_795/ide/tools/bin/../lib/gcc/arm-none-eabi/7.2.1/../../../../arm-none-eabi/lib/thumb/v7-m\libstdc++.a(eh_terminate.o)
 .ARM.extab.text._ZL21base_of_encoded_valuehP15_Unwind_Context.part.3
                0x00009878        0xc c:/nxp/mcuxpressoide_10.2.1_795/ide/tools/bin/../lib/gcc/arm-none-eabi/7.2.1/../../../../arm-none-eabi/lib/thumb/v7-m\libstdc++.a(eh_personality.o)
 .ARM.extab.text.__gxx_personality_v0
                0x00009884       0x24 c:/nxp/mcuxpressoide_10.2.1_795/ide/tools/bin/../lib/gcc/arm-none-eabi/7.2.1/../../../../arm-none-eabi/lib/thumb/v7-m\libstdc++.a(eh_personality.o)
 .ARM.extab.text.__cxa_call_unexpected
                0x000098a8       0x28 c:/nxp/mcuxpressoide_10.2.1_795/ide/tools/bin/../lib/gcc/arm-none-eabi/7.2.1/../../../../arm-none-eabi/lib/thumb/v7-m\libstdc++.a(eh_call.o)
 .ARM.extab.text.__cxa_begin_catch
                0x000098d0        0xc c:/nxp/mcuxpressoide_10.2.1_795/ide/tools/bin/../lib/gcc/arm-none-eabi/7.2.1/../../../../arm-none-eabi/lib/thumb/v7-m\libstdc++.a(eh_catch.o)
 .ARM.extab     0x000098dc       0x18 c:/nxp/mcuxpressoide_10.2.1_795/ide/tools/bin/../lib/gcc/arm-none-eabi/7.2.1/thumb/v7-m\libgcc.a(pr-support.o)
                0x000098f4                __exidx_start = .

.eh_frame       0x000098f4        0x0
 .eh_frame      0x000098f4        0x0 c:/nxp/mcuxpressoide_10.2.1_795/ide/tools/bin/../lib/gcc/arm-none-eabi/7.2.1/thumb/v7-m\crtbegin.o

.ARM.exidx      0x000098f4      0x188
 *(.ARM.exidx* .gnu.linkonce.armexidx.*)
 .ARM.exidx     0x000098f4        0x8 c:/nxp/mcuxpressoide_10.2.1_795/ide/tools/bin/../lib/gcc/arm-none-eabi/7.2.1/thumb/v7-m\libgcc.a(_udivmoddi4.o)
 .ARM.exidx.text.__cxa_guard_acquire
                0x000098fc        0x8 c:/nxp/mcuxpressoide_10.2.1_795/ide/tools/bin/../lib/gcc/arm-none-eabi/7.2.1/../../../../arm-none-eabi/lib/thumb/v7-m\libstdc++.a(guard.o)
 .ARM.exidx.text.__cxa_guard_release
                0x00009904        0x8 c:/nxp/mcuxpressoide_10.2.1_795/ide/tools/bin/../lib/gcc/arm-none-eabi/7.2.1/../../../../arm-none-eabi/lib/thumb/v7-m\libstdc++.a(guard.o)
 .ARM.exidx.text._ZN12_GLOBAL__N_14pool4freeEPv.constprop.4
                0x0000990c        0x0 c:/nxp/mcuxpressoide_10.2.1_795/ide/tools/bin/../lib/gcc/arm-none-eabi/7.2.1/../../../../arm-none-eabi/lib/thumb/v7-m\libstdc++.a(eh_alloc.o)
                                  0x8 (size before relaxing)
 .ARM.exidx.text._ZN12_GLOBAL__N_14pool8allocateEj.constprop.5
                0x0000990c        0x0 c:/nxp/mcuxpressoide_10.2.1_795/ide/tools/bin/../lib/gcc/arm-none-eabi/7.2.1/../../../../arm-none-eabi/lib/thumb/v7-m\libstdc++.a(eh_alloc.o)
                                  0x8 (size before relaxing)
 .ARM.exidx.text.__cxa_allocate_exception
                0x0000990c        0x0 c:/nxp/mcuxpressoide_10.2.1_795/ide/tools/bin/../lib/gcc/arm-none-eabi/7.2.1/../../../../arm-none-eabi/lib/thumb/v7-m\libstdc++.a(eh_alloc.o)
                                  0x8 (size before relaxing)
 .ARM.exidx.text.__cxa_free_exception
                0x0000990c        0x0 c:/nxp/mcuxpressoide_10.2.1_795/ide/tools/bin/../lib/gcc/arm-none-eabi/7.2.1/../../../../arm-none-eabi/lib/thumb/v7-m\libstdc++.a(eh_alloc.o)
                                  0x8 (size before relaxing)
 .ARM.exidx.text.startup._GLOBAL__sub_I__ZN9__gnu_cxx9__freeresEv
                0x0000990c        0x0 c:/nxp/mcuxpressoide_10.2.1_795/ide/tools/bin/../lib/gcc/arm-none-eabi/7.2.1/../../../../arm-none-eabi/lib/thumb/v7-m\libstdc++.a(eh_alloc.o)
                                  0x8 (size before relaxing)
 .ARM.exidx.text._ZN10__cxxabiv111__terminateEPFvvE
                0x0000990c        0x8 c:/nxp/mcuxpressoide_10.2.1_795/ide/tools/bin/../lib/gcc/arm-none-eabi/7.2.1/../../../../arm-none-eabi/lib/thumb/v7-m\libstdc++.a(eh_terminate.o)
 .ARM.exidx.text._ZSt9terminatev
                0x00009914        0x8 c:/nxp/mcuxpressoide_10.2.1_795/ide/tools/bin/../lib/gcc/arm-none-eabi/7.2.1/../../../../arm-none-eabi/lib/thumb/v7-m\libstdc++.a(eh_terminate.o)
 .ARM.exidx.text._ZN10__cxxabiv112__unexpectedEPFvvE
                0x0000991c        0x8 c:/nxp/mcuxpressoide_10.2.1_795/ide/tools/bin/../lib/gcc/arm-none-eabi/7.2.1/../../../../arm-none-eabi/lib/thumb/v7-m\libstdc++.a(eh_terminate.o)
 .ARM.exidx.text._ZSt10unexpectedv
                0x00009924        0x8 c:/nxp/mcuxpressoide_10.2.1_795/ide/tools/bin/../lib/gcc/arm-none-eabi/7.2.1/../../../../arm-none-eabi/lib/thumb/v7-m\libstdc++.a(eh_terminate.o)
 .ARM.exidx.text._ZSt13get_terminatev
                0x0000992c        0x8 c:/nxp/mcuxpressoide_10.2.1_795/ide/tools/bin/../lib/gcc/arm-none-eabi/7.2.1/../../../../arm-none-eabi/lib/thumb/v7-m\libstdc++.a(eh_terminate.o)
 .ARM.exidx.text._ZSt14get_unexpectedv
                0x00009934        0x0 c:/nxp/mcuxpressoide_10.2.1_795/ide/tools/bin/../lib/gcc/arm-none-eabi/7.2.1/../../../../arm-none-eabi/lib/thumb/v7-m\libstdc++.a(eh_terminate.o)
                                  0x8 (size before relaxing)
 .ARM.exidx.text.__cxa_type_match
                0x00009934        0x8 c:/nxp/mcuxpressoide_10.2.1_795/ide/tools/bin/../lib/gcc/arm-none-eabi/7.2.1/../../../../arm-none-eabi/lib/thumb/v7-m\libstdc++.a(eh_arm.o)
 .ARM.exidx.text.__cxa_begin_cleanup
                0x0000993c        0x8 c:/nxp/mcuxpressoide_10.2.1_795/ide/tools/bin/../lib/gcc/arm-none-eabi/7.2.1/../../../../arm-none-eabi/lib/thumb/v7-m\libstdc++.a(eh_arm.o)
 .ARM.exidx.text.__gnu_end_cleanup
                0x00009944        0x0 c:/nxp/mcuxpressoide_10.2.1_795/ide/tools/bin/../lib/gcc/arm-none-eabi/7.2.1/../../../../arm-none-eabi/lib/thumb/v7-m\libstdc++.a(eh_arm.o)
                                  0x8 (size before relaxing)
 .ARM.exidx.text._ZL23__gxx_exception_cleanup19_Unwind_Reason_CodeP21_Unwind_Control_Block
                0x00009944        0x8 c:/nxp/mcuxpressoide_10.2.1_795/ide/tools/bin/../lib/gcc/arm-none-eabi/7.2.1/../../../../arm-none-eabi/lib/thumb/v7-m\libstdc++.a(eh_throw.o)
 .ARM.exidx.text.__cxa_init_primary_exception
                0x0000994c        0x8 c:/nxp/mcuxpressoide_10.2.1_795/ide/tools/bin/../lib/gcc/arm-none-eabi/7.2.1/../../../../arm-none-eabi/lib/thumb/v7-m\libstdc++.a(eh_throw.o)
 .ARM.exidx.text.__cxa_throw
                0x00009954        0x8 c:/nxp/mcuxpressoide_10.2.1_795/ide/tools/bin/../lib/gcc/arm-none-eabi/7.2.1/../../../../arm-none-eabi/lib/thumb/v7-m\libstdc++.a(eh_throw.o)
 .ARM.exidx.text.__cxa_rethrow
                0x0000995c        0x8 c:/nxp/mcuxpressoide_10.2.1_795/ide/tools/bin/../lib/gcc/arm-none-eabi/7.2.1/../../../../arm-none-eabi/lib/thumb/v7-m\libstdc++.a(eh_throw.o)
 .ARM.exidx.text._ZN9__gnu_cxx20recursive_init_errorD2Ev
                0x00009964        0x8 c:/nxp/mcuxpressoide_10.2.1_795/ide/tools/bin/../lib/gcc/arm-none-eabi/7.2.1/../../../../arm-none-eabi/lib/thumb/v7-m\libstdc++.a(guard_error.o)
 .ARM.exidx.text._ZN9__gnu_cxx20recursive_init_errorD0Ev
                0x0000996c        0x0 c:/nxp/mcuxpressoide_10.2.1_795/ide/tools/bin/../lib/gcc/arm-none-eabi/7.2.1/../../../../arm-none-eabi/lib/thumb/v7-m\libstdc++.a(guard_error.o)
                                  0x8 (size before relaxing)
 .ARM.exidx.text._ZNSt9exceptionD2Ev
                0x0000996c        0x0 c:/nxp/mcuxpressoide_10.2.1_795/ide/tools/bin/../lib/gcc/arm-none-eabi/7.2.1/../../../../arm-none-eabi/lib/thumb/v7-m\libstdc++.a(eh_exception.o)
                                  0x8 (size before relaxing)
 .ARM.exidx.text._ZNSt13bad_exceptionD2Ev
                0x0000996c        0x0 c:/nxp/mcuxpressoide_10.2.1_795/ide/tools/bin/../lib/gcc/arm-none-eabi/7.2.1/../../../../arm-none-eabi/lib/thumb/v7-m\libstdc++.a(eh_exception.o)
                                  0x8 (size before relaxing)
 .ARM.exidx.text._ZNKSt9exception4whatEv
                0x0000996c        0x0 c:/nxp/mcuxpressoide_10.2.1_795/ide/tools/bin/../lib/gcc/arm-none-eabi/7.2.1/../../../../arm-none-eabi/lib/thumb/v7-m\libstdc++.a(eh_exception.o)
                                  0x8 (size before relaxing)
 .ARM.exidx.text._ZNKSt13bad_exception4whatEv
                0x0000996c        0x0 c:/nxp/mcuxpressoide_10.2.1_795/ide/tools/bin/../lib/gcc/arm-none-eabi/7.2.1/../../../../arm-none-eabi/lib/thumb/v7-m\libstdc++.a(eh_exception.o)
                                  0x8 (size before relaxing)
 .ARM.exidx.text._ZNSt13bad_exceptionD0Ev
                0x0000996c        0x0 c:/nxp/mcuxpressoide_10.2.1_795/ide/tools/bin/../lib/gcc/arm-none-eabi/7.2.1/../../../../arm-none-eabi/lib/thumb/v7-m\libstdc++.a(eh_exception.o)
                                  0x8 (size before relaxing)
 .ARM.exidx.text._ZL28read_encoded_value_with_basehjPKhPj
                0x0000996c        0x8 c:/nxp/mcuxpressoide_10.2.1_795/ide/tools/bin/../lib/gcc/arm-none-eabi/7.2.1/../../../../arm-none-eabi/lib/thumb/v7-m\libstdc++.a(eh_personality.o)
 .ARM.exidx.text._ZL21base_of_encoded_valuehP15_Unwind_Context.part.3
                0x00009974        0x8 c:/nxp/mcuxpressoide_10.2.1_795/ide/tools/bin/../lib/gcc/arm-none-eabi/7.2.1/../../../../arm-none-eabi/lib/thumb/v7-m\libstdc++.a(eh_personality.o)
 .ARM.exidx.text._ZL17parse_lsda_headerP15_Unwind_ContextPKhP16lsda_header_info
                0x0000997c        0x8 c:/nxp/mcuxpressoide_10.2.1_795/ide/tools/bin/../lib/gcc/arm-none-eabi/7.2.1/../../../../arm-none-eabi/lib/thumb/v7-m\libstdc++.a(eh_personality.o)
 .ARM.exidx.text.__gxx_personality_v0
                0x00009984        0x8 c:/nxp/mcuxpressoide_10.2.1_795/ide/tools/bin/../lib/gcc/arm-none-eabi/7.2.1/../../../../arm-none-eabi/lib/thumb/v7-m\libstdc++.a(eh_personality.o)
 .ARM.exidx.text._ZN10__cxxabiv1L24__is_gxx_exception_classEPc
                0x0000998c        0x8 c:/nxp/mcuxpressoide_10.2.1_795/ide/tools/bin/../lib/gcc/arm-none-eabi/7.2.1/../../../../arm-none-eabi/lib/thumb/v7-m\libstdc++.a(eh_call.o)
 .ARM.exidx.text.__cxa_call_terminate
                0x00009994        0x0 c:/nxp/mcuxpressoide_10.2.1_795/ide/tools/bin/../lib/gcc/arm-none-eabi/7.2.1/../../../../arm-none-eabi/lib/thumb/v7-m\libstdc++.a(eh_call.o)
                                  0x8 (size before relaxing)
 .ARM.exidx.text.__cxa_call_unexpected