16:32:49 **** Incremental Build of configuration Debug for project Lab10_03_timer_command ****
make -r -j4 all 
Building file: ../src/DigitalIoPin.cpp
Building file: ../src/Fmutex.cpp
Building file: ../src/ITM_write.c
Building file: ../src/Lab10_03_timer_command.cpp
Invoking: MCU C Compiler
Invoking: MCU C++ Compiler
Invoking: MCU C++ Compiler
Invoking: MCU C++ Compiler
arm-none-eabi-c++ -std=c++11 -D__NEWLIB__ -DDEBUG -D__CODE_RED -DCORE_M3 -D__USE_LPCOPEN -DCPP_USE_HEAP -D__LPC15XX__ -I"C:\Users\Usin\Desktop\Projects\ARM-Processors-Project\Lab10_03_timer_command\inc" -I"C:\Users\Usin\Desktop\Projects\ARM-Processors-Project\lpc_board_nxp_lpcxpresso_1549\inc" -I"C:\Users\Usin\Desktop\Projects\ARM-Processors-Project\lpc_chip_15xx\inc" -I"C:\Users\Usin\Desktop\Projects\ARM-Processors-Project\lpc_chip_15xx\inc\usbd" -I"C:\Users\Usin\Desktop\Projects\ARM-Processors-Project\FreeRTOS\inc" -I"C:\Users\Usin\Desktop\Projects\ARM-Processors-Project\FreeRTOS\src\include" -I"C:\Users\Usin\Desktop\Projects\ARM-Processors-Project\FreeRTOS\src\portable\GCC\ARM_CM3" -I"C:\Users\Usin\Desktop\Projects\ARM-Processors-Project\lpc_chip_15xx\inc\usbd" -O0 -fno-common -g3 -Wall -c -fmessage-length=0 -fno-builtin -ffunction-sections -fdata-sections -fno-rtti -fno-exceptions -mcpu=cortex-m3 -mthumb -MMD -MP -MF"src/DigitalIoPin.d" -MT"src/DigitalIoPin.o" -MT"src/DigitalIoPin.d" -o "src/DigitalIoPin.o" "../src/DigitalIoPin.cpp"
arm-none-eabi-c++ -std=c++11 -D__NEWLIB__ -DDEBUG -D__CODE_RED -DCORE_M3 -D__USE_LPCOPEN -DCPP_USE_HEAP -D__LPC15XX__ -I"C:\Users\Usin\Desktop\Projects\ARM-Processors-Project\Lab10_03_timer_command\inc" -I"C:\Users\Usin\Desktop\Projects\ARM-Processors-Project\lpc_board_nxp_lpcxpresso_1549\inc" -I"C:\Users\Usin\Desktop\Projects\ARM-Processors-Project\lpc_chip_15xx\inc" -I"C:\Users\Usin\Desktop\Projects\ARM-Processors-Project\lpc_chip_15xx\inc\usbd" -I"C:\Users\Usin\Desktop\Projects\ARM-Processors-Project\FreeRTOS\inc" -I"C:\Users\Usin\Desktop\Projects\ARM-Processors-Project\FreeRTOS\src\include" -I"C:\Users\Usin\Desktop\Projects\ARM-Processors-Project\FreeRTOS\src\portable\GCC\ARM_CM3" -I"C:\Users\Usin\Desktop\Projects\ARM-Processors-Project\lpc_chip_15xx\inc\usbd" -O0 -fno-common -g3 -Wall -c -fmessage-length=0 -fno-builtin -ffunction-sections -fdata-sections -fno-rtti -fno-exceptions -mcpu=cortex-m3 -mthumb -MMD -MP -MF"src/Lab10_03_timer_command.d" -MT"src/Lab10_03_timer_command.o" -MT"src/Lab10_03_timer_command.d" -o "src/Lab10_03_timer_command.o" "../src/Lab10_03_timer_command.cpp"
arm-none-eabi-c++ -std=c++11 -D__NEWLIB__ -DDEBUG -D__CODE_RED -DCORE_M3 -D__USE_LPCOPEN -DCPP_USE_HEAP -D__LPC15XX__ -I"C:\Users\Usin\Desktop\Projects\ARM-Processors-Project\Lab10_03_timer_command\inc" -I"C:\Users\Usin\Desktop\Projects\ARM-Processors-Project\lpc_board_nxp_lpcxpresso_1549\inc" -I"C:\Users\Usin\Desktop\Projects\ARM-Processors-Project\lpc_chip_15xx\inc" -I"C:\Users\Usin\Desktop\Projects\ARM-Processors-Project\lpc_chip_15xx\inc\usbd" -I"C:\Users\Usin\Desktop\Projects\ARM-Processors-Project\FreeRTOS\inc" -I"C:\Users\Usin\Desktop\Projects\ARM-Processors-Project\FreeRTOS\src\include" -I"C:\Users\Usin\Desktop\Projects\ARM-Processors-Project\FreeRTOS\src\portable\GCC\ARM_CM3" -I"C:\Users\Usin\Desktop\Projects\ARM-Processors-Project\lpc_chip_15xx\inc\usbd" -O0 -fno-common -g3 -Wall -c -fmessage-length=0 -fno-builtin -ffunction-sections -fdata-sections -fno-rtti -fno-exceptions -mcpu=cortex-m3 -mthumb -MMD -MP -MF"src/Fmutex.d" -MT"src/Fmutex.o" -MT"src/Fmutex.d" -o "src/Fmutex.o" "../src/Fmutex.cpp"
arm-none-eabi-gcc -D__NEWLIB__ -DDEBUG -D__CODE_RED -DCORE_M3 -D__USE_LPCOPEN -DCPP_USE_HEAP -D__LPC15XX__ -I"C:\Users\Usin\Desktop\Projects\ARM-Processors-Project\Lab10_03_timer_command\inc" -I"C:\Users\Usin\Desktop\Projects\ARM-Processors-Project\lpc_board_nxp_lpcxpresso_1549\inc" -I"C:\Users\Usin\Desktop\Projects\ARM-Processors-Project\lpc_chip_15xx\inc" -I"C:\Users\Usin\Desktop\Projects\ARM-Processors-Project\lpc_chip_15xx\inc\usbd" -I"C:\Users\Usin\Desktop\Projects\ARM-Processors-Project\FreeRTOS\inc" -I"C:\Users\Usin\Desktop\Projects\ARM-Processors-Project\FreeRTOS\src\include" -I"C:\Users\Usin\Desktop\Projects\ARM-Processors-Project\FreeRTOS\src\portable\GCC\ARM_CM3" -O0 -fno-common -g3 -Wall -c -fmessage-length=0 -fno-builtin -ffunction-sections -fdata-sections -mcpu=cortex-m3 -mthumb -MMD -MP -MF"src/ITM_write.d" -MT"src/ITM_write.o" -MT"src/ITM_write.d" -o "src/ITM_write.o" "../src/ITM_write.c"
Finished building: ../src/ITM_write.c
 
Finished building: ../src/DigitalIoPin.cpp
Building file: ../src/cdc_desc.c
 
Finished building: ../src/Fmutex.cpp
Invoking: MCU C Compiler
arm-none-eabi-gcc -D__NEWLIB__ -DDEBUG -D__CODE_RED -DCORE_M3 -D__USE_LPCOPEN -DCPP_USE_HEAP -D__LPC15XX__ -I"C:\Users\Usin\Desktop\Projects\ARM-Processors-Project\Lab10_03_timer_command\inc" -I"C:\Users\Usin\Desktop\Projects\ARM-Processors-Project\lpc_board_nxp_lpcxpresso_1549\inc" -I"C:\Users\Usin\Desktop\Projects\ARM-Processors-Project\lpc_chip_15xx\inc" -I"C:\Users\Usin\Desktop\Projects\ARM-Processors-Project\lpc_chip_15xx\inc\usbd" -I"C:\Users\Usin\Desktop\Projects\ARM-Processors-Project\FreeRTOS\inc" -I"C:\Users\Usin\Desktop\Projects\ARM-Processors-Project\FreeRTOS\src\include" -I"C:\Users\Usin\Desktop\Projects\ARM-Processors-Project\FreeRTOS\src\portable\GCC\ARM_CM3" -O0 -fno-common -g3 -Wall -c -fmessage-length=0 -fno-builtin -ffunction-sections -fdata-sections -mcpu=cortex-m3 -mthumb -MMD -MP -MF"src/cdc_desc.d" -MT"src/cdc_desc.o" -MT"src/cdc_desc.d" -o "src/cdc_desc.o" "../src/cdc_desc.c"
Building file: ../src/cdc_main.c
 
Invoking: MCU C Compiler
arm-none-eabi-gcc -D__NEWLIB__ -DDEBUG -D__CODE_RED -DCORE_M3 -D__USE_LPCOPEN -DCPP_USE_HEAP -D__LPC15XX__ -I"C:\Users\Usin\Desktop\Projects\ARM-Processors-Project\Lab10_03_timer_command\inc" -I"C:\Users\Usin\Desktop\Projects\ARM-Processors-Project\lpc_board_nxp_lpcxpresso_1549\inc" -I"C:\Users\Usin\Desktop\Projects\ARM-Processors-Project\lpc_chip_15xx\inc" -I"C:\Users\Usin\Desktop\Projects\ARM-Processors-Project\lpc_chip_15xx\inc\usbd" -I"C:\Users\Usin\Desktop\Projects\ARM-Processors-Project\FreeRTOS\inc" -I"C:\Users\Usin\Desktop\Projects\ARM-Processors-Project\FreeRTOS\src\include" -I"C:\Users\Usin\Desktop\Projects\ARM-Processors-Project\FreeRTOS\src\portable\GCC\ARM_CM3" -O0 -fno-common -g3 -Wall -c -fmessage-length=0 -fno-builtin -ffunction-sections -fdata-sections -mcpu=cortex-m3 -mthumb -MMD -MP -MF"src/cdc_main.d" -MT"src/cdc_main.o" -MT"src/cdc_main.d" -o "src/cdc_main.o" "../src/cdc_main.c"
Building file: ../src/cdc_vcom.c
Invoking: MCU C Compiler
arm-none-eabi-gcc -D__NEWLIB__ -DDEBUG -D__CODE_RED -DCORE_M3 -D__USE_LPCOPEN -DCPP_USE_HEAP -D__LPC15XX__ -I"C:\Users\Usin\Desktop\Projects\ARM-Processors-Project\Lab10_03_timer_command\inc" -I"C:\Users\Usin\Desktop\Projects\ARM-Processors-Project\lpc_board_nxp_lpcxpresso_1549\inc" -I"C:\Users\Usin\Desktop\Projects\ARM-Processors-Project\lpc_chip_15xx\inc" -I"C:\Users\Usin\Desktop\Projects\ARM-Processors-Project\lpc_chip_15xx\inc\usbd" -I"C:\Users\Usin\Desktop\Projects\ARM-Processors-Project\FreeRTOS\inc" -I"C:\Users\Usin\Desktop\Projects\ARM-Processors-Project\FreeRTOS\src\include" -I"C:\Users\Usin\Desktop\Projects\ARM-Processors-Project\FreeRTOS\src\portable\GCC\ARM_CM3" -O0 -fno-common -g3 -Wall -c -fmessage-length=0 -fno-builtin -ffunction-sections -fdata-sections -mcpu=cortex-m3 -mthumb -MMD -MP -MF"src/cdc_vcom.d" -MT"src/cdc_vcom.o" -MT"src/cdc_vcom.d" -o "src/cdc_vcom.o" "../src/cdc_vcom.c"
In file included from C:\Users\Usin\Desktop\Projects\ARM-Processors-Project\lpc_board_nxp_lpcxpresso_1549\inc/board.h:105:0,
                 from ../src/Lab10_03_timer_command.cpp:15:
../src/Lab10_03_timer_command.cpp: In function 'void task1(void*)':
C:\Users\Usin\Desktop\Projects\ARM-Processors-Project\lpc_board_nxp_lpcxpresso_1549\inc/board_api.h:176:41: warning: too many arguments for format [-Wformat-extra-args]
 #define DEBUGOUT(...) printf(__VA_ARGS__)
                                         ^
../src/Lab10_03_timer_command.cpp:111:6: note: in expansion of macro 'DEBUGOUT'
      DEBUGOUT("Interval should be large than 0\r\n", number);
      ^~~~~~~~
Finished building: ../src/cdc_desc.c
 
Building file: ../src/cr_cpp_config.cpp
Invoking: MCU C++ Compiler
Finished building: ../src/Lab10_03_timer_command.cpp
arm-none-eabi-c++ -std=c++11 -D__NEWLIB__ -DDEBUG -D__CODE_RED -DCORE_M3 -D__USE_LPCOPEN -DCPP_USE_HEAP -D__LPC15XX__ -I"C:\Users\Usin\Desktop\Projects\ARM-Processors-Project\Lab10_03_timer_command\inc" -I"C:\Users\Usin\Desktop\Projects\ARM-Processors-Project\lpc_board_nxp_lpcxpresso_1549\inc" -I"C:\Users\Usin\Desktop\Projects\ARM-Processors-Project\lpc_chip_15xx\inc" -I"C:\Users\Usin\Desktop\Projects\ARM-Processors-Project\lpc_chip_15xx\inc\usbd" -I"C:\Users\Usin\Desktop\Projects\ARM-Processors-Project\FreeRTOS\inc" -I"C:\Users\Usin\Desktop\Projects\ARM-Processors-Project\FreeRTOS\src\include" -I"C:\Users\Usin\Desktop\Projects\ARM-Processors-Project\FreeRTOS\src\portable\GCC\ARM_CM3" -I"C:\Users\Usin\Desktop\Projects\ARM-Processors-Project\lpc_chip_15xx\inc\usbd" -O0 -fno-common -g3 -Wall -c -fmessage-length=0 -fno-builtin -ffunction-sections -fdata-sections -fno-rtti -fno-exceptions -mcpu=cortex-m3 -mthumb -MMD -MP -MF"src/cr_cpp_config.d" -MT"src/cr_cpp_config.o" -MT"src/cr_cpp_config.d" -o "src/cr_cpp_config.o" "../src/cr_cpp_config.cpp"
Finished building: ../src/cdc_main.c
 
Finished building: ../src/cdc_vcom.c
 
Building file: ../src/cr_startup_lpc15xx.cpp
 
Building file: ../src/crp.c
Invoking: MCU C++ Compiler
arm-none-eabi-c++ -std=c++11 -D__NEWLIB__ -DDEBUG -D__CODE_RED -DCORE_M3 -D__USE_LPCOPEN -DCPP_USE_HEAP -D__LPC15XX__ -I"C:\Users\Usin\Desktop\Projects\ARM-Processors-Project\Lab10_03_timer_command\inc" -I"C:\Users\Usin\Desktop\Projects\ARM-Processors-Project\lpc_board_nxp_lpcxpresso_1549\inc" -I"C:\Users\Usin\Desktop\Projects\ARM-Processors-Project\lpc_chip_15xx\inc" -I"C:\Users\Usin\Desktop\Projects\ARM-Processors-Project\lpc_chip_15xx\inc\usbd" -I"C:\Users\Usin\Desktop\Projects\ARM-Processors-Project\FreeRTOS\inc" -I"C:\Users\Usin\Desktop\Projects\ARM-Processors-Project\FreeRTOS\src\include" -I"C:\Users\Usin\Desktop\Projects\ARM-Processors-Project\FreeRTOS\src\portable\GCC\ARM_CM3" -I"C:\Users\Usin\Desktop\Projects\ARM-Processors-Project\lpc_chip_15xx\inc\usbd" -O0 -fno-common -g3 -Wall -c -fmessage-length=0 -fno-builtin -ffunction-sections -fdata-sections -fno-rtti -fno-exceptions -mcpu=cortex-m3 -mthumb -MMD -MP -MF"src/cr_startup_lpc15xx.d" -MT"src/cr_startup_lpc15xx.o" -MT"src/cr_startup_lpc15xx.d" -o "src/cr_startup_lpc15xx.o" "../src/cr_startup_lpc15xx.cpp"
Invoking: MCU C Compiler
Building file: ../src/sysinit.c
arm-none-eabi-gcc -D__NEWLIB__ -DDEBUG -D__CODE_RED -DCORE_M3 -D__USE_LPCOPEN -DCPP_USE_HEAP -D__LPC15XX__ -I"C:\Users\Usin\Desktop\Projects\ARM-Processors-Project\Lab10_03_timer_command\inc" -I"C:\Users\Usin\Desktop\Projects\ARM-Processors-Project\lpc_board_nxp_lpcxpresso_1549\inc" -I"C:\Users\Usin\Desktop\Projects\ARM-Processors-Project\lpc_chip_15xx\inc" -I"C:\Users\Usin\Desktop\Projects\ARM-Processors-Project\lpc_chip_15xx\inc\usbd" -I"C:\Users\Usin\Desktop\Projects\ARM-Processors-Project\FreeRTOS\inc" -I"C:\Users\Usin\Desktop\Projects\ARM-Processors-Project\FreeRTOS\src\include" -I"C:\Users\Usin\Desktop\Projects\ARM-Processors-Project\FreeRTOS\src\portable\GCC\ARM_CM3" -O0 -fno-common -g3 -Wall -c -fmessage-length=0 -fno-builtin -ffunction-sections -fdata-sections -mcpu=cortex-m3 -mthumb -MMD -MP -MF"src/crp.d" -MT"src/crp.o" -MT"src/crp.d" -o "src/crp.o" "../src/crp.c"
Invoking: MCU C Compiler
arm-none-eabi-gcc -D__NEWLIB__ -DDEBUG -D__CODE_RED -DCORE_M3 -D__USE_LPCOPEN -DCPP_USE_HEAP -D__LPC15XX__ -I"C:\Users\Usin\Desktop\Projects\ARM-Processors-Project\Lab10_03_timer_command\inc" -I"C:\Users\Usin\Desktop\Projects\ARM-Processors-Project\lpc_board_nxp_lpcxpresso_1549\inc" -I"C:\Users\Usin\Desktop\Projects\ARM-Processors-Project\lpc_chip_15xx\inc" -I"C:\Users\Usin\Desktop\Projects\ARM-Processors-Project\lpc_chip_15xx\inc\usbd" -I"C:\Users\Usin\Desktop\Projects\ARM-Processors-Project\FreeRTOS\inc" -I"C:\Users\Usin\Desktop\Projects\ARM-Processors-Project\FreeRTOS\src\include" -I"C:\Users\Usin\Desktop\Projects\ARM-Processors-Project\FreeRTOS\src\portable\GCC\ARM_CM3" -O0 -fno-common -g3 -Wall -c -fmessage-length=0 -fno-builtin -ffunction-sections -fdata-sections -mcpu=cortex-m3 -mthumb -MMD -MP -MF"src/sysinit.d" -MT"src/sysinit.o" -MT"src/sysinit.d" -o "src/sysinit.o" "../src/sysinit.c"
Finished building: ../src/cr_cpp_config.cpp
 
Finished building: ../src/cr_startup_lpc15xx.cpp
Finished building: ../src/crp.c
 
 
Finished building: ../src/sysinit.c
 
Building target: Lab10_03_timer_command.axf
Invoking: MCU C++ Linker
arm-none-eabi-c++ -nostdlib -L"C:\Users\Usin\Desktop\Projects\ARM-Processors-Project\lpc_board_nxp_lpcxpresso_1549\Debug" -L"C:\Users\Usin\Desktop\Projects\ARM-Processors-Project\lpc_chip_15xx\Debug" -L"C:\Users\Usin\Desktop\Projects\ARM-Processors-Project\FreeRTOS\Debug" -Xlinker -Map="Lab10_03_timer_command.map" -Xlinker --gc-sections -Xlinker -print-memory-usage -mcpu=cortex-m3 -mthumb -T "Lab09_03_watchdog_Debug.ld" -o "Lab10_03_timer_command.axf"  ./src/DigitalIoPin.o ./src/Fmutex.o ./src/ITM_write.o ./src/Lab10_03_timer_command.o ./src/cdc_desc.o ./src/cdc_main.o ./src/cdc_vcom.o ./src/cr_cpp_config.o ./src/cr_startup_lpc15xx.o ./src/crp.o ./src/sysinit.o   -lfreertos -llpc_board_nxp_lpcxpresso_1549 -llpc_chip_15xx -lFreeRTOS
Memory region         Used Size  Region Size  %age Used
       MFlash256:       59332 B       256 KB     22.63%
      Ram0_16_32:        3108 B        32 KB      9.48%
          Ram2_4:          0 GB         4 KB      0.00%
Finished building target: Lab10_03_timer_command.axf
 
make --no-print-directory post-build
Performing post-build steps
arm-none-eabi-size "Lab10_03_timer_command.axf"; # arm-none-eabi-objcopy -v -O binary "Lab10_03_timer_command.axf" "Lab10_03_timer_command.bin" ; # checksum -p LPC1549 -d "Lab10_03_timer_command.bin";
   text	   data	    bss	    dec	    hex	filename
  56856	   2476	    632	  59964	   ea3c	Lab10_03_timer_command.axf
 

16:32:52 Build Finished (took 3s.266ms)

