14:01:31 **** Build of configuration Debug for project usb_cdc ****
make -r -j4 all 
Building file: ../src/Fmutex.cpp
Building file: ../src/cdc_main.c
Building file: ../src/usb_cdc.cpp
Invoking: MCU C++ Compiler
arm-none-eabi-c++ -std=c++11 -D__NEWLIB__ -DDEBUG -D__CODE_RED -DCORE_M3 -D__USE_LPCOPEN -DCPP_USE_HEAP -D__LPC15XX__ -I"C:\Users\Usin\Desktop\Projects\ARM-Processors-Project\usb_cdc\inc" -I"C:\Users\Usin\Desktop\Projects\ARM-Processors-Project\lpc_board_nxp_lpcxpresso_1549\inc" -I"C:\Users\Usin\Desktop\Projects\ARM-Processors-Project\lpc_chip_15xx\inc" -I"C:\Users\Usin\Desktop\Projects\ARM-Processors-Project\lpc_chip_15xx\inc\usbd" -I"C:\Users\Usin\Desktop\Projects\ARM-Processors-Project\FreeRTOS\inc" -I"C:\Users\Usin\Desktop\Projects\ARM-Processors-Project\FreeRTOS\src\include" -I"C:\Users\Usin\Desktop\Projects\ARM-Processors-Project\FreeRTOS\src\portable\GCC\ARM_CM3" -O0 -fno-common -g3 -Wall -c -fmessage-length=0 -fno-builtin -ffunction-sections -fdata-sections -fno-rtti -fno-exceptions -mcpu=cortex-m3 -mthumb -MMD -MP -MF"src/Fmutex.d" -MT"src/Fmutex.o" -MT"src/Fmutex.d" -o "src/Fmutex.o" "../src/Fmutex.cpp"
Invoking: MCU C Compiler
arm-none-eabi-gcc -D__NEWLIB__ -DDEBUG -D__CODE_RED -DCORE_M3 -D__USE_LPCOPEN -DCPP_USE_HEAP -D__LPC15XX__ -I"C:\Users\Usin\Desktop\Projects\ARM-Processors-Project\usb_cdc\inc" -I"C:\Users\Usin\Desktop\Projects\ARM-Processors-Project\lpc_board_nxp_lpcxpresso_1549\inc" -I"C:\Users\Usin\Desktop\Projects\ARM-Processors-Project\lpc_chip_15xx\inc" -I"C:\Users\Usin\Desktop\Projects\ARM-Processors-Project\lpc_chip_15xx\inc\usbd" -I"C:\Users\Usin\Desktop\Projects\ARM-Processors-Project\FreeRTOS\inc" -I"C:\Users\Usin\Desktop\Projects\ARM-Processors-Project\FreeRTOS\src\include" -I"C:\Users\Usin\Desktop\Projects\ARM-Processors-Project\FreeRTOS\src\portable\GCC\ARM_CM3" -O0 -fno-common -g3 -Wall -c -fmessage-length=0 -fno-builtin -ffunction-sections -fdata-sections -mcpu=cortex-m3 -mthumb -MMD -MP -MF"src/cdc_main.d" -MT"src/cdc_main.o" -MT"src/cdc_main.d" -o "src/cdc_main.o" "../src/cdc_main.c"
Invoking: MCU C++ Compiler
arm-none-eabi-c++ -std=c++11 -D__NEWLIB__ -DDEBUG -D__CODE_RED -DCORE_M3 -D__USE_LPCOPEN -DCPP_USE_HEAP -D__LPC15XX__ -I"C:\Users\Usin\Desktop\Projects\ARM-Processors-Project\usb_cdc\inc" -I"C:\Users\Usin\Desktop\Projects\ARM-Processors-Project\lpc_board_nxp_lpcxpresso_1549\inc" -I"C:\Users\Usin\Desktop\Projects\ARM-Processors-Project\lpc_chip_15xx\inc" -I"C:\Users\Usin\Desktop\Projects\ARM-Processors-Project\lpc_chip_15xx\inc\usbd" -I"C:\Users\Usin\Desktop\Projects\ARM-Processors-Project\FreeRTOS\inc" -I"C:\Users\Usin\Desktop\Projects\ARM-Processors-Project\FreeRTOS\src\include" -I"C:\Users\Usin\Desktop\Projects\ARM-Processors-Project\FreeRTOS\src\portable\GCC\ARM_CM3" -O0 -fno-common -g3 -Wall -c -fmessage-length=0 -fno-builtin -ffunction-sections -fdata-sections -fno-rtti -fno-exceptions -mcpu=cortex-m3 -mthumb -MMD -MP -MF"src/usb_cdc.d" -MT"src/usb_cdc.o" -MT"src/usb_cdc.d" -o "src/usb_cdc.o" "../src/usb_cdc.cpp"
Finished building: ../src/Fmutex.cpp
 
Finished building: ../src/cdc_main.c
 
Finished building: ../src/usb_cdc.cpp
 
Building target: usb_cdc.axf
Invoking: MCU C++ Linker
arm-none-eabi-c++ -nostdlib -L"C:\Users\Usin\Desktop\Projects\ARM-Processors-Project\lpc_board_nxp_lpcxpresso_1549\Debug" -L"C:\Users\Usin\Desktop\Projects\ARM-Processors-Project\lpc_chip_15xx\Debug" -L"C:\Users\Usin\Desktop\Projects\ARM-Processors-Project\FreeRTOS\Debug" -Xlinker -Map="usb_cdc.map" -Xlinker --gc-sections -Xlinker -print-memory-usage -mcpu=cortex-m3 -mthumb -T "usb_cdc_Debug.ld" -o "usb_cdc.axf"  ./src/Fmutex.o ./src/ITM_write.o ./src/cdc_desc.o ./src/cdc_main.o ./src/cdc_vcom.o ./src/cr_cpp_config.o ./src/cr_startup_lpc15xx.o ./src/crp.o ./src/sysinit.o ./src/usb_cdc.o   -lfreertos -llpc_board_nxp_lpcxpresso_1549 -llpc_chip_15xx -lFreeRTOS
Memory region         Used Size  Region Size  %age Used
       MFlash256:       20264 B       256 KB      7.73%
      Ram0_16_32:        3804 B        32 KB     11.61%
          Ram2_4:          0 GB         4 KB      0.00%
Finished building target: usb_cdc.axf
 
make --no-print-directory post-build
Performing post-build steps
arm-none-eabi-size "usb_cdc.axf"; # arm-none-eabi-objcopy -v -O binary "usb_cdc.axf" "usb_cdc.bin" ; # checksum -p LPC1549 -d "usb_cdc.bin";
   text	   data	    bss	    dec	    hex	filename
  18072	   2192	   1612	  21876	   5574	usb_cdc.axf
 

14:01:34 Build Finished (took 2s.690ms)

